<html>
<body>
<pre>
<h1>µVision Build Log</h1>
<h2>Tool Versions:</h2>
IDE-Version: µVision V5.30.0.0
Copyright (C) 2020 ARM Ltd and ARM Germany GmbH. All rights reserved.
License Information: Szymon Mroczek, Simon Says Embedded, LIC=9N0UH-FHRRN-D6CW1-VNA58-62JWP-CHLZ1
 
Tool Versions:
Toolchain:       MDK-ARM Professional  Version: 5.30.0.0
Toolchain Path:  C:\Keil_v5\ARM\ARMCC\Bin
C Compiler:      Armcc.exe V5.06 update 6 (build 750)
Assembler:       Armasm.exe V5.06 update 6 (build 750)
Linker/Locator:  ArmLink.exe V5.06 update 6 (build 750)
Library Manager: ArmAr.exe V5.06 update 6 (build 750)
Hex Converter:   FromElf.exe V5.06 update 6 (build 750)
CPU DLL:         SARMCM3.DLL V5.30.0.0
Dialog DLL:      DARMCM1.DLL V1.19.3.0
Target DLL:      PEMicro\Pemicro_ArmCortexInterface.dll V1.3.0.0
Dialog DLL:      TARMCM1.DLL V1.14.2.0
 
<h2>Project:</h2>
E:\DAPLinkWc\projectfiles\uvision\kl26z_microbit_if\kl26z_microbit_if.uvprojx
Project File Date:  05/29/2020

<h2>Output:</h2>
*** Using Compiler 'V5.06 update 6 (build 750)', folder: 'C:\Keil_v5\ARM\ARMCC\Bin'
Build target 'kl26z_microbit_if'
Before Build - User command #1: ..\..\..\tools\pre_build_script.bat
Python 3.7.4
E:\DAPLinkWc\projectfiles\uvision\kl26z_microbit_if>python ..\..\..\tools\pre_build_script.py 
#> Pre-build script start
#> Getting git SHA
#> Checking for local changes
#> Keeping git version file since it didn't need to change
#> Pre-build script completed written ..\..\..\source\daplink\version_git.h
compiling vfs_nvm.c...
linking...
Program Size: Code=47156 RO-data=4868 RW-data=792 ZI-data=13780  
FromELF: creating hex file...
.\build\kl26z_microbit_if.hex: Warning: Q9931W: Your license for feature Keil will expire in 11 days
Finished: 0 information, 1 warning and 0 error messages.
After Build - User command #1: ..\..\..\tools\post_build_script.bat E:\DAPLinkWc\projectfiles\uvision\kl26z_microbit_if\build\kl26z_microbit_if C:\Keil_v5\ARM
Python 3.7.4
E:\DAPLinkWc\projectfiles\uvision\kl26z_microbit_if>fromelf --bin E:\DAPLinkWc\projectfiles\uvision\kl26z_microbit_if\build\kl26z_microbit_if.axf -o E:\DAPLinkWc\projectfiles\uvision\kl26z_microbit_if\build\kl26z_microbit_if.bin 
Warning: Q9931W: Your license for feature Keil will expire in 11 days
Finished: 0 information, 1 warning and 0 error messages.
E:\DAPLinkWc\projectfiles\uvision\kl26z_microbit_if>fromelf --i32 E:\DAPLinkWc\projectfiles\uvision\kl26z_microbit_if\build\kl26z_microbit_if.axf -o E:\DAPLinkWc\projectfiles\uvision\kl26z_microbit_if\build\kl26z_microbit_if.hex 
Warning: Q9931W: Your license for feature Keil will expire in 11 days
Finished: 0 information, 1 warning and 0 error messages.
E:\DAPLinkWc\projectfiles\uvision\kl26z_microbit_if>python ..\..\..\tools\post_compute_crc.py E:\DAPLinkWc\projectfiles\uvision\kl26z_microbit_if\build\kl26z_microbit_if.hex E:\DAPLinkWc\projectfiles\uvision\kl26z_microbit_if\build\kl26z_microbit_if_crc 
Start 0x8000, Length 0x17c00, CRC32 0xb721d10f
".\build\kl26z_microbit_if.axf" - 0 Error(s), 0 Warning(s).

<h2>Software Packages used:</h2>

Package Vendor: ARM
                http://www.keil.com/pack/ARM.CMSIS.5.7.0.pack
                ARM.CMSIS.5.7.0
                CMSIS (Cortex Microcontroller Software Interface Standard)
   * Component: CORE Version: 5.4.0

Package Vendor: NXP
                http://mcuxpresso.nxp.com/cmsis_pack/repo/NXP.MKL26Z4_DFP.10.0.3.pack
                NXP.MKL26Z4_DFP.10.0.3
                Device Family Pack for MKL26Z4

<h2>Collection of Component include folders:</h2>
  .\RTE\_kl26z_microbit_if
  C:\Users\Szymon\AppData\Local\Arm\Packs\ARM\CMSIS\5.7.0\CMSIS\Core\Include
  C:\Users\Szymon\AppData\Local\Arm\Packs\NXP\MKL26Z4_DFP\10.0.3

<h2>Collection of Component Files used:</h2>

   * Component: ARM::CMSIS:CORE:5.4.0
Build Time Elapsed:  00:00:02
</pre>
</body>
</html>
