<!doctype html public "-//w3c//dtd html 4.0 transitional//en">
<html><head>
<title>Static Call Graph - [.\build\kl26z_microbit_if.axf]</title></head>
<body><HR>
<H1>Static Call Graph for image .\build\kl26z_microbit_if.axf</H1><HR>
<BR><P>#&#060CALLGRAPH&#062# ARM Linker, 5060750: Last Updated: Fri Jun 19 10:45:44 2020
<BR><P>
<H3>Maximum Stack Usage =        552 bytes + Unknown(Functions without stacksize, Cycles, Untraceable Function Pointers)</H3><H3>
Call chain for Maximum Stack Depth:</H3>
main_task &rArr; usbd_init &rArr; usbd_class_init &rArr; usbd_msc_init &rArr; build_filesystem &rArr; vfs_user_build_filesystem &rArr; vfs_init &rArr; ffs_init &rArr; vfs_nvm_setup_FAT &rArr; IS25LP128F_write &rArr; IS25LP128F_read &rArr; IS25LP128F_is_busy &rArr; spi_shift
<P>
<H3>
Functions with no stack information
</H3><UL>
 <LI><a href="#[a3]">__user_initial_stackheap</a>
</UL>
</UL>
<P>
<H3>
Mutually Recursive functions
</H3> <LI><a href="#[e]">NMI_Handler</a>&nbsp;&nbsp;&nbsp;&rArr;&nbsp;&nbsp;&nbsp;<a href="#[e]">NMI_Handler</a><BR>
 <LI><a href="#[22]">ADC0_IRQHandler</a>&nbsp;&nbsp;&nbsp;&rArr;&nbsp;&nbsp;&nbsp;<a href="#[22]">ADC0_IRQHandler</a><BR>
 <LI><a href="#[1d3]">swd_set_target_reset</a>&nbsp;&nbsp;&nbsp;&rArr;&nbsp;&nbsp;&nbsp;<a href="#[1d2]">swd_init_debug</a><BR>
 <LI><a href="#[49]">os_idle_demon</a>&nbsp;&nbsp;&nbsp;&rArr;&nbsp;&nbsp;&nbsp;<a href="#[49]">os_idle_demon</a><BR>
</UL>
<P>
<H3>
Function Pointers
</H3><UL>
 <LI><a href="#[22]">ADC0_IRQHandler</a> from startup_mkl26z4.o(.text) referenced from startup_mkl26z4.o(RESET)
 <LI><a href="#[23]">CMP0_IRQHandler</a> from startup_mkl26z4.o(.text) referenced from startup_mkl26z4.o(RESET)
 <LI><a href="#[2c]">DAC0_IRQHandler</a> from startup_mkl26z4.o(.text) referenced from startup_mkl26z4.o(RESET)
 <LI><a href="#[13]">DMA0_IRQHandler</a> from startup_mkl26z4.o(.text) referenced from startup_mkl26z4.o(RESET)
 <LI><a href="#[14]">DMA1_IRQHandler</a> from startup_mkl26z4.o(.text) referenced from startup_mkl26z4.o(RESET)
 <LI><a href="#[15]">DMA2_IRQHandler</a> from startup_mkl26z4.o(.text) referenced from startup_mkl26z4.o(RESET)
 <LI><a href="#[16]">DMA3_IRQHandler</a> from startup_mkl26z4.o(.text) referenced from startup_mkl26z4.o(RESET)
 <LI><a href="#[18]">FTFA_IRQHandler</a> from startup_mkl26z4.o(.text) referenced from startup_mkl26z4.o(RESET)
 <LI><a href="#[f]">HardFault_Handler</a> from hardfault_handler.o(i.HardFault_Handler) referenced from startup_mkl26z4.o(RESET)
 <LI><a href="#[1b]">I2C0_IRQHandler</a> from startup_mkl26z4.o(.text) referenced from startup_mkl26z4.o(RESET)
 <LI><a href="#[1c]">I2C1_IRQHandler</a> from startup_mkl26z4.o(.text) referenced from startup_mkl26z4.o(RESET)
 <LI><a href="#[1a]">LLW_IRQHandler</a> from startup_mkl26z4.o(.text) referenced from startup_mkl26z4.o(RESET)
 <LI><a href="#[2f]">LPTimer_IRQHandler</a> from startup_mkl26z4.o(.text) referenced from startup_mkl26z4.o(RESET)
 <LI><a href="#[19]">LVD_LVW_IRQHandler</a> from startup_mkl26z4.o(.text) referenced from startup_mkl26z4.o(RESET)
 <LI><a href="#[2e]">MCG_IRQHandler</a> from startup_mkl26z4.o(.text) referenced from startup_mkl26z4.o(RESET)
 <LI><a href="#[e]">NMI_Handler</a> from startup_mkl26z4.o(.text) referenced from startup_mkl26z4.o(RESET)
 <LI><a href="#[29]">PIT_IRQHandler</a> from startup_mkl26z4.o(.text) referenced from startup_mkl26z4.o(RESET)
 <LI><a href="#[31]">PORTA_IRQHandler</a> from startup_mkl26z4.o(.text) referenced from startup_mkl26z4.o(RESET)
 <LI><a href="#[32]">PORTD_IRQHandler</a> from startup_mkl26z4.o(.text) referenced from startup_mkl26z4.o(RESET)
 <LI><a href="#[11]">PendSV_Handler</a> from hal_cm1.o(.emb_text) referenced from startup_mkl26z4.o(RESET)
 <LI><a href="#[27]">RTC_IRQHandler</a> from startup_mkl26z4.o(.text) referenced from startup_mkl26z4.o(RESET)
 <LI><a href="#[28]">RTC_Seconds_IRQHandler</a> from startup_mkl26z4.o(.text) referenced from startup_mkl26z4.o(RESET)
 <LI><a href="#[17]">Reserved20_IRQHandler</a> from startup_mkl26z4.o(.text) referenced from startup_mkl26z4.o(RESET)
 <LI><a href="#[2a]">Reserved39_IRQHandler</a> from startup_mkl26z4.o(.text) referenced from startup_mkl26z4.o(RESET)
 <LI><a href="#[30]">Reserved45_IRQHandler</a> from startup_mkl26z4.o(.text) referenced from startup_mkl26z4.o(RESET)
 <LI><a href="#[d]">Reset_Handler</a> from startup_mkl26z4.o(.text) referenced from startup_mkl26z4.o(RESET)
 <LI><a href="#[1d]">SPI0_IRQHandler</a> from startup_mkl26z4.o(.text) referenced from startup_mkl26z4.o(RESET)
 <LI><a href="#[1e]">SPI1_IRQHandler</a> from startup_mkl26z4.o(.text) referenced from startup_mkl26z4.o(RESET)
 <LI><a href="#[10]">SVC_Handler</a> from hal_cm1.o(.emb_text) referenced from startup_mkl26z4.o(RESET)
 <LI><a href="#[12]">SysTick_Handler</a> from hal_cm1.o(.emb_text) referenced from startup_mkl26z4.o(RESET)
 <LI><a href="#[35]">SystemInit</a> from system_mkl26z4.o(i.SystemInit) referenced from startup_mkl26z4.o(.text)
 <LI><a href="#[24]">TPM0_IRQHandler</a> from startup_mkl26z4.o(.text) referenced from startup_mkl26z4.o(RESET)
 <LI><a href="#[25]">TPM1_IRQHandler</a> from startup_mkl26z4.o(.text) referenced from startup_mkl26z4.o(RESET)
 <LI><a href="#[26]">TPM2_IRQHandler</a> from startup_mkl26z4.o(.text) referenced from startup_mkl26z4.o(RESET)
 <LI><a href="#[2d]">TSI0_IRQHandler</a> from startup_mkl26z4.o(.text) referenced from startup_mkl26z4.o(RESET)
 <LI><a href="#[1f]">UART0_IRQHandler</a> from startup_mkl26z4.o(.text) referenced from startup_mkl26z4.o(RESET)
 <LI><a href="#[20]">UART1_IRQHandler</a> from uart.o(i.UART1_IRQHandler) referenced from startup_mkl26z4.o(RESET)
 <LI><a href="#[21]">UART2_IRQHandler</a> from startup_mkl26z4.o(.text) referenced from startup_mkl26z4.o(RESET)
 <LI><a href="#[2b]">USB0_IRQHandler</a> from usbd_kinetis.o(i.USB0_IRQHandler) referenced from startup_mkl26z4.o(RESET)
 <LI><a href="#[79]">USBD_CDC_ACM_EP_BULK_Event</a> from usbd_cdc_acm.o(i.USBD_CDC_ACM_EP_BULK_Event) referenced from usb_config.o(.constdata)
 <LI><a href="#[78]">USBD_CDC_ACM_EP_INTIN_Event</a> from usbd_cdc_acm.o(i.USBD_CDC_ACM_EP_INTIN_Event) referenced from usb_config.o(.constdata)
 <LI><a href="#[7a]">USBD_Configure_Event</a> from usb_config.o(i.USBD_Configure_Event) referenced from usb_config.o(.constdata)
 <LI><a href="#[75]">USBD_EndPoint0</a> from usbd_core.o(i.USBD_EndPoint0) referenced from usb_config.o(.constdata)
 <LI><a href="#[76]">USBD_HID_EP_INT_Event</a> from usbd_hid.o(i.USBD_HID_EP_INT_Event) referenced from usb_config.o(.constdata)
 <LI><a href="#[77]">USBD_MSC_EP_BULK_Event</a> from usbd_msc.o(i.USBD_MSC_EP_BULK_Event) referenced from usb_config.o(.constdata)
 <LI><a href="#[73]">USBD_Reset_Event</a> from usb_config.o(i.USBD_Reset_Event) referenced from usb_config.o(.constdata)
 <LI><a href="#[74]">USBD_SOF_Event</a> from usb_config.o(i.USBD_SOF_Event) referenced from usb_config.o(.constdata)
 <LI><a href="#[7b]">__main</a> from __main.o(!!!main) referenced from startup_mkl26z4.o(.text)
 <LI><a href="#[8]">close_bin</a> from file_stream.o(i.close_bin) referenced 2 times from file_stream.o(.data)
 <LI><a href="#[c]">close_hex</a> from file_stream.o(i.close_hex) referenced 2 times from file_stream.o(.data)
 <LI><a href="#[5]">detect_bin</a> from file_stream.o(i.detect_bin) referenced 2 times from file_stream.o(.data)
 <LI><a href="#[9]">detect_hex</a> from file_stream.o(i.detect_hex) referenced 2 times from file_stream.o(.data)
 <LI><a href="#[64]">erase_chip</a> from iap_flash_intf.o(i.erase_chip) referenced from iap_flash_intf.o(.constdata)
 <LI><a href="#[63]">erase_sector</a> from iap_flash_intf.o(i.erase_sector) referenced from iap_flash_intf.o(.constdata)
 <LI><a href="#[66]">erase_sector_size</a> from iap_flash_intf.o(i.erase_sector_size) referenced from iap_flash_intf.o(.constdata)
 <LI><a href="#[50]">file_change_cb_stub</a> from virtual_fs.o(i.file_change_cb_stub) referenced from virtual_fs.o(i.vfs_init)
 <LI><a href="#[3e]">file_change_handler</a> from vfs_manager.o(i.file_change_handler) referenced from vfs_manager.o(i.build_filesystem)
 <LI><a href="#[39]">flash_cache_clear_command</a> from fsl_flash.o(i.flash_cache_clear_command) referenced from fsl_flash.o(i.FLASH_PrepareExecuteInRamFunctions)
 <LI><a href="#[3a]">flash_cache_clear_command_end</a> from fsl_flash.o(i.flash_cache_clear_command_end) referenced from fsl_flash.o(i.FLASH_PrepareExecuteInRamFunctions)
 <LI><a href="#[37]">flash_run_command</a> from fsl_flash.o(i.flash_run_command) referenced from fsl_flash.o(i.FLASH_PrepareExecuteInRamFunctions)
 <LI><a href="#[38]">flash_run_command_end</a> from fsl_flash.o(i.flash_run_command_end) referenced from fsl_flash.o(i.FLASH_PrepareExecuteInRamFunctions)
 <LI><a href="#[60]">init</a> from iap_flash_intf.o(i.init) referenced from iap_flash_intf.o(.constdata)
 <LI><a href="#[3f]">main_task</a> from main.o(i.main_task) referenced from main.o(i.main)
 <LI><a href="#[6]">open_bin</a> from file_stream.o(i.open_bin) referenced 2 times from file_stream.o(.data)
 <LI><a href="#[a]">open_hex</a> from file_stream.o(i.open_hex) referenced 2 times from file_stream.o(.data)
 <LI><a href="#[49]">os_idle_demon</a> from rtx_config.o(i.os_idle_demon) referenced from rt_task.o(i.rt_sys_init)
 <LI><a href="#[62]">program_page</a> from iap_flash_intf.o(i.program_page) referenced from iap_flash_intf.o(.constdata)
 <LI><a href="#[65]">program_page_min_size</a> from iap_flash_intf.o(i.program_page_min_size) referenced from iap_flash_intf.o(.constdata)
 <LI><a href="#[6a]">read_dir</a> from virtual_fs.o(i.read_dir) referenced from virtual_fs.o(.constdata)
 <LI><a href="#[69]">read_fat</a> from virtual_fs.o(i.read_fat) referenced 2 times from virtual_fs.o(.constdata)
 <LI><a href="#[56]">read_file_assert_txt</a> from vfs_user.o(i.read_file_assert_txt) referenced from vfs_user.o(i.vfs_user_build_filesystem)
 <LI><a href="#[52]">read_file_details_txt</a> from vfs_user.o(i.read_file_details_txt) referenced from vfs_user.o(i.vfs_user_build_filesystem)
 <LI><a href="#[55]">read_file_fail_txt</a> from vfs_user.o(i.read_file_fail_txt) referenced from vfs_user.o(i.vfs_user_build_filesystem)
 <LI><a href="#[53]">read_file_fldirreg_txt</a> from vfs_user.o(i.read_file_fldirreg_txt) referenced from vfs_user.o(i.vfs_user_build_filesystem)
 <LI><a href="#[54]">read_file_flfatreg_txt</a> from vfs_user.o(i.read_file_flfatreg_txt) referenced from vfs_user.o(i.vfs_user_build_filesystem)
 <LI><a href="#[51]">read_file_mbed_htm</a> from vfs_user.o(i.read_file_mbed_htm) referenced from vfs_user.o(i.vfs_user_build_filesystem)
 <LI><a href="#[57]">read_file_need_bl_txt</a> from vfs_user.o(i.read_file_need_bl_txt) referenced from vfs_user.o(i.vfs_user_build_filesystem)
 <LI><a href="#[6f]">read_flash_dir</a> from virtual_fs.o(i.read_flash_dir) referenced from virtual_fs.o(.constdata)
 <LI><a href="#[6d]">read_flash_fat</a> from virtual_fs.o(i.read_flash_fat) referenced 2 times from virtual_fs.o(.constdata)
 <LI><a href="#[71]">read_flash_file</a> from virtual_fs.o(i.read_flash_file) referenced from virtual_fs.o(.constdata)
 <LI><a href="#[6c]">read_flash_mbr</a> from virtual_fs.o(i.read_flash_mbr) referenced from virtual_fs.o(.constdata)
 <LI><a href="#[68]">read_mbr</a> from virtual_fs.o(i.read_mbr) referenced from virtual_fs.o(.constdata)
 <LI><a href="#[4d]">read_zero</a> from virtual_fs.o(i.read_zero) referenced from virtual_fs.o(i.vfs_create_file)
 <LI><a href="#[33]">rt_alloc_box</a> from rt_membox.o(i.rt_alloc_box) referenced from hal_cm1.o(.emb_text)
 <LI><a href="#[47]">rt_dly_wait</a> from rt_time.o(i.rt_dly_wait) referenced from main.o(i.main_task)
 <LI><a href="#[47]">rt_dly_wait</a> from rt_time.o(i.rt_dly_wait) referenced from swd_host.o(i.swd_init_debug)
 <LI><a href="#[47]">rt_dly_wait</a> from rt_time.o(i.rt_dly_wait) referenced from swd_host.o(i.swd_set_target_state_sw)
 <LI><a href="#[48]">rt_evt_clr</a> from rt_event.o(i.rt_evt_clr) referenced from main.o(i.main_task)
 <LI><a href="#[46]">rt_evt_get</a> from rt_event.o(i.rt_evt_get) referenced from main.o(i.main_task)
 <LI><a href="#[41]">rt_evt_set</a> from rt_event.o(i.rt_evt_set) referenced from main.o(i.main_cdc_send_event)
 <LI><a href="#[41]">rt_evt_set</a> from rt_event.o(i.rt_evt_set) referenced from main.o(i.main_reset_target)
 <LI><a href="#[41]">rt_evt_set</a> from rt_event.o(i.rt_evt_set) referenced from main.o(i.main_task)
 <LI><a href="#[41]">rt_evt_set</a> from rt_event.o(i.rt_evt_set) referenced from main.o(i.timer_task_30mS)
 <LI><a href="#[45]">rt_evt_wait</a> from rt_event.o(i.rt_evt_wait) referenced from main.o(i.main_task)
 <LI><a href="#[34]">rt_free_box</a> from rt_membox.o(i.rt_free_box) referenced from hal_cm1.o(.emb_text)
 <LI><a href="#[4a]">rt_itv_set</a> from rt_time.o(i.rt_itv_set) referenced from main.o(i.timer_task_30mS)
 <LI><a href="#[4b]">rt_itv_wait</a> from rt_time.o(i.rt_itv_wait) referenced from main.o(i.timer_task_30mS)
 <LI><a href="#[4c]">rt_mut_init</a> from rt_mutex.o(i.rt_mut_init) referenced from vfs_manager.o(i.usbd_msc_init)
 <LI><a href="#[3d]">rt_mut_release</a> from rt_mutex.o(i.rt_mut_release) referenced from rtx_config.o(i._mutex_release)
 <LI><a href="#[3d]">rt_mut_release</a> from rt_mutex.o(i.rt_mut_release) referenced from vfs_manager.o(i.file_change_handler)
 <LI><a href="#[3d]">rt_mut_release</a> from rt_mutex.o(i.rt_mut_release) referenced from vfs_manager.o(i.transfer_update_state)
 <LI><a href="#[3d]">rt_mut_release</a> from rt_mutex.o(i.rt_mut_release) referenced from vfs_manager.o(i.vfs_mngr_fs_enable)
 <LI><a href="#[3d]">rt_mut_release</a> from rt_mutex.o(i.rt_mut_release) referenced from vfs_manager.o(i.vfs_mngr_fs_remount)
 <LI><a href="#[3d]">rt_mut_release</a> from rt_mutex.o(i.rt_mut_release) referenced from vfs_manager.o(i.vfs_mngr_periodic)
 <LI><a href="#[3c]">rt_mut_wait</a> from rt_mutex.o(i.rt_mut_wait) referenced from rtx_config.o(i._mutex_acquire)
 <LI><a href="#[3c]">rt_mut_wait</a> from rt_mutex.o(i.rt_mut_wait) referenced from vfs_manager.o(i.file_change_handler)
 <LI><a href="#[3c]">rt_mut_wait</a> from rt_mutex.o(i.rt_mut_wait) referenced from vfs_manager.o(i.transfer_update_state)
 <LI><a href="#[3c]">rt_mut_wait</a> from rt_mutex.o(i.rt_mut_wait) referenced from vfs_manager.o(i.vfs_mngr_fs_enable)
 <LI><a href="#[3c]">rt_mut_wait</a> from rt_mutex.o(i.rt_mut_wait) referenced from vfs_manager.o(i.vfs_mngr_fs_remount)
 <LI><a href="#[3c]">rt_mut_wait</a> from rt_mutex.o(i.rt_mut_wait) referenced from vfs_manager.o(i.vfs_mngr_periodic)
 <LI><a href="#[40]">rt_sys_init</a> from rt_task.o(i.rt_sys_init) referenced from main.o(i.main)
 <LI><a href="#[3b]">rt_time_get</a> from rt_time.o(i.rt_time_get) referenced from usbd_user_cdc_acm.o(i.USBD_CDC_ACM_SendBreak)
 <LI><a href="#[44]">rt_tsk_create</a> from rt_task.o(i.rt_tsk_create) referenced from main.o(i.main_task)
 <LI><a href="#[42]">rt_tsk_self</a> from rt_task.o(i.rt_tsk_self) referenced from main.o(i.main_task)
 <LI><a href="#[42]">rt_tsk_self</a> from rt_task.o(i.rt_tsk_self) referenced from file_stream.o(i.stream_close)
 <LI><a href="#[42]">rt_tsk_self</a> from rt_task.o(i.rt_tsk_self) referenced from file_stream.o(i.stream_open)
 <LI><a href="#[42]">rt_tsk_self</a> from rt_task.o(i.rt_tsk_self) referenced from file_stream.o(i.stream_write)
 <LI><a href="#[42]">rt_tsk_self</a> from rt_task.o(i.rt_tsk_self) referenced from vfs_manager.o(i.sync_assert_usb_thread)
 <LI><a href="#[42]">rt_tsk_self</a> from rt_task.o(i.rt_tsk_self) referenced from vfs_manager.o(i.usbd_msc_init)
 <LI><a href="#[5f]">target_flash_busy</a> from target_flash.o(i.target_flash_busy) referenced 2 times from target_flash.o(.constdata)
 <LI><a href="#[5c]">target_flash_erase_chip</a> from target_flash.o(i.target_flash_erase_chip) referenced from target_flash.o(.constdata)
 <LI><a href="#[5b]">target_flash_erase_sector</a> from target_flash.o(i.target_flash_erase_sector) referenced from target_flash.o(.constdata)
 <LI><a href="#[5e]">target_flash_erase_sector_size</a> from target_flash.o(i.target_flash_erase_sector_size) referenced from target_flash.o(.constdata)
 <LI><a href="#[58]">target_flash_init</a> from target_flash.o(i.target_flash_init) referenced from target_flash.o(.constdata)
 <LI><a href="#[5a]">target_flash_program_page</a> from target_flash.o(i.target_flash_program_page) referenced from target_flash.o(.constdata)
 <LI><a href="#[5d]">target_flash_program_page_min_size</a> from target_flash.o(i.target_flash_program_page_min_size) referenced from target_flash.o(.constdata)
 <LI><a href="#[59]">target_flash_uninit</a> from target_flash.o(i.target_flash_uninit) referenced from target_flash.o(.constdata)
 <LI><a href="#[43]">timer_task_30mS</a> from main.o(i.timer_task_30mS) referenced from main.o(i.main_task)
 <LI><a href="#[61]">uninit</a> from iap_flash_intf.o(i.uninit) referenced from iap_flash_intf.o(.constdata)
 <LI><a href="#[4f]">vfs_strncmp</a> from virtual_fs.o(i.vfs_strncmp) referenced from virtual_fs.o(i.vfs_get_flash_names_srtd)
 <LI><a href="#[7]">write_bin</a> from file_stream.o(i.write_bin) referenced 2 times from file_stream.o(.data)
 <LI><a href="#[6b]">write_dir</a> from virtual_fs.o(i.write_dir) referenced from virtual_fs.o(.constdata)
 <LI><a href="#[70]">write_flash_dir</a> from virtual_fs.o(i.write_flash_dir) referenced from virtual_fs.o(.constdata)
 <LI><a href="#[6e]">write_flash_fat</a> from virtual_fs.o(i.write_flash_fat) referenced from virtual_fs.o(.constdata)
 <LI><a href="#[72]">write_flash_file</a> from virtual_fs.o(i.write_flash_file) referenced from virtual_fs.o(.constdata)
 <LI><a href="#[b]">write_hex</a> from file_stream.o(i.write_hex) referenced 2 times from file_stream.o(.data)
 <LI><a href="#[4e]">write_none</a> from virtual_fs.o(i.write_none) referenced 5 times from virtual_fs.o(.constdata)
 <LI><a href="#[4e]">write_none</a> from virtual_fs.o(i.write_none) referenced from virtual_fs.o(i.vfs_create_file)
</UL>
<P>
<H3>
Global Symbols
</H3>
<P><STRONG><a name="[7b]"></a>__main</STRONG> (Thumb, 8 bytes, Stack size 0 bytes, __main.o(!!!main))
<BR><BR>[Calls]<UL><LI><a href="#[7e]">&gt;&gt;</a>&nbsp;&nbsp;&nbsp;__scatterload
<LI><a href="#[7f]">&gt;&gt;</a>&nbsp;&nbsp;&nbsp;__rt_entry
</UL>

<P><STRONG><a name="[7e]"></a>__scatterload</STRONG> (Thumb, 0 bytes, Stack size unknown bytes, __scatter.o(!!!scatter))
<BR><BR>[Called By]<UL><LI><a href="#[7b]">&gt;&gt;</a>&nbsp;&nbsp;&nbsp;__main
</UL>

<P><STRONG><a name="[80]"></a>__scatterload_rt2</STRONG> (Thumb, 52 bytes, Stack size unknown bytes, __scatter.o(!!!scatter), UNUSED)
<BR><BR>[Calls]<UL><LI><a href="#[7f]">&gt;&gt;</a>&nbsp;&nbsp;&nbsp;__rt_entry
</UL>

<P><STRONG><a name="[200]"></a>__scatterload_rt2_thumb_only</STRONG> (Thumb, 0 bytes, Stack size unknown bytes, __scatter.o(!!!scatter), UNUSED)

<P><STRONG><a name="[201]"></a>__scatterload_null</STRONG> (Thumb, 0 bytes, Stack size unknown bytes, __scatter.o(!!!scatter), UNUSED)

<P><STRONG><a name="[202]"></a>__scatterload_zeroinit</STRONG> (Thumb, 28 bytes, Stack size unknown bytes, __scatter_zi.o(!!handler_zi), UNUSED)

<P><STRONG><a name="[84]"></a>__rt_lib_init</STRONG> (Thumb, 0 bytes, Stack size unknown bytes, libinit.o(.ARM.Collect$$libinit$$00000000))
<BR><BR>[Called By]<UL><LI><a href="#[83]">&gt;&gt;</a>&nbsp;&nbsp;&nbsp;__rt_entry_li
</UL>

<P><STRONG><a name="[203]"></a>__rt_lib_init_alloca_1</STRONG> (Thumb, 0 bytes, Stack size unknown bytes, libinit2.o(.ARM.Collect$$libinit$$0000002E))

<P><STRONG><a name="[204]"></a>__rt_lib_init_argv_1</STRONG> (Thumb, 0 bytes, Stack size unknown bytes, libinit2.o(.ARM.Collect$$libinit$$0000002C))

<P><STRONG><a name="[205]"></a>__rt_lib_init_atexit_1</STRONG> (Thumb, 0 bytes, Stack size unknown bytes, libinit2.o(.ARM.Collect$$libinit$$0000001B))

<P><STRONG><a name="[206]"></a>__rt_lib_init_clock_1</STRONG> (Thumb, 0 bytes, Stack size unknown bytes, libinit2.o(.ARM.Collect$$libinit$$00000021))

<P><STRONG><a name="[207]"></a>__rt_lib_init_cpp_1</STRONG> (Thumb, 0 bytes, Stack size unknown bytes, libinit2.o(.ARM.Collect$$libinit$$00000032))

<P><STRONG><a name="[208]"></a>__rt_lib_init_exceptions_1</STRONG> (Thumb, 0 bytes, Stack size unknown bytes, libinit2.o(.ARM.Collect$$libinit$$00000030))

<P><STRONG><a name="[209]"></a>__rt_lib_init_fp_1</STRONG> (Thumb, 0 bytes, Stack size unknown bytes, libinit2.o(.ARM.Collect$$libinit$$00000002))

<P><STRONG><a name="[20a]"></a>__rt_lib_init_fp_trap_1</STRONG> (Thumb, 0 bytes, Stack size unknown bytes, libinit2.o(.ARM.Collect$$libinit$$0000001F))

<P><STRONG><a name="[20b]"></a>__rt_lib_init_getenv_1</STRONG> (Thumb, 0 bytes, Stack size unknown bytes, libinit2.o(.ARM.Collect$$libinit$$00000023))

<P><STRONG><a name="[20c]"></a>__rt_lib_init_heap_1</STRONG> (Thumb, 0 bytes, Stack size unknown bytes, libinit2.o(.ARM.Collect$$libinit$$0000000A))

<P><STRONG><a name="[20d]"></a>__rt_lib_init_lc_collate_1</STRONG> (Thumb, 0 bytes, Stack size unknown bytes, libinit2.o(.ARM.Collect$$libinit$$00000011))

<P><STRONG><a name="[20e]"></a>__rt_lib_init_lc_ctype_1</STRONG> (Thumb, 0 bytes, Stack size unknown bytes, libinit2.o(.ARM.Collect$$libinit$$00000013))

<P><STRONG><a name="[20f]"></a>__rt_lib_init_lc_monetary_1</STRONG> (Thumb, 0 bytes, Stack size unknown bytes, libinit2.o(.ARM.Collect$$libinit$$00000015))

<P><STRONG><a name="[210]"></a>__rt_lib_init_lc_numeric_1</STRONG> (Thumb, 0 bytes, Stack size unknown bytes, libinit2.o(.ARM.Collect$$libinit$$00000017))

<P><STRONG><a name="[211]"></a>__rt_lib_init_lc_time_1</STRONG> (Thumb, 0 bytes, Stack size unknown bytes, libinit2.o(.ARM.Collect$$libinit$$00000019))

<P><STRONG><a name="[212]"></a>__rt_lib_init_preinit_1</STRONG> (Thumb, 0 bytes, Stack size unknown bytes, libinit2.o(.ARM.Collect$$libinit$$00000004))

<P><STRONG><a name="[213]"></a>__rt_lib_init_rand_1</STRONG> (Thumb, 0 bytes, Stack size unknown bytes, libinit2.o(.ARM.Collect$$libinit$$0000000E))

<P><STRONG><a name="[214]"></a>__rt_lib_init_return</STRONG> (Thumb, 0 bytes, Stack size unknown bytes, libinit2.o(.ARM.Collect$$libinit$$00000033))

<P><STRONG><a name="[215]"></a>__rt_lib_init_signal_1</STRONG> (Thumb, 0 bytes, Stack size unknown bytes, libinit2.o(.ARM.Collect$$libinit$$0000001D))

<P><STRONG><a name="[216]"></a>__rt_lib_init_stdio_1</STRONG> (Thumb, 0 bytes, Stack size unknown bytes, libinit2.o(.ARM.Collect$$libinit$$00000025))

<P><STRONG><a name="[217]"></a>__rt_lib_init_user_alloc_1</STRONG> (Thumb, 0 bytes, Stack size unknown bytes, libinit2.o(.ARM.Collect$$libinit$$0000000C))

<P><STRONG><a name="[89]"></a>__rt_lib_shutdown</STRONG> (Thumb, 0 bytes, Stack size unknown bytes, libshutdown.o(.ARM.Collect$$libshutdown$$00000000))
<BR><BR>[Called By]<UL><LI><a href="#[88]">&gt;&gt;</a>&nbsp;&nbsp;&nbsp;__rt_exit_ls
<LI><a href="#[91]">&gt;&gt;</a>&nbsp;&nbsp;&nbsp;abort
</UL>

<P><STRONG><a name="[218]"></a>__rt_lib_shutdown_cpp_1</STRONG> (Thumb, 0 bytes, Stack size unknown bytes, libshutdown2.o(.ARM.Collect$$libshutdown$$00000002))

<P><STRONG><a name="[219]"></a>__rt_lib_shutdown_fp_trap_1</STRONG> (Thumb, 0 bytes, Stack size unknown bytes, libshutdown2.o(.ARM.Collect$$libshutdown$$00000007))

<P><STRONG><a name="[21a]"></a>__rt_lib_shutdown_heap_1</STRONG> (Thumb, 0 bytes, Stack size unknown bytes, libshutdown2.o(.ARM.Collect$$libshutdown$$0000000F))

<P><STRONG><a name="[21b]"></a>__rt_lib_shutdown_return</STRONG> (Thumb, 0 bytes, Stack size unknown bytes, libshutdown2.o(.ARM.Collect$$libshutdown$$00000010))

<P><STRONG><a name="[21c]"></a>__rt_lib_shutdown_signal_1</STRONG> (Thumb, 0 bytes, Stack size unknown bytes, libshutdown2.o(.ARM.Collect$$libshutdown$$0000000A))

<P><STRONG><a name="[21d]"></a>__rt_lib_shutdown_stdio_1</STRONG> (Thumb, 0 bytes, Stack size unknown bytes, libshutdown2.o(.ARM.Collect$$libshutdown$$00000004))

<P><STRONG><a name="[21e]"></a>__rt_lib_shutdown_user_alloc_1</STRONG> (Thumb, 0 bytes, Stack size unknown bytes, libshutdown2.o(.ARM.Collect$$libshutdown$$0000000C))

<P><STRONG><a name="[7f]"></a>__rt_entry</STRONG> (Thumb, 0 bytes, Stack size unknown bytes, __rtentry.o(.ARM.Collect$$rtentry$$00000000))
<BR><BR>[Called By]<UL><LI><a href="#[80]">&gt;&gt;</a>&nbsp;&nbsp;&nbsp;__scatterload_rt2
<LI><a href="#[7b]">&gt;&gt;</a>&nbsp;&nbsp;&nbsp;__main
</UL>

<P><STRONG><a name="[21f]"></a>__rt_entry_presh_1</STRONG> (Thumb, 0 bytes, Stack size unknown bytes, __rtentry2.o(.ARM.Collect$$rtentry$$00000002))

<P><STRONG><a name="[81]"></a>__rt_entry_sh</STRONG> (Thumb, 0 bytes, Stack size unknown bytes, __rtentry4.o(.ARM.Collect$$rtentry$$00000004))
<BR><BR>[Stack]<UL><LI>Max Depth = 8 + Unknown Stack Size
<LI>Call Chain = __rt_entry_sh &rArr; __user_setup_stackheap
</UL>
<BR>[Calls]<UL><LI><a href="#[82]">&gt;&gt;</a>&nbsp;&nbsp;&nbsp;__user_setup_stackheap
</UL>

<P><STRONG><a name="[83]"></a>__rt_entry_li</STRONG> (Thumb, 0 bytes, Stack size unknown bytes, __rtentry2.o(.ARM.Collect$$rtentry$$0000000A))
<BR><BR>[Calls]<UL><LI><a href="#[84]">&gt;&gt;</a>&nbsp;&nbsp;&nbsp;__rt_lib_init
</UL>

<P><STRONG><a name="[220]"></a>__rt_entry_postsh_1</STRONG> (Thumb, 0 bytes, Stack size unknown bytes, __rtentry2.o(.ARM.Collect$$rtentry$$00000009))

<P><STRONG><a name="[85]"></a>__rt_entry_main</STRONG> (Thumb, 0 bytes, Stack size unknown bytes, __rtentry2.o(.ARM.Collect$$rtentry$$0000000D))
<BR><BR>[Stack]<UL><LI>Max Depth = 8 + Unknown Stack Size
<LI>Call Chain = __rt_entry_main &rArr; main
</UL>
<BR>[Calls]<UL><LI><a href="#[86]">&gt;&gt;</a>&nbsp;&nbsp;&nbsp;main
<LI><a href="#[87]">&gt;&gt;</a>&nbsp;&nbsp;&nbsp;exit
</UL>

<P><STRONG><a name="[221]"></a>__rt_entry_postli_1</STRONG> (Thumb, 0 bytes, Stack size unknown bytes, __rtentry2.o(.ARM.Collect$$rtentry$$0000000C))

<P><STRONG><a name="[a5]"></a>__rt_exit</STRONG> (Thumb, 0 bytes, Stack size unknown bytes, rtexit.o(.ARM.Collect$$rtexit$$00000000))
<BR><BR>[Called By]<UL><LI><a href="#[87]">&gt;&gt;</a>&nbsp;&nbsp;&nbsp;exit
</UL>

<P><STRONG><a name="[88]"></a>__rt_exit_ls</STRONG> (Thumb, 0 bytes, Stack size unknown bytes, rtexit2.o(.ARM.Collect$$rtexit$$00000003))
<BR><BR>[Calls]<UL><LI><a href="#[89]">&gt;&gt;</a>&nbsp;&nbsp;&nbsp;__rt_lib_shutdown
</UL>

<P><STRONG><a name="[222]"></a>__rt_exit_prels_1</STRONG> (Thumb, 0 bytes, Stack size unknown bytes, rtexit2.o(.ARM.Collect$$rtexit$$00000002))

<P><STRONG><a name="[8a]"></a>__rt_exit_exit</STRONG> (Thumb, 0 bytes, Stack size unknown bytes, rtexit2.o(.ARM.Collect$$rtexit$$00000004))
<BR><BR>[Calls]<UL><LI><a href="#[8b]">&gt;&gt;</a>&nbsp;&nbsp;&nbsp;_sys_exit
</UL>

<P><STRONG><a name="[1bd]"></a>rt_set_PSP</STRONG> (Thumb, 6 bytes, Stack size 0 bytes, hal_cm1.o(.emb_text))
<BR><BR>[Called By]<UL><LI><a href="#[40]">&gt;&gt;</a>&nbsp;&nbsp;&nbsp;rt_sys_init
</UL>

<P><STRONG><a name="[223]"></a>rt_get_PSP</STRONG> (Thumb, 6 bytes, Stack size 0 bytes, hal_cm1.o(.emb_text), UNUSED)

<P><STRONG><a name="[192]"></a>os_set_env</STRONG> (Thumb, 32 bytes, Stack size 0 bytes, hal_cm1.o(.emb_text))
<BR><BR>[Called By]<UL><LI><a href="#[86]">&gt;&gt;</a>&nbsp;&nbsp;&nbsp;main
</UL>

<P><STRONG><a name="[224]"></a>_alloc_box</STRONG> (Thumb, 28 bytes, Stack size 0 bytes, hal_cm1.o(.emb_text), UNUSED)

<P><STRONG><a name="[225]"></a>_free_box</STRONG> (Thumb, 28 bytes, Stack size 0 bytes, hal_cm1.o(.emb_text), UNUSED)

<P><STRONG><a name="[10]"></a>SVC_Handler</STRONG> (Thumb, 152 bytes, Stack size 0 bytes, hal_cm1.o(.emb_text))
<BR><BR>[Stack]<UL><LI>Max Depth = 96<LI>Call Chain = SVC_Handler &rArr; rt_stk_check &rArr; os_error &rArr; _util_assert &rArr; config_ram_get_assert &rArr; __aeabi_memcpy
</UL>
<BR>[Calls]<UL><LI><a href="#[8c]">&gt;&gt;</a>&nbsp;&nbsp;&nbsp;rt_stk_check
</UL>
<BR>[Address Reference Count : 1]<UL><LI> startup_mkl26z4.o(RESET)
</UL>
<P><STRONG><a name="[11]"></a>PendSV_Handler</STRONG> (Thumb, 92 bytes, Stack size 0 bytes, hal_cm1.o(.emb_text))
<BR><BR>[Stack]<UL><LI>Max Depth = 128<LI>Call Chain = PendSV_Handler &rArr; rt_pop_req &rArr; rt_mbx_psh &rArr; os_error &rArr; _util_assert &rArr; config_ram_get_assert &rArr; __aeabi_memcpy
</UL>
<BR>[Calls]<UL><LI><a href="#[8c]">&gt;&gt;</a>&nbsp;&nbsp;&nbsp;rt_stk_check
<LI><a href="#[8d]">&gt;&gt;</a>&nbsp;&nbsp;&nbsp;rt_pop_req
</UL>
<BR>[Address Reference Count : 1]<UL><LI> startup_mkl26z4.o(RESET)
</UL>
<P><STRONG><a name="[12]"></a>SysTick_Handler</STRONG> (Thumb, 8 bytes, Stack size 0 bytes, hal_cm1.o(.emb_text))
<BR><BR>[Stack]<UL><LI>Max Depth = 24<LI>Call Chain = SysTick_Handler &rArr; rt_systick &rArr; rt_tmr_tick
</UL>
<BR>[Calls]<UL><LI><a href="#[8e]">&gt;&gt;</a>&nbsp;&nbsp;&nbsp;rt_systick
</UL>
<BR>[Address Reference Count : 1]<UL><LI> startup_mkl26z4.o(RESET)
</UL>
<P><STRONG><a name="[8f]"></a>OS_Tick_Handler</STRONG> (Thumb, 12 bytes, Stack size 0 bytes, hal_cm1.o(.emb_text), UNUSED)
<BR><BR>[Calls]<UL><LI><a href="#[8e]">&gt;&gt;</a>&nbsp;&nbsp;&nbsp;rt_systick
<LI><a href="#[90]">&gt;&gt;</a>&nbsp;&nbsp;&nbsp;os_tick_irqack
</UL>

<P><STRONG><a name="[97]"></a>__aeabi_memcpy4</STRONG> (Thumb, 56 bytes, Stack size 0 bytes, rt_memcpy.o(.emb_text))
<BR><BR>[Called By]<UL><LI><a href="#[16e]">&gt;&gt;</a>&nbsp;&nbsp;&nbsp;ffs_init
<LI><a href="#[1f7]">&gt;&gt;</a>&nbsp;&nbsp;&nbsp;vfs_init
<LI><a href="#[98]">&gt;&gt;</a>&nbsp;&nbsp;&nbsp;__aeabi_memmove4
<LI><a href="#[96]">&gt;&gt;</a>&nbsp;&nbsp;&nbsp;__aeabi_memcpy
</UL>

<P><STRONG><a name="[226]"></a>__aeabi_memcpy8</STRONG> (Thumb, 0 bytes, Stack size 0 bytes, rt_memcpy.o(.emb_text), UNUSED)

<P><STRONG><a name="[d]"></a>Reset_Handler</STRONG> (Thumb, 8 bytes, Stack size 0 bytes, startup_mkl26z4.o(.text))
<BR>[Address Reference Count : 1]<UL><LI> startup_mkl26z4.o(RESET)
</UL>
<P><STRONG><a name="[e]"></a>NMI_Handler</STRONG> (Thumb, 2 bytes, Stack size 0 bytes, startup_mkl26z4.o(.text))
<BR><BR>[Calls]<UL><LI><a href="#[e]">&gt;&gt;</a>&nbsp;&nbsp;&nbsp;NMI_Handler
</UL>
<BR>[Called By]<UL><LI><a href="#[e]">&gt;&gt;</a>&nbsp;&nbsp;&nbsp;NMI_Handler
</UL>
<BR>[Address Reference Count : 1]<UL><LI> startup_mkl26z4.o(RESET)
</UL>
<P><STRONG><a name="[22]"></a>ADC0_IRQHandler</STRONG> (Thumb, 0 bytes, Stack size 0 bytes, startup_mkl26z4.o(.text))
<BR><BR>[Calls]<UL><LI><a href="#[22]">&gt;&gt;</a>&nbsp;&nbsp;&nbsp;ADC0_IRQHandler
</UL>
<BR>[Called By]<UL><LI><a href="#[22]">&gt;&gt;</a>&nbsp;&nbsp;&nbsp;ADC0_IRQHandler
</UL>
<BR>[Address Reference Count : 1]<UL><LI> startup_mkl26z4.o(RESET)
</UL>
<P><STRONG><a name="[23]"></a>CMP0_IRQHandler</STRONG> (Thumb, 0 bytes, Stack size 0 bytes, startup_mkl26z4.o(.text))
<BR>[Address Reference Count : 1]<UL><LI> startup_mkl26z4.o(RESET)
</UL>
<P><STRONG><a name="[2c]"></a>DAC0_IRQHandler</STRONG> (Thumb, 0 bytes, Stack size 0 bytes, startup_mkl26z4.o(.text))
<BR>[Address Reference Count : 1]<UL><LI> startup_mkl26z4.o(RESET)
</UL>
<P><STRONG><a name="[13]"></a>DMA0_IRQHandler</STRONG> (Thumb, 0 bytes, Stack size 0 bytes, startup_mkl26z4.o(.text))
<BR>[Address Reference Count : 1]<UL><LI> startup_mkl26z4.o(RESET)
</UL>
<P><STRONG><a name="[14]"></a>DMA1_IRQHandler</STRONG> (Thumb, 0 bytes, Stack size 0 bytes, startup_mkl26z4.o(.text))
<BR>[Address Reference Count : 1]<UL><LI> startup_mkl26z4.o(RESET)
</UL>
<P><STRONG><a name="[15]"></a>DMA2_IRQHandler</STRONG> (Thumb, 0 bytes, Stack size 0 bytes, startup_mkl26z4.o(.text))
<BR>[Address Reference Count : 1]<UL><LI> startup_mkl26z4.o(RESET)
</UL>
<P><STRONG><a name="[16]"></a>DMA3_IRQHandler</STRONG> (Thumb, 0 bytes, Stack size 0 bytes, startup_mkl26z4.o(.text))
<BR>[Address Reference Count : 1]<UL><LI> startup_mkl26z4.o(RESET)
</UL>
<P><STRONG><a name="[227]"></a>DefaultISR</STRONG> (Thumb, 0 bytes, Stack size 0 bytes, startup_mkl26z4.o(.text), UNUSED)

<P><STRONG><a name="[18]"></a>FTFA_IRQHandler</STRONG> (Thumb, 0 bytes, Stack size 0 bytes, startup_mkl26z4.o(.text))
<BR>[Address Reference Count : 1]<UL><LI> startup_mkl26z4.o(RESET)
</UL>
<P><STRONG><a name="[1b]"></a>I2C0_IRQHandler</STRONG> (Thumb, 0 bytes, Stack size 0 bytes, startup_mkl26z4.o(.text))
<BR>[Address Reference Count : 1]<UL><LI> startup_mkl26z4.o(RESET)
</UL>
<P><STRONG><a name="[1c]"></a>I2C1_IRQHandler</STRONG> (Thumb, 0 bytes, Stack size 0 bytes, startup_mkl26z4.o(.text))
<BR>[Address Reference Count : 1]<UL><LI> startup_mkl26z4.o(RESET)
</UL>
<P><STRONG><a name="[1a]"></a>LLW_IRQHandler</STRONG> (Thumb, 0 bytes, Stack size 0 bytes, startup_mkl26z4.o(.text))
<BR>[Address Reference Count : 1]<UL><LI> startup_mkl26z4.o(RESET)
</UL>
<P><STRONG><a name="[2f]"></a>LPTimer_IRQHandler</STRONG> (Thumb, 0 bytes, Stack size 0 bytes, startup_mkl26z4.o(.text))
<BR>[Address Reference Count : 1]<UL><LI> startup_mkl26z4.o(RESET)
</UL>
<P><STRONG><a name="[19]"></a>LVD_LVW_IRQHandler</STRONG> (Thumb, 0 bytes, Stack size 0 bytes, startup_mkl26z4.o(.text))
<BR>[Address Reference Count : 1]<UL><LI> startup_mkl26z4.o(RESET)
</UL>
<P><STRONG><a name="[2e]"></a>MCG_IRQHandler</STRONG> (Thumb, 0 bytes, Stack size 0 bytes, startup_mkl26z4.o(.text))
<BR>[Address Reference Count : 1]<UL><LI> startup_mkl26z4.o(RESET)
</UL>
<P><STRONG><a name="[29]"></a>PIT_IRQHandler</STRONG> (Thumb, 0 bytes, Stack size 0 bytes, startup_mkl26z4.o(.text))
<BR>[Address Reference Count : 1]<UL><LI> startup_mkl26z4.o(RESET)
</UL>
<P><STRONG><a name="[31]"></a>PORTA_IRQHandler</STRONG> (Thumb, 0 bytes, Stack size 0 bytes, startup_mkl26z4.o(.text))
<BR>[Address Reference Count : 1]<UL><LI> startup_mkl26z4.o(RESET)
</UL>
<P><STRONG><a name="[32]"></a>PORTD_IRQHandler</STRONG> (Thumb, 0 bytes, Stack size 0 bytes, startup_mkl26z4.o(.text))
<BR>[Address Reference Count : 1]<UL><LI> startup_mkl26z4.o(RESET)
</UL>
<P><STRONG><a name="[27]"></a>RTC_IRQHandler</STRONG> (Thumb, 0 bytes, Stack size 0 bytes, startup_mkl26z4.o(.text))
<BR>[Address Reference Count : 1]<UL><LI> startup_mkl26z4.o(RESET)
</UL>
<P><STRONG><a name="[28]"></a>RTC_Seconds_IRQHandler</STRONG> (Thumb, 0 bytes, Stack size 0 bytes, startup_mkl26z4.o(.text))
<BR>[Address Reference Count : 1]<UL><LI> startup_mkl26z4.o(RESET)
</UL>
<P><STRONG><a name="[17]"></a>Reserved20_IRQHandler</STRONG> (Thumb, 0 bytes, Stack size 0 bytes, startup_mkl26z4.o(.text))
<BR>[Address Reference Count : 1]<UL><LI> startup_mkl26z4.o(RESET)
</UL>
<P><STRONG><a name="[2a]"></a>Reserved39_IRQHandler</STRONG> (Thumb, 0 bytes, Stack size 0 bytes, startup_mkl26z4.o(.text))
<BR>[Address Reference Count : 1]<UL><LI> startup_mkl26z4.o(RESET)
</UL>
<P><STRONG><a name="[30]"></a>Reserved45_IRQHandler</STRONG> (Thumb, 0 bytes, Stack size 0 bytes, startup_mkl26z4.o(.text))
<BR>[Address Reference Count : 1]<UL><LI> startup_mkl26z4.o(RESET)
</UL>
<P><STRONG><a name="[1d]"></a>SPI0_IRQHandler</STRONG> (Thumb, 0 bytes, Stack size 0 bytes, startup_mkl26z4.o(.text))
<BR>[Address Reference Count : 1]<UL><LI> startup_mkl26z4.o(RESET)
</UL>
<P><STRONG><a name="[1e]"></a>SPI1_IRQHandler</STRONG> (Thumb, 0 bytes, Stack size 0 bytes, startup_mkl26z4.o(.text))
<BR>[Address Reference Count : 1]<UL><LI> startup_mkl26z4.o(RESET)
</UL>
<P><STRONG><a name="[24]"></a>TPM0_IRQHandler</STRONG> (Thumb, 0 bytes, Stack size 0 bytes, startup_mkl26z4.o(.text))
<BR>[Address Reference Count : 1]<UL><LI> startup_mkl26z4.o(RESET)
</UL>
<P><STRONG><a name="[25]"></a>TPM1_IRQHandler</STRONG> (Thumb, 0 bytes, Stack size 0 bytes, startup_mkl26z4.o(.text))
<BR>[Address Reference Count : 1]<UL><LI> startup_mkl26z4.o(RESET)
</UL>
<P><STRONG><a name="[26]"></a>TPM2_IRQHandler</STRONG> (Thumb, 0 bytes, Stack size 0 bytes, startup_mkl26z4.o(.text))
<BR>[Address Reference Count : 1]<UL><LI> startup_mkl26z4.o(RESET)
</UL>
<P><STRONG><a name="[2d]"></a>TSI0_IRQHandler</STRONG> (Thumb, 0 bytes, Stack size 0 bytes, startup_mkl26z4.o(.text))
<BR>[Address Reference Count : 1]<UL><LI> startup_mkl26z4.o(RESET)
</UL>
<P><STRONG><a name="[1f]"></a>UART0_IRQHandler</STRONG> (Thumb, 0 bytes, Stack size 0 bytes, startup_mkl26z4.o(.text))
<BR>[Address Reference Count : 1]<UL><LI> startup_mkl26z4.o(RESET)
</UL>
<P><STRONG><a name="[21]"></a>UART2_IRQHandler</STRONG> (Thumb, 0 bytes, Stack size 0 bytes, startup_mkl26z4.o(.text))
<BR>[Address Reference Count : 1]<UL><LI> startup_mkl26z4.o(RESET)
</UL>
<P><STRONG><a name="[a3]"></a>__user_initial_stackheap</STRONG> (Thumb, 0 bytes, Stack size unknown bytes, startup_mkl26z4.o(.text))
<BR><BR>[Called By]<UL><LI><a href="#[82]">&gt;&gt;</a>&nbsp;&nbsp;&nbsp;__user_setup_stackheap
</UL>

<P><STRONG><a name="[228]"></a>__user_libspace</STRONG> (Thumb, 8 bytes, Stack size 0 bytes, libspace.o(.text), UNUSED)

<P><STRONG><a name="[a2]"></a>__user_perproc_libspace</STRONG> (Thumb, 0 bytes, Stack size 0 bytes, libspace.o(.text))
<BR><BR>[Called By]<UL><LI><a href="#[82]">&gt;&gt;</a>&nbsp;&nbsp;&nbsp;__user_setup_stackheap
</UL>

<P><STRONG><a name="[91]"></a>abort</STRONG> (Thumb, 20 bytes, Stack size 8 bytes, abort.o(.text))
<BR><BR>[Stack]<UL><LI>Max Depth = 48 + Unknown Stack Size
<LI>Call Chain = abort &rArr; __rt_SIGABRT &rArr; __rt_SIGABRT_inner &rArr; __default_signal_display &rArr; _ttywrch
</UL>
<BR>[Calls]<UL><LI><a href="#[89]">&gt;&gt;</a>&nbsp;&nbsp;&nbsp;__rt_lib_shutdown
<LI><a href="#[92]">&gt;&gt;</a>&nbsp;&nbsp;&nbsp;__rt_SIGABRT
<LI><a href="#[8b]">&gt;&gt;</a>&nbsp;&nbsp;&nbsp;_sys_exit
</UL>
<BR>[Called By]<UL><LI><a href="#[c3]">&gt;&gt;</a>&nbsp;&nbsp;&nbsp;FLASH_PrepareExecuteInRamFunctions
</UL>

<P><STRONG><a name="[1e0]"></a>memcmp</STRONG> (Thumb, 90 bytes, Stack size 8 bytes, memcmp.o(.text))
<BR><BR>[Stack]<UL><LI>Max Depth = 8<LI>Call Chain = memcmp
</UL>
<BR>[Called By]<UL><LI><a href="#[5a]">&gt;&gt;</a>&nbsp;&nbsp;&nbsp;target_flash_program_page
<LI><a href="#[70]">&gt;&gt;</a>&nbsp;&nbsp;&nbsp;write_flash_dir
<LI><a href="#[6b]">&gt;&gt;</a>&nbsp;&nbsp;&nbsp;write_dir
<LI><a href="#[176]">&gt;&gt;</a>&nbsp;&nbsp;&nbsp;vfs_user_file_change_handler
<LI><a href="#[14d]">&gt;&gt;</a>&nbsp;&nbsp;&nbsp;vfs_user_build_filesystem
</UL>

<P><STRONG><a name="[af]"></a>strlen</STRONG> (Thumb, 62 bytes, Stack size 12 bytes, strlen.o(.text))
<BR><BR>[Stack]<UL><LI>Max Depth = 12<LI>Call Chain = strlen
</UL>
<BR>[Called By]<UL><LI><a href="#[a9]">&gt;&gt;</a>&nbsp;&nbsp;&nbsp;DAP_ProcessVendorCommand
<LI><a href="#[14a]">&gt;&gt;</a>&nbsp;&nbsp;&nbsp;config_ram_set_assert
<LI><a href="#[149]">&gt;&gt;</a>&nbsp;&nbsp;&nbsp;config_ram_get_assert
<LI><a href="#[18b]">&gt;&gt;</a>&nbsp;&nbsp;&nbsp;info_init
<LI><a href="#[57]">&gt;&gt;</a>&nbsp;&nbsp;&nbsp;read_file_need_bl_txt
<LI><a href="#[51]">&gt;&gt;</a>&nbsp;&nbsp;&nbsp;read_file_mbed_htm
<LI><a href="#[168]">&gt;&gt;</a>&nbsp;&nbsp;&nbsp;expand_info
</UL>

<P><STRONG><a name="[229]"></a>__I$use$semihosting</STRONG> (Thumb, 0 bytes, Stack size 0 bytes, use_no_semi.o(.text), UNUSED)

<P><STRONG><a name="[22a]"></a>__use_no_semihosting_swi</STRONG> (Thumb, 2 bytes, Stack size 0 bytes, use_no_semi.o(.text), UNUSED)

<P><STRONG><a name="[78]"></a>USBD_CDC_ACM_EP_INTIN_Event</STRONG> (Thumb, 2 bytes, Stack size 0 bytes, usbd_cdc_acm.o(i.USBD_CDC_ACM_EP_INTIN_Event))
<BR>[Address Reference Count : 1]<UL><LI> usb_config.o(.constdata)
</UL>
<P><STRONG><a name="[22b]"></a>__semihosting_library_function</STRONG> (Thumb, 0 bytes, Stack size 0 bytes, indicate_semi.o(.text), UNUSED)

<P><STRONG><a name="[95]"></a>qsort</STRONG> (Thumb, 136 bytes, Stack size 40 bytes, qsortnoex.o(.text))
<BR><BR>[Stack]<UL><LI>Max Depth = 344<LI>Call Chain = qsort &rArr; _partition_sort
</UL>
<BR>[Calls]<UL><LI><a href="#[93]">&gt;&gt;</a>&nbsp;&nbsp;&nbsp;_partition_sort
</UL>
<BR>[Called By]<UL><LI><a href="#[1c8]">&gt;&gt;</a>&nbsp;&nbsp;&nbsp;vfs_get_flash_names_srtd
</UL>

<P><STRONG><a name="[1c9]"></a>strncmp</STRONG> (Thumb, 154 bytes, Stack size 20 bytes, strncmp.o(.text))
<BR><BR>[Stack]<UL><LI>Max Depth = 20<LI>Call Chain = strncmp
</UL>
<BR>[Called By]<UL><LI><a href="#[70]">&gt;&gt;</a>&nbsp;&nbsp;&nbsp;write_flash_dir
<LI><a href="#[1c8]">&gt;&gt;</a>&nbsp;&nbsp;&nbsp;vfs_get_flash_names_srtd
<LI><a href="#[1c6]">&gt;&gt;</a>&nbsp;&nbsp;&nbsp;vfs_find_flash_file
<LI><a href="#[4f]">&gt;&gt;</a>&nbsp;&nbsp;&nbsp;vfs_strncmp
<LI><a href="#[179]">&gt;&gt;</a>&nbsp;&nbsp;&nbsp;stream_type_from_name
</UL>

<P><STRONG><a name="[120]"></a>strcat</STRONG> (Thumb, 24 bytes, Stack size 0 bytes, strcat.o(.text))
<BR><BR>[Called By]<UL><LI><a href="#[18b]">&gt;&gt;</a>&nbsp;&nbsp;&nbsp;info_init
<LI><a href="#[10c]">&gt;&gt;</a>&nbsp;&nbsp;&nbsp;USBD_EndPoint0_Setup_WebUSB_ReqToDevice
</UL>

<P><STRONG><a name="[96]"></a>__aeabi_memcpy</STRONG> (Thumb, 130 bytes, Stack size 24 bytes, rt_memcpy.o(.text))
<BR><BR>[Stack]<UL><LI>Max Depth = 24<LI>Call Chain = __aeabi_memcpy
</UL>
<BR>[Calls]<UL><LI><a href="#[97]">&gt;&gt;</a>&nbsp;&nbsp;&nbsp;__aeabi_memcpy4
</UL>
<BR>[Called By]<UL><LI><a href="#[189]">&gt;&gt;</a>&nbsp;&nbsp;&nbsp;usbd_hid_get_report_trigger
<LI><a href="#[124]">&gt;&gt;</a>&nbsp;&nbsp;&nbsp;usbd_hid_set_report
<LI><a href="#[122]">&gt;&gt;</a>&nbsp;&nbsp;&nbsp;usbd_hid_get_report
<LI><a href="#[a9]">&gt;&gt;</a>&nbsp;&nbsp;&nbsp;DAP_ProcessVendorCommand
<LI><a href="#[14a]">&gt;&gt;</a>&nbsp;&nbsp;&nbsp;config_ram_set_assert
<LI><a href="#[149]">&gt;&gt;</a>&nbsp;&nbsp;&nbsp;config_ram_get_assert
<LI><a href="#[157]">&gt;&gt;</a>&nbsp;&nbsp;&nbsp;config_init
<LI><a href="#[d5]">&gt;&gt;</a>&nbsp;&nbsp;&nbsp;IS25LP128F_write
<LI><a href="#[70]">&gt;&gt;</a>&nbsp;&nbsp;&nbsp;write_flash_dir
<LI><a href="#[1c8]">&gt;&gt;</a>&nbsp;&nbsp;&nbsp;vfs_get_flash_names_srtd
<LI><a href="#[6b]">&gt;&gt;</a>&nbsp;&nbsp;&nbsp;write_dir
<LI><a href="#[68]">&gt;&gt;</a>&nbsp;&nbsp;&nbsp;read_mbr
<LI><a href="#[6c]">&gt;&gt;</a>&nbsp;&nbsp;&nbsp;read_flash_mbr
<LI><a href="#[69]">&gt;&gt;</a>&nbsp;&nbsp;&nbsp;read_fat
<LI><a href="#[6a]">&gt;&gt;</a>&nbsp;&nbsp;&nbsp;read_dir
<LI><a href="#[1f7]">&gt;&gt;</a>&nbsp;&nbsp;&nbsp;vfs_init
<LI><a href="#[1f4]">&gt;&gt;</a>&nbsp;&nbsp;&nbsp;vfs_create_file
<LI><a href="#[57]">&gt;&gt;</a>&nbsp;&nbsp;&nbsp;read_file_need_bl_txt
<LI><a href="#[51]">&gt;&gt;</a>&nbsp;&nbsp;&nbsp;read_file_mbed_htm
<LI><a href="#[168]">&gt;&gt;</a>&nbsp;&nbsp;&nbsp;expand_info
<LI><a href="#[62]">&gt;&gt;</a>&nbsp;&nbsp;&nbsp;program_page
<LI><a href="#[186]">&gt;&gt;</a>&nbsp;&nbsp;&nbsp;flash_manager_data
<LI><a href="#[1a7]">&gt;&gt;</a>&nbsp;&nbsp;&nbsp;parse_hex_blob
<LI><a href="#[184]">&gt;&gt;</a>&nbsp;&nbsp;&nbsp;flash_decoder_write
<LI><a href="#[163]">&gt;&gt;</a>&nbsp;&nbsp;&nbsp;flash_decoder_detect_type
<LI><a href="#[7]">&gt;&gt;</a>&nbsp;&nbsp;&nbsp;write_bin
<LI><a href="#[c3]">&gt;&gt;</a>&nbsp;&nbsp;&nbsp;FLASH_PrepareExecuteInRamFunctions
<LI><a href="#[e6]">&gt;&gt;</a>&nbsp;&nbsp;&nbsp;USBD_CDC_ACM_DataSend
<LI><a href="#[e5]">&gt;&gt;</a>&nbsp;&nbsp;&nbsp;USBD_CDC_ACM_DataRead
<LI><a href="#[15c]">&gt;&gt;</a>&nbsp;&nbsp;&nbsp;program_cfg
<LI><a href="#[158]">&gt;&gt;</a>&nbsp;&nbsp;&nbsp;config_rom_init
<LI><a href="#[99]">&gt;&gt;</a>&nbsp;&nbsp;&nbsp;__aeabi_memmove
</UL>

<P><STRONG><a name="[22c]"></a>__rt_memcpy</STRONG> (Thumb, 0 bytes, Stack size 24 bytes, rt_memcpy.o(.text), UNUSED)

<P><STRONG><a name="[98]"></a>__aeabi_memmove4</STRONG> (Thumb, 70 bytes, Stack size 16 bytes, rt_memmove.o(.text))
<BR><BR>[Stack]<UL><LI>Max Depth = 16<LI>Call Chain = __aeabi_memmove4
</UL>
<BR>[Calls]<UL><LI><a href="#[97]">&gt;&gt;</a>&nbsp;&nbsp;&nbsp;__aeabi_memcpy4
</UL>
<BR>[Called By]<UL><LI><a href="#[99]">&gt;&gt;</a>&nbsp;&nbsp;&nbsp;__aeabi_memmove
</UL>

<P><STRONG><a name="[22d]"></a>__aeabi_memmove8</STRONG> (Thumb, 0 bytes, Stack size 16 bytes, rt_memmove.o(.text), UNUSED)

<P><STRONG><a name="[99]"></a>__aeabi_memmove</STRONG> (Thumb, 80 bytes, Stack size 24 bytes, rt_memmove.o(.text))
<BR><BR>[Stack]<UL><LI>Max Depth = 48<LI>Call Chain = __aeabi_memmove &rArr; __aeabi_memcpy
</UL>
<BR>[Calls]<UL><LI><a href="#[98]">&gt;&gt;</a>&nbsp;&nbsp;&nbsp;__aeabi_memmove4
<LI><a href="#[96]">&gt;&gt;</a>&nbsp;&nbsp;&nbsp;__aeabi_memcpy
</UL>
<BR>[Called By]<UL><LI><a href="#[168]">&gt;&gt;</a>&nbsp;&nbsp;&nbsp;expand_info
</UL>

<P><STRONG><a name="[22e]"></a>__rt_memmove</STRONG> (Thumb, 0 bytes, Stack size 24 bytes, rt_memmove.o(.text), UNUSED)

<P><STRONG><a name="[9a]"></a>__aeabi_memset</STRONG> (Thumb, 18 bytes, Stack size 8 bytes, aeabi_memset.o(.text))
<BR><BR>[Stack]<UL><LI>Max Depth = 8<LI>Call Chain = __aeabi_memset
</UL>
<BR>[Calls]<UL><LI><a href="#[9b]">&gt;&gt;</a>&nbsp;&nbsp;&nbsp;_memset
</UL>
<BR>[Called By]<UL><LI><a href="#[1e4]">&gt;&gt;</a>&nbsp;&nbsp;&nbsp;util_write_uint32_zp
<LI><a href="#[170]">&gt;&gt;</a>&nbsp;&nbsp;&nbsp;vfs_nvm_setup_FAT
<LI><a href="#[187]">&gt;&gt;</a>&nbsp;&nbsp;&nbsp;setup_next_sector
<LI><a href="#[17f]">&gt;&gt;</a>&nbsp;&nbsp;&nbsp;flash_manager_uninit
<LI><a href="#[185]">&gt;&gt;</a>&nbsp;&nbsp;&nbsp;flash_manager_init
<LI><a href="#[186]">&gt;&gt;</a>&nbsp;&nbsp;&nbsp;flash_manager_data
<LI><a href="#[1a7]">&gt;&gt;</a>&nbsp;&nbsp;&nbsp;parse_hex_blob
<LI><a href="#[183]">&gt;&gt;</a>&nbsp;&nbsp;&nbsp;flash_decoder_open
<LI><a href="#[15c]">&gt;&gt;</a>&nbsp;&nbsp;&nbsp;program_cfg
</UL>

<P><STRONG><a name="[9c]"></a>_memset_w</STRONG> (Thumb, 26 bytes, Stack size 0 bytes, rt_memclr.o(.text))
<BR><BR>[Called By]<UL><LI><a href="#[9e]">&gt;&gt;</a>&nbsp;&nbsp;&nbsp;__rt_memclr_w
<LI><a href="#[9b]">&gt;&gt;</a>&nbsp;&nbsp;&nbsp;_memset
</UL>

<P><STRONG><a name="[9b]"></a>_memset</STRONG> (Thumb, 30 bytes, Stack size 0 bytes, rt_memclr.o(.text))
<BR><BR>[Calls]<UL><LI><a href="#[9c]">&gt;&gt;</a>&nbsp;&nbsp;&nbsp;_memset_w
</UL>
<BR>[Called By]<UL><LI><a href="#[9d]">&gt;&gt;</a>&nbsp;&nbsp;&nbsp;__aeabi_memclr
<LI><a href="#[9a]">&gt;&gt;</a>&nbsp;&nbsp;&nbsp;__aeabi_memset
</UL>

<P><STRONG><a name="[9d]"></a>__aeabi_memclr</STRONG> (Thumb, 4 bytes, Stack size 0 bytes, rt_memclr.o(.text))
<BR><BR>[Calls]<UL><LI><a href="#[9b]">&gt;&gt;</a>&nbsp;&nbsp;&nbsp;_memset
</UL>
<BR>[Called By]<UL><LI><a href="#[14a]">&gt;&gt;</a>&nbsp;&nbsp;&nbsp;config_ram_set_assert
<LI><a href="#[149]">&gt;&gt;</a>&nbsp;&nbsp;&nbsp;config_ram_get_assert
<LI><a href="#[159]">&gt;&gt;</a>&nbsp;&nbsp;&nbsp;config_ram_clear_assert
<LI><a href="#[1a4]">&gt;&gt;</a>&nbsp;&nbsp;&nbsp;selectr_start_mode
<LI><a href="#[157]">&gt;&gt;</a>&nbsp;&nbsp;&nbsp;config_init
<LI><a href="#[18b]">&gt;&gt;</a>&nbsp;&nbsp;&nbsp;info_init
<LI><a href="#[4d]">&gt;&gt;</a>&nbsp;&nbsp;&nbsp;read_zero
<LI><a href="#[6a]">&gt;&gt;</a>&nbsp;&nbsp;&nbsp;read_dir
<LI><a href="#[1ab]">&gt;&gt;</a>&nbsp;&nbsp;&nbsp;update_details_txt_file
<LI><a href="#[51]">&gt;&gt;</a>&nbsp;&nbsp;&nbsp;read_file_mbed_htm
<LI><a href="#[1f1]">&gt;&gt;</a>&nbsp;&nbsp;&nbsp;vfs_read
<LI><a href="#[174]">&gt;&gt;</a>&nbsp;&nbsp;&nbsp;ffs_read
<LI><a href="#[60]">&gt;&gt;</a>&nbsp;&nbsp;&nbsp;init
<LI><a href="#[1a5]">&gt;&gt;</a>&nbsp;&nbsp;&nbsp;reset_hex_parser
<LI><a href="#[1a7]">&gt;&gt;</a>&nbsp;&nbsp;&nbsp;parse_hex_blob
<LI><a href="#[a]">&gt;&gt;</a>&nbsp;&nbsp;&nbsp;open_hex
</UL>

<P><STRONG><a name="[22f]"></a>__rt_memclr</STRONG> (Thumb, 0 bytes, Stack size 0 bytes, rt_memclr.o(.text), UNUSED)

<P><STRONG><a name="[146]"></a>__aeabi_memclr4</STRONG> (Thumb, 0 bytes, Stack size 0 bytes, rt_memclr.o(.text))
<BR><BR>[Called By]<UL><LI><a href="#[b8]">&gt;&gt;</a>&nbsp;&nbsp;&nbsp;stream_open
<LI><a href="#[1ca]">&gt;&gt;</a>&nbsp;&nbsp;&nbsp;swd_flash_syscall_exec
<LI><a href="#[18b]">&gt;&gt;</a>&nbsp;&nbsp;&nbsp;info_init
<LI><a href="#[170]">&gt;&gt;</a>&nbsp;&nbsp;&nbsp;vfs_nvm_setup_FAT
<LI><a href="#[172]">&gt;&gt;</a>&nbsp;&nbsp;&nbsp;vfs_nvm_setup_DIR
<LI><a href="#[16e]">&gt;&gt;</a>&nbsp;&nbsp;&nbsp;ffs_init
<LI><a href="#[1f7]">&gt;&gt;</a>&nbsp;&nbsp;&nbsp;vfs_init
<LI><a href="#[129]">&gt;&gt;</a>&nbsp;&nbsp;&nbsp;USBD_Reset
</UL>

<P><STRONG><a name="[230]"></a>__aeabi_memclr8</STRONG> (Thumb, 0 bytes, Stack size 0 bytes, rt_memclr.o(.text), UNUSED)

<P><STRONG><a name="[9e]"></a>__rt_memclr_w</STRONG> (Thumb, 4 bytes, Stack size 0 bytes, rt_memclr.o(.text), UNUSED)
<BR><BR>[Calls]<UL><LI><a href="#[9c]">&gt;&gt;</a>&nbsp;&nbsp;&nbsp;_memset_w
</UL>

<P><STRONG><a name="[231]"></a>__aeabi_uidiv</STRONG> (Thumb, 0 bytes, Stack size 0 bytes, aeabi_sdivfast.o(.text), UNUSED)

<P><STRONG><a name="[94]"></a>__aeabi_uidivmod</STRONG> (Thumb, 28 bytes, Stack size 0 bytes, aeabi_sdivfast.o(.text))
<BR><BR>[Called By]<UL><LI><a href="#[124]">&gt;&gt;</a>&nbsp;&nbsp;&nbsp;usbd_hid_set_report
<LI><a href="#[122]">&gt;&gt;</a>&nbsp;&nbsp;&nbsp;usbd_hid_get_report
<LI><a href="#[188]">&gt;&gt;</a>&nbsp;&nbsp;&nbsp;hid_send_packet
<LI><a href="#[a8]">&gt;&gt;</a>&nbsp;&nbsp;&nbsp;DAP_ProcessCommand
<LI><a href="#[1a9]">&gt;&gt;</a>&nbsp;&nbsp;&nbsp;util_write_uint32
<LI><a href="#[5b]">&gt;&gt;</a>&nbsp;&nbsp;&nbsp;target_flash_erase_sector
<LI><a href="#[128]">&gt;&gt;</a>&nbsp;&nbsp;&nbsp;USBD_Handler
<LI><a href="#[16e]">&gt;&gt;</a>&nbsp;&nbsp;&nbsp;ffs_init
<LI><a href="#[1f7]">&gt;&gt;</a>&nbsp;&nbsp;&nbsp;vfs_init
<LI><a href="#[1f4]">&gt;&gt;</a>&nbsp;&nbsp;&nbsp;vfs_create_file
<LI><a href="#[178]">&gt;&gt;</a>&nbsp;&nbsp;&nbsp;vfs_file_get_start_sector
<LI><a href="#[62]">&gt;&gt;</a>&nbsp;&nbsp;&nbsp;program_page
<LI><a href="#[63]">&gt;&gt;</a>&nbsp;&nbsp;&nbsp;erase_sector
<LI><a href="#[187]">&gt;&gt;</a>&nbsp;&nbsp;&nbsp;setup_next_sector
<LI><a href="#[186]">&gt;&gt;</a>&nbsp;&nbsp;&nbsp;flash_manager_data
<LI><a href="#[f4]">&gt;&gt;</a>&nbsp;&nbsp;&nbsp;uart_set_configuration
<LI><a href="#[be]">&gt;&gt;</a>&nbsp;&nbsp;&nbsp;flash_get_matched_operation_info
<LI><a href="#[bd]">&gt;&gt;</a>&nbsp;&nbsp;&nbsp;FLASH_VerifyErase
<LI><a href="#[bc]">&gt;&gt;</a>&nbsp;&nbsp;&nbsp;FLASH_Erase
<LI><a href="#[2b]">&gt;&gt;</a>&nbsp;&nbsp;&nbsp;USB0_IRQHandler
<LI><a href="#[93]">&gt;&gt;</a>&nbsp;&nbsp;&nbsp;_partition_sort
<LI><a href="#[131]">&gt;&gt;</a>&nbsp;&nbsp;&nbsp;USBD_MSC_MemoryWrite
<LI><a href="#[132]">&gt;&gt;</a>&nbsp;&nbsp;&nbsp;USBD_MSC_MemoryVerify
<LI><a href="#[136]">&gt;&gt;</a>&nbsp;&nbsp;&nbsp;USBD_MSC_MemoryRead
</UL>

<P><STRONG><a name="[232]"></a>__aeabi_idiv</STRONG> (Thumb, 0 bytes, Stack size 8 bytes, aeabi_sdivfast.o(.text), UNUSED)

<P><STRONG><a name="[233]"></a>__aeabi_idivmod</STRONG> (Thumb, 460 bytes, Stack size 8 bytes, aeabi_sdivfast.o(.text), UNUSED)

<P><STRONG><a name="[234]"></a>__use_two_region_memory</STRONG> (Thumb, 2 bytes, Stack size 0 bytes, heapauxi.o(.text), UNUSED)

<P><STRONG><a name="[235]"></a>__rt_heap_escrow$2region</STRONG> (Thumb, 2 bytes, Stack size 0 bytes, heapauxi.o(.text), UNUSED)

<P><STRONG><a name="[236]"></a>__rt_heap_expand$2region</STRONG> (Thumb, 2 bytes, Stack size 0 bytes, heapauxi.o(.text), UNUSED)

<P><STRONG><a name="[8b]"></a>_sys_exit</STRONG> (Thumb, 8 bytes, Stack size 0 bytes, sys_exit.o(.text))
<BR><BR>[Called By]<UL><LI><a href="#[8a]">&gt;&gt;</a>&nbsp;&nbsp;&nbsp;__rt_exit_exit
<LI><a href="#[a0]">&gt;&gt;</a>&nbsp;&nbsp;&nbsp;__sig_exit
<LI><a href="#[91]">&gt;&gt;</a>&nbsp;&nbsp;&nbsp;abort
</UL>

<P><STRONG><a name="[92]"></a>__rt_SIGABRT</STRONG> (Thumb, 12 bytes, Stack size 8 bytes, defsig_abrt_outer.o(.text))
<BR><BR>[Stack]<UL><LI>Max Depth = 40<LI>Call Chain = __rt_SIGABRT &rArr; __rt_SIGABRT_inner &rArr; __default_signal_display &rArr; _ttywrch
</UL>
<BR>[Calls]<UL><LI><a href="#[9f]">&gt;&gt;</a>&nbsp;&nbsp;&nbsp;__rt_SIGABRT_inner
<LI><a href="#[a0]">&gt;&gt;</a>&nbsp;&nbsp;&nbsp;__sig_exit
</UL>
<BR>[Called By]<UL><LI><a href="#[91]">&gt;&gt;</a>&nbsp;&nbsp;&nbsp;abort
</UL>

<P><STRONG><a name="[a0]"></a>__sig_exit</STRONG> (Thumb, 12 bytes, Stack size 8 bytes, defsig_exit.o(.text))
<BR><BR>[Stack]<UL><LI>Max Depth = 8<LI>Call Chain = __sig_exit
</UL>
<BR>[Calls]<UL><LI><a href="#[8b]">&gt;&gt;</a>&nbsp;&nbsp;&nbsp;_sys_exit
</UL>
<BR>[Called By]<UL><LI><a href="#[92]">&gt;&gt;</a>&nbsp;&nbsp;&nbsp;__rt_SIGABRT
</UL>

<P><STRONG><a name="[9f]"></a>__rt_SIGABRT_inner</STRONG> (Thumb, 14 bytes, Stack size 8 bytes, defsig_abrt_inner.o(.text))
<BR><BR>[Stack]<UL><LI>Max Depth = 32<LI>Call Chain = __rt_SIGABRT_inner &rArr; __default_signal_display &rArr; _ttywrch
</UL>
<BR>[Calls]<UL><LI><a href="#[a1]">&gt;&gt;</a>&nbsp;&nbsp;&nbsp;__default_signal_display
</UL>
<BR>[Called By]<UL><LI><a href="#[92]">&gt;&gt;</a>&nbsp;&nbsp;&nbsp;__rt_SIGABRT
</UL>

<P><STRONG><a name="[82]"></a>__user_setup_stackheap</STRONG> (Thumb, 62 bytes, Stack size 8 bytes, sys_stackheap_outer.o(.text))
<BR><BR>[Stack]<UL><LI>Max Depth = 8 + Unknown Stack Size
<LI>Call Chain = __user_setup_stackheap
</UL>
<BR>[Calls]<UL><LI><a href="#[a3]">&gt;&gt;</a>&nbsp;&nbsp;&nbsp;__user_initial_stackheap
<LI><a href="#[a2]">&gt;&gt;</a>&nbsp;&nbsp;&nbsp;__user_perproc_libspace
</UL>
<BR>[Called By]<UL><LI><a href="#[81]">&gt;&gt;</a>&nbsp;&nbsp;&nbsp;__rt_entry_sh
</UL>

<P><STRONG><a name="[87]"></a>exit</STRONG> (Thumb, 16 bytes, Stack size 8 bytes, exit.o(.text))
<BR><BR>[Stack]<UL><LI>Max Depth = 8 + Unknown Stack Size
<LI>Call Chain = exit
</UL>
<BR>[Calls]<UL><LI><a href="#[a5]">&gt;&gt;</a>&nbsp;&nbsp;&nbsp;__rt_exit
<LI><a href="#[a4]">&gt;&gt;</a>&nbsp;&nbsp;&nbsp;_call_atexit_fns (Weak Reference)
</UL>
<BR>[Called By]<UL><LI><a href="#[85]">&gt;&gt;</a>&nbsp;&nbsp;&nbsp;__rt_entry_main
</UL>

<P><STRONG><a name="[a1]"></a>__default_signal_display</STRONG> (Thumb, 52 bytes, Stack size 16 bytes, defsig_general.o(.text))
<BR><BR>[Stack]<UL><LI>Max Depth = 24<LI>Call Chain = __default_signal_display &rArr; _ttywrch
</UL>
<BR>[Calls]<UL><LI><a href="#[a6]">&gt;&gt;</a>&nbsp;&nbsp;&nbsp;_ttywrch
</UL>
<BR>[Called By]<UL><LI><a href="#[9f]">&gt;&gt;</a>&nbsp;&nbsp;&nbsp;__rt_SIGABRT_inner
</UL>

<P><STRONG><a name="[a6]"></a>_ttywrch</STRONG> (Thumb, 12 bytes, Stack size 8 bytes, sys_wrch.o(.text))
<BR><BR>[Stack]<UL><LI>Max Depth = 8<LI>Call Chain = _ttywrch
</UL>
<BR>[Called By]<UL><LI><a href="#[a1]">&gt;&gt;</a>&nbsp;&nbsp;&nbsp;__default_signal_display
</UL>

<P><STRONG><a name="[237]"></a>__decompress</STRONG> (Thumb, 0 bytes, Stack size unknown bytes, __dczerorl2.o(.text), UNUSED)

<P><STRONG><a name="[238]"></a>__decompress1</STRONG> (Thumb, 86 bytes, Stack size unknown bytes, __dczerorl2.o(.text), UNUSED)

<P><STRONG><a name="[a7]"></a>DAP_ExecuteCommand</STRONG> (Thumb, 56 bytes, Stack size 24 bytes, dap.o(i.DAP_ExecuteCommand))
<BR><BR>[Stack]<UL><LI>Max Depth = 264<LI>Call Chain = DAP_ExecuteCommand &rArr; DAP_ProcessCommand &rArr; DAP_ProcessVendorCommand &rArr; USBD_CDC_ACM_SendBreak &rArr; target_set_state &rArr; swd_set_target_state_sw &rArr; swd_init_debug &rArr; swd_set_target_reset &rArr;  swd_init_debug (Cycle)
</UL>
<BR>[Calls]<UL><LI><a href="#[a8]">&gt;&gt;</a>&nbsp;&nbsp;&nbsp;DAP_ProcessCommand
</UL>
<BR>[Called By]<UL><LI><a href="#[124]">&gt;&gt;</a>&nbsp;&nbsp;&nbsp;usbd_hid_set_report
</UL>

<P><STRONG><a name="[a8]"></a>DAP_ProcessCommand</STRONG> (Thumb, 1408 bytes, Stack size 40 bytes, dap.o(i.DAP_ProcessCommand))
<BR><BR>[Stack]<UL><LI>Max Depth = 240<LI>Call Chain = DAP_ProcessCommand &rArr; DAP_ProcessVendorCommand &rArr; USBD_CDC_ACM_SendBreak &rArr; target_set_state &rArr; swd_set_target_state_sw &rArr; swd_init_debug &rArr; swd_set_target_reset &rArr;  swd_init_debug (Cycle)
</UL>
<BR>[Calls]<UL><LI><a href="#[a9]">&gt;&gt;</a>&nbsp;&nbsp;&nbsp;DAP_ProcessVendorCommand
<LI><a href="#[ab]">&gt;&gt;</a>&nbsp;&nbsp;&nbsp;SWJ_Sequence
<LI><a href="#[ad]">&gt;&gt;</a>&nbsp;&nbsp;&nbsp;SWD_Transfer
<LI><a href="#[aa]">&gt;&gt;</a>&nbsp;&nbsp;&nbsp;__ARM_common_memcpy1_5
<LI><a href="#[ac]">&gt;&gt;</a>&nbsp;&nbsp;&nbsp;DAP_SWD_Transfer
<LI><a href="#[94]">&gt;&gt;</a>&nbsp;&nbsp;&nbsp;__aeabi_uidivmod
</UL>
<BR>[Called By]<UL><LI><a href="#[a7]">&gt;&gt;</a>&nbsp;&nbsp;&nbsp;DAP_ExecuteCommand
</UL>

<P><STRONG><a name="[a9]"></a>DAP_ProcessVendorCommand</STRONG> (Thumb, 298 bytes, Stack size 32 bytes, dap_vendor.o(i.DAP_ProcessVendorCommand))
<BR><BR>[Stack]<UL><LI>Max Depth = 200<LI>Call Chain = DAP_ProcessVendorCommand &rArr; USBD_CDC_ACM_SendBreak &rArr; target_set_state &rArr; swd_set_target_state_sw &rArr; swd_init_debug &rArr; swd_set_target_reset &rArr;  swd_init_debug (Cycle)
</UL>
<BR>[Calls]<UL><LI><a href="#[b4]">&gt;&gt;</a>&nbsp;&nbsp;&nbsp;uart_write_data
<LI><a href="#[b3]">&gt;&gt;</a>&nbsp;&nbsp;&nbsp;uart_read_data
<LI><a href="#[b7]">&gt;&gt;</a>&nbsp;&nbsp;&nbsp;target_set_state
<LI><a href="#[ba]">&gt;&gt;</a>&nbsp;&nbsp;&nbsp;stream_write
<LI><a href="#[b8]">&gt;&gt;</a>&nbsp;&nbsp;&nbsp;stream_open
<LI><a href="#[b9]">&gt;&gt;</a>&nbsp;&nbsp;&nbsp;stream_close
<LI><a href="#[b5]">&gt;&gt;</a>&nbsp;&nbsp;&nbsp;main_usb_set_test_mode
<LI><a href="#[ae]">&gt;&gt;</a>&nbsp;&nbsp;&nbsp;info_get_unique_id
<LI><a href="#[b6]">&gt;&gt;</a>&nbsp;&nbsp;&nbsp;config_get_auto_rst
<LI><a href="#[96]">&gt;&gt;</a>&nbsp;&nbsp;&nbsp;__aeabi_memcpy
<LI><a href="#[af]">&gt;&gt;</a>&nbsp;&nbsp;&nbsp;strlen
<LI><a href="#[b2]">&gt;&gt;</a>&nbsp;&nbsp;&nbsp;USBD_CDC_ACM_SendBreak
<LI><a href="#[b1]">&gt;&gt;</a>&nbsp;&nbsp;&nbsp;USBD_CDC_ACM_PortSetLineCoding
<LI><a href="#[b0]">&gt;&gt;</a>&nbsp;&nbsp;&nbsp;USBD_CDC_ACM_PortGetLineCoding
</UL>
<BR>[Called By]<UL><LI><a href="#[a8]">&gt;&gt;</a>&nbsp;&nbsp;&nbsp;DAP_ProcessCommand
</UL>

<P><STRONG><a name="[198]"></a>DAP_Setup</STRONG> (Thumb, 92 bytes, Stack size 4 bytes, dap.o(i.DAP_Setup))
<BR><BR>[Stack]<UL><LI>Max Depth = 4<LI>Call Chain = DAP_Setup
</UL>
<BR>[Called By]<UL><LI><a href="#[1d2]">&gt;&gt;</a>&nbsp;&nbsp;&nbsp;swd_init_debug
<LI><a href="#[1d1]">&gt;&gt;</a>&nbsp;&nbsp;&nbsp;swd_init
<LI><a href="#[3f]">&gt;&gt;</a>&nbsp;&nbsp;&nbsp;main_task
</UL>

<P><STRONG><a name="[bb]"></a>EraseSector</STRONG> (Thumb, 52 bytes, Stack size 16 bytes, flashprg.o(i.EraseSector))
<BR><BR>[Stack]<UL><LI>Max Depth = 104<LI>Call Chain = EraseSector &rArr; FLASH_VerifyErase &rArr; flash_get_matched_operation_info
</UL>
<BR>[Calls]<UL><LI><a href="#[bd]">&gt;&gt;</a>&nbsp;&nbsp;&nbsp;FLASH_VerifyErase
<LI><a href="#[bc]">&gt;&gt;</a>&nbsp;&nbsp;&nbsp;FLASH_Erase
</UL>
<BR>[Called By]<UL><LI><a href="#[165]">&gt;&gt;</a>&nbsp;&nbsp;&nbsp;flash_erase_sector
<LI><a href="#[15c]">&gt;&gt;</a>&nbsp;&nbsp;&nbsp;program_cfg
</UL>

<P><STRONG><a name="[bc]"></a>FLASH_Erase</STRONG> (Thumb, 134 bytes, Stack size 72 bytes, fsl_flash.o(i.FLASH_Erase))
<BR><BR>[Stack]<UL><LI>Max Depth = 88<LI>Call Chain = FLASH_Erase &rArr; flash_cache_clear
</UL>
<BR>[Calls]<UL><LI><a href="#[c1]">&gt;&gt;</a>&nbsp;&nbsp;&nbsp;flash_cache_clear
<LI><a href="#[be]">&gt;&gt;</a>&nbsp;&nbsp;&nbsp;flash_get_matched_operation_info
<LI><a href="#[c0]">&gt;&gt;</a>&nbsp;&nbsp;&nbsp;flash_command_sequence
<LI><a href="#[bf]">&gt;&gt;</a>&nbsp;&nbsp;&nbsp;flash_check_range
<LI><a href="#[94]">&gt;&gt;</a>&nbsp;&nbsp;&nbsp;__aeabi_uidivmod
</UL>
<BR>[Called By]<UL><LI><a href="#[bb]">&gt;&gt;</a>&nbsp;&nbsp;&nbsp;EraseSector
</UL>

<P><STRONG><a name="[c2]"></a>FLASH_Init</STRONG> (Thumb, 98 bytes, Stack size 16 bytes, fsl_flash.o(i.FLASH_Init))
<BR><BR>[Stack]<UL><LI>Max Depth = 80 + Unknown Stack Size
<LI>Call Chain = FLASH_Init &rArr; FLASH_PrepareExecuteInRamFunctions &rArr; abort &rArr; __rt_SIGABRT &rArr; __rt_SIGABRT_inner &rArr; __default_signal_display &rArr; _ttywrch
</UL>
<BR>[Calls]<UL><LI><a href="#[c3]">&gt;&gt;</a>&nbsp;&nbsp;&nbsp;FLASH_PrepareExecuteInRamFunctions
</UL>
<BR>[Called By]<UL><LI><a href="#[d7]">&gt;&gt;</a>&nbsp;&nbsp;&nbsp;Init
</UL>

<P><STRONG><a name="[c3]"></a>FLASH_PrepareExecuteInRamFunctions</STRONG> (Thumb, 98 bytes, Stack size 16 bytes, fsl_flash.o(i.FLASH_PrepareExecuteInRamFunctions))
<BR><BR>[Stack]<UL><LI>Max Depth = 64 + Unknown Stack Size
<LI>Call Chain = FLASH_PrepareExecuteInRamFunctions &rArr; abort &rArr; __rt_SIGABRT &rArr; __rt_SIGABRT_inner &rArr; __default_signal_display &rArr; _ttywrch
</UL>
<BR>[Calls]<UL><LI><a href="#[96]">&gt;&gt;</a>&nbsp;&nbsp;&nbsp;__aeabi_memcpy
<LI><a href="#[91]">&gt;&gt;</a>&nbsp;&nbsp;&nbsp;abort
</UL>
<BR>[Called By]<UL><LI><a href="#[c2]">&gt;&gt;</a>&nbsp;&nbsp;&nbsp;FLASH_Init
</UL>

<P><STRONG><a name="[c4]"></a>FLASH_Program</STRONG> (Thumb, 138 bytes, Stack size 72 bytes, fsl_flash.o(i.FLASH_Program))
<BR><BR>[Stack]<UL><LI>Max Depth = 88<LI>Call Chain = FLASH_Program &rArr; flash_cache_clear
</UL>
<BR>[Calls]<UL><LI><a href="#[c1]">&gt;&gt;</a>&nbsp;&nbsp;&nbsp;flash_cache_clear
<LI><a href="#[be]">&gt;&gt;</a>&nbsp;&nbsp;&nbsp;flash_get_matched_operation_info
<LI><a href="#[c0]">&gt;&gt;</a>&nbsp;&nbsp;&nbsp;flash_command_sequence
<LI><a href="#[bf]">&gt;&gt;</a>&nbsp;&nbsp;&nbsp;flash_check_range
</UL>
<BR>[Called By]<UL><LI><a href="#[da]">&gt;&gt;</a>&nbsp;&nbsp;&nbsp;ProgramPage
</UL>

<P><STRONG><a name="[bd]"></a>FLASH_VerifyErase</STRONG> (Thumb, 142 bytes, Stack size 80 bytes, fsl_flash.o(i.FLASH_VerifyErase))
<BR><BR>[Stack]<UL><LI>Max Depth = 88<LI>Call Chain = FLASH_VerifyErase &rArr; flash_get_matched_operation_info
</UL>
<BR>[Calls]<UL><LI><a href="#[be]">&gt;&gt;</a>&nbsp;&nbsp;&nbsp;flash_get_matched_operation_info
<LI><a href="#[c0]">&gt;&gt;</a>&nbsp;&nbsp;&nbsp;flash_command_sequence
<LI><a href="#[bf]">&gt;&gt;</a>&nbsp;&nbsp;&nbsp;flash_check_range
<LI><a href="#[94]">&gt;&gt;</a>&nbsp;&nbsp;&nbsp;__aeabi_uidivmod
</UL>
<BR>[Called By]<UL><LI><a href="#[bb]">&gt;&gt;</a>&nbsp;&nbsp;&nbsp;EraseSector
</UL>

<P><STRONG><a name="[c5]"></a>FLASH_VerifyProgram</STRONG> (Thumb, 130 bytes, Stack size 72 bytes, fsl_flash.o(i.FLASH_VerifyProgram))
<BR><BR>[Stack]<UL><LI>Max Depth = 80<LI>Call Chain = FLASH_VerifyProgram &rArr; flash_get_matched_operation_info
</UL>
<BR>[Calls]<UL><LI><a href="#[be]">&gt;&gt;</a>&nbsp;&nbsp;&nbsp;flash_get_matched_operation_info
<LI><a href="#[c0]">&gt;&gt;</a>&nbsp;&nbsp;&nbsp;flash_command_sequence
<LI><a href="#[bf]">&gt;&gt;</a>&nbsp;&nbsp;&nbsp;flash_check_range
</UL>
<BR>[Called By]<UL><LI><a href="#[da]">&gt;&gt;</a>&nbsp;&nbsp;&nbsp;ProgramPage
</UL>

<P><STRONG><a name="[f]"></a>HardFault_Handler</STRONG> (Thumb, 98 bytes, Stack size 0 bytes, hardfault_handler.o(i.HardFault_Handler))
<BR><BR>[Calls]<UL><LI><a href="#[c6]">&gt;&gt;</a>&nbsp;&nbsp;&nbsp;config_ram_add_hexdump
<LI><a href="#[c7]">&gt;&gt;</a>&nbsp;&nbsp;&nbsp;SystemReset
</UL>
<BR>[Address Reference Count : 1]<UL><LI> startup_mkl26z4.o(RESET)
</UL>
<P><STRONG><a name="[c8]"></a>IS25LP128F_delete_sector</STRONG> (Thumb, 90 bytes, Stack size 16 bytes, is25lp128f.o(i.IS25LP128F_delete_sector))
<BR><BR>[Stack]<UL><LI>Max Depth = 40<LI>Call Chain = IS25LP128F_delete_sector &rArr; IS25LP128F_write_enable &rArr; spi_shift
</UL>
<BR>[Calls]<UL><LI><a href="#[ce]">&gt;&gt;</a>&nbsp;&nbsp;&nbsp;spi_shift_16
<LI><a href="#[cc]">&gt;&gt;</a>&nbsp;&nbsp;&nbsp;spi_shift
<LI><a href="#[cb]">&gt;&gt;</a>&nbsp;&nbsp;&nbsp;spi_cs_low
<LI><a href="#[cd]">&gt;&gt;</a>&nbsp;&nbsp;&nbsp;spi_cs_high
<LI><a href="#[ca]">&gt;&gt;</a>&nbsp;&nbsp;&nbsp;IS25LP128F_write_enable
<LI><a href="#[c9]">&gt;&gt;</a>&nbsp;&nbsp;&nbsp;IS25LP128F_is_busy
</UL>
<BR>[Called By]<UL><LI><a href="#[d6]">&gt;&gt;</a>&nbsp;&nbsp;&nbsp;IS25LP128F_write_sector
</UL>

<P><STRONG><a name="[cf]"></a>IS25LP128F_detect</STRONG> (Thumb, 56 bytes, Stack size 8 bytes, is25lp128f.o(i.IS25LP128F_detect))
<BR><BR>[Stack]<UL><LI>Max Depth = 32<LI>Call Chain = IS25LP128F_detect &rArr; IS25LP128F_sfdp &rArr; spi_shift
</UL>
<BR>[Calls]<UL><LI><a href="#[d0]">&gt;&gt;</a>&nbsp;&nbsp;&nbsp;IS25LP128F_sfdp
</UL>
<BR>[Called By]<UL><LI><a href="#[19b]">&gt;&gt;</a>&nbsp;&nbsp;&nbsp;vfs_nvm_init
</UL>

<P><STRONG><a name="[d1]"></a>IS25LP128F_init</STRONG> (Thumb, 22 bytes, Stack size 8 bytes, is25lp128f.o(i.IS25LP128F_init))
<BR><BR>[Stack]<UL><LI>Max Depth = 24<LI>Call Chain = IS25LP128F_init &rArr; spi_init
</UL>
<BR>[Calls]<UL><LI><a href="#[d2]">&gt;&gt;</a>&nbsp;&nbsp;&nbsp;spi_init
</UL>
<BR>[Called By]<UL><LI><a href="#[19b]">&gt;&gt;</a>&nbsp;&nbsp;&nbsp;vfs_nvm_init
</UL>

<P><STRONG><a name="[c9]"></a>IS25LP128F_is_busy</STRONG> (Thumb, 30 bytes, Stack size 8 bytes, is25lp128f.o(i.IS25LP128F_is_busy))
<BR><BR>[Stack]<UL><LI>Max Depth = 24<LI>Call Chain = IS25LP128F_is_busy &rArr; spi_shift
</UL>
<BR>[Calls]<UL><LI><a href="#[cc]">&gt;&gt;</a>&nbsp;&nbsp;&nbsp;spi_shift
<LI><a href="#[cb]">&gt;&gt;</a>&nbsp;&nbsp;&nbsp;spi_cs_low
<LI><a href="#[cd]">&gt;&gt;</a>&nbsp;&nbsp;&nbsp;spi_cs_high
</UL>
<BR>[Called By]<UL><LI><a href="#[d5]">&gt;&gt;</a>&nbsp;&nbsp;&nbsp;IS25LP128F_write
<LI><a href="#[d4]">&gt;&gt;</a>&nbsp;&nbsp;&nbsp;IS25LP128F_read
<LI><a href="#[c8]">&gt;&gt;</a>&nbsp;&nbsp;&nbsp;IS25LP128F_delete_sector
</UL>

<P><STRONG><a name="[1f9]"></a>IS25LP128F_is_detected</STRONG> (Thumb, 6 bytes, Stack size 0 bytes, is25lp128f.o(i.IS25LP128F_is_detected))
<BR><BR>[Called By]<UL><LI><a href="#[141]">&gt;&gt;</a>&nbsp;&nbsp;&nbsp;vfs_nvm_is_available
</UL>

<P><STRONG><a name="[d3]"></a>IS25LP128F_program</STRONG> (Thumb, 186 bytes, Stack size 24 bytes, is25lp128f.o(i.IS25LP128F_program))
<BR><BR>[Stack]<UL><LI>Max Depth = 40<LI>Call Chain = IS25LP128F_program &rArr; spi_shift_16
</UL>
<BR>[Calls]<UL><LI><a href="#[ce]">&gt;&gt;</a>&nbsp;&nbsp;&nbsp;spi_shift_16
<LI><a href="#[cc]">&gt;&gt;</a>&nbsp;&nbsp;&nbsp;spi_shift
<LI><a href="#[cb]">&gt;&gt;</a>&nbsp;&nbsp;&nbsp;spi_cs_low
<LI><a href="#[cd]">&gt;&gt;</a>&nbsp;&nbsp;&nbsp;spi_cs_high
</UL>
<BR>[Called By]<UL><LI><a href="#[d6]">&gt;&gt;</a>&nbsp;&nbsp;&nbsp;IS25LP128F_write_sector
<LI><a href="#[d5]">&gt;&gt;</a>&nbsp;&nbsp;&nbsp;IS25LP128F_write
</UL>

<P><STRONG><a name="[d4]"></a>IS25LP128F_read</STRONG> (Thumb, 116 bytes, Stack size 24 bytes, is25lp128f.o(i.IS25LP128F_read))
<BR><BR>[Stack]<UL><LI>Max Depth = 48<LI>Call Chain = IS25LP128F_read &rArr; IS25LP128F_is_busy &rArr; spi_shift
</UL>
<BR>[Calls]<UL><LI><a href="#[ce]">&gt;&gt;</a>&nbsp;&nbsp;&nbsp;spi_shift_16
<LI><a href="#[cc]">&gt;&gt;</a>&nbsp;&nbsp;&nbsp;spi_shift
<LI><a href="#[cb]">&gt;&gt;</a>&nbsp;&nbsp;&nbsp;spi_cs_low
<LI><a href="#[cd]">&gt;&gt;</a>&nbsp;&nbsp;&nbsp;spi_cs_high
<LI><a href="#[c9]">&gt;&gt;</a>&nbsp;&nbsp;&nbsp;IS25LP128F_is_busy
</UL>
<BR>[Called By]<UL><LI><a href="#[d5]">&gt;&gt;</a>&nbsp;&nbsp;&nbsp;IS25LP128F_write
<LI><a href="#[1ae]">&gt;&gt;</a>&nbsp;&nbsp;&nbsp;vfs_nvm_read_FILE
<LI><a href="#[16f]">&gt;&gt;</a>&nbsp;&nbsp;&nbsp;vfs_nvm_read_FAT
<LI><a href="#[171]">&gt;&gt;</a>&nbsp;&nbsp;&nbsp;vfs_nvm_read_DIR
</UL>

<P><STRONG><a name="[d0]"></a>IS25LP128F_sfdp</STRONG> (Thumb, 54 bytes, Stack size 8 bytes, is25lp128f.o(i.IS25LP128F_sfdp))
<BR><BR>[Stack]<UL><LI>Max Depth = 24<LI>Call Chain = IS25LP128F_sfdp &rArr; spi_shift
</UL>
<BR>[Calls]<UL><LI><a href="#[cc]">&gt;&gt;</a>&nbsp;&nbsp;&nbsp;spi_shift
<LI><a href="#[cb]">&gt;&gt;</a>&nbsp;&nbsp;&nbsp;spi_cs_low
<LI><a href="#[cd]">&gt;&gt;</a>&nbsp;&nbsp;&nbsp;spi_cs_high
</UL>
<BR>[Called By]<UL><LI><a href="#[cf]">&gt;&gt;</a>&nbsp;&nbsp;&nbsp;IS25LP128F_detect
</UL>

<P><STRONG><a name="[d5]"></a>IS25LP128F_write</STRONG> (Thumb, 582 bytes, Stack size 48 bytes, is25lp128f.o(i.IS25LP128F_write))
<BR><BR>[Stack]<UL><LI>Max Depth = 96<LI>Call Chain = IS25LP128F_write &rArr; IS25LP128F_read &rArr; IS25LP128F_is_busy &rArr; spi_shift
</UL>
<BR>[Calls]<UL><LI><a href="#[d4]">&gt;&gt;</a>&nbsp;&nbsp;&nbsp;IS25LP128F_read
<LI><a href="#[ce]">&gt;&gt;</a>&nbsp;&nbsp;&nbsp;spi_shift_16
<LI><a href="#[cc]">&gt;&gt;</a>&nbsp;&nbsp;&nbsp;spi_shift
<LI><a href="#[cb]">&gt;&gt;</a>&nbsp;&nbsp;&nbsp;spi_cs_low
<LI><a href="#[cd]">&gt;&gt;</a>&nbsp;&nbsp;&nbsp;spi_cs_high
<LI><a href="#[d3]">&gt;&gt;</a>&nbsp;&nbsp;&nbsp;IS25LP128F_program
<LI><a href="#[ca]">&gt;&gt;</a>&nbsp;&nbsp;&nbsp;IS25LP128F_write_enable
<LI><a href="#[c9]">&gt;&gt;</a>&nbsp;&nbsp;&nbsp;IS25LP128F_is_busy
<LI><a href="#[96]">&gt;&gt;</a>&nbsp;&nbsp;&nbsp;__aeabi_memcpy
</UL>
<BR>[Called By]<UL><LI><a href="#[1fa]">&gt;&gt;</a>&nbsp;&nbsp;&nbsp;vfs_nvm_write_FAT
<LI><a href="#[173]">&gt;&gt;</a>&nbsp;&nbsp;&nbsp;vfs_nvm_write_DIR
<LI><a href="#[170]">&gt;&gt;</a>&nbsp;&nbsp;&nbsp;vfs_nvm_setup_FAT
</UL>

<P><STRONG><a name="[ca]"></a>IS25LP128F_write_enable</STRONG> (Thumb, 44 bytes, Stack size 8 bytes, is25lp128f.o(i.IS25LP128F_write_enable))
<BR><BR>[Stack]<UL><LI>Max Depth = 24<LI>Call Chain = IS25LP128F_write_enable &rArr; spi_shift
</UL>
<BR>[Calls]<UL><LI><a href="#[cc]">&gt;&gt;</a>&nbsp;&nbsp;&nbsp;spi_shift
<LI><a href="#[cb]">&gt;&gt;</a>&nbsp;&nbsp;&nbsp;spi_cs_low
<LI><a href="#[cd]">&gt;&gt;</a>&nbsp;&nbsp;&nbsp;spi_cs_high
</UL>
<BR>[Called By]<UL><LI><a href="#[d5]">&gt;&gt;</a>&nbsp;&nbsp;&nbsp;IS25LP128F_write
<LI><a href="#[c8]">&gt;&gt;</a>&nbsp;&nbsp;&nbsp;IS25LP128F_delete_sector
</UL>

<P><STRONG><a name="[d6]"></a>IS25LP128F_write_sector</STRONG> (Thumb, 38 bytes, Stack size 16 bytes, is25lp128f.o(i.IS25LP128F_write_sector))
<BR><BR>[Stack]<UL><LI>Max Depth = 56<LI>Call Chain = IS25LP128F_write_sector &rArr; IS25LP128F_program &rArr; spi_shift_16
</UL>
<BR>[Calls]<UL><LI><a href="#[d3]">&gt;&gt;</a>&nbsp;&nbsp;&nbsp;IS25LP128F_program
<LI><a href="#[c8]">&gt;&gt;</a>&nbsp;&nbsp;&nbsp;IS25LP128F_delete_sector
</UL>
<BR>[Called By]<UL><LI><a href="#[1fb]">&gt;&gt;</a>&nbsp;&nbsp;&nbsp;vfs_nvm_write_FILE
<LI><a href="#[170]">&gt;&gt;</a>&nbsp;&nbsp;&nbsp;vfs_nvm_setup_FAT
<LI><a href="#[172]">&gt;&gt;</a>&nbsp;&nbsp;&nbsp;vfs_nvm_setup_DIR
</UL>

<P><STRONG><a name="[d7]"></a>Init</STRONG> (Thumb, 38 bytes, Stack size 8 bytes, flashprg.o(i.Init))
<BR><BR>[Stack]<UL><LI>Max Depth = 88 + Unknown Stack Size
<LI>Call Chain = Init &rArr; FLASH_Init &rArr; FLASH_PrepareExecuteInRamFunctions &rArr; abort &rArr; __rt_SIGABRT &rArr; __rt_SIGABRT_inner &rArr; __default_signal_display &rArr; _ttywrch
</UL>
<BR>[Calls]<UL><LI><a href="#[c2]">&gt;&gt;</a>&nbsp;&nbsp;&nbsp;FLASH_Init
</UL>
<BR>[Called By]<UL><LI><a href="#[60]">&gt;&gt;</a>&nbsp;&nbsp;&nbsp;init
<LI><a href="#[158]">&gt;&gt;</a>&nbsp;&nbsp;&nbsp;config_rom_init
</UL>

<P><STRONG><a name="[da]"></a>ProgramPage</STRONG> (Thumb, 64 bytes, Stack size 32 bytes, flashprg.o(i.ProgramPage))
<BR><BR>[Stack]<UL><LI>Max Depth = 120<LI>Call Chain = ProgramPage &rArr; FLASH_Program &rArr; flash_cache_clear
</UL>
<BR>[Calls]<UL><LI><a href="#[c5]">&gt;&gt;</a>&nbsp;&nbsp;&nbsp;FLASH_VerifyProgram
<LI><a href="#[c4]">&gt;&gt;</a>&nbsp;&nbsp;&nbsp;FLASH_Program
</UL>
<BR>[Called By]<UL><LI><a href="#[166]">&gt;&gt;</a>&nbsp;&nbsp;&nbsp;flash_program_page
<LI><a href="#[15c]">&gt;&gt;</a>&nbsp;&nbsp;&nbsp;program_cfg
</UL>

<P><STRONG><a name="[ad]"></a>SWD_Transfer</STRONG> (Thumb, 22 bytes, Stack size 4 bytes, sw_dp.o(i.SWD_Transfer))
<BR><BR>[Stack]<UL><LI>Max Depth = 24<LI>Call Chain = SWD_Transfer &rArr; SWD_TransferSlow
</UL>
<BR>[Calls]<UL><LI><a href="#[dc]">&gt;&gt;</a>&nbsp;&nbsp;&nbsp;SWD_TransferSlow
<LI><a href="#[db]">&gt;&gt;</a>&nbsp;&nbsp;&nbsp;SWD_TransferFast
</UL>
<BR>[Called By]<UL><LI><a href="#[a8]">&gt;&gt;</a>&nbsp;&nbsp;&nbsp;DAP_ProcessCommand
<LI><a href="#[ac]">&gt;&gt;</a>&nbsp;&nbsp;&nbsp;DAP_SWD_Transfer
<LI><a href="#[1d5]">&gt;&gt;</a>&nbsp;&nbsp;&nbsp;swd_transfer_retry
</UL>

<P><STRONG><a name="[db]"></a>SWD_TransferFast</STRONG> (Thumb, 446 bytes, Stack size 16 bytes, sw_dp.o(i.SWD_TransferFast))
<BR><BR>[Stack]<UL><LI>Max Depth = 16<LI>Call Chain = SWD_TransferFast
</UL>
<BR>[Called By]<UL><LI><a href="#[ad]">&gt;&gt;</a>&nbsp;&nbsp;&nbsp;SWD_Transfer
</UL>

<P><STRONG><a name="[dc]"></a>SWD_TransferSlow</STRONG> (Thumb, 774 bytes, Stack size 20 bytes, sw_dp.o(i.SWD_TransferSlow))
<BR><BR>[Stack]<UL><LI>Max Depth = 20<LI>Call Chain = SWD_TransferSlow
</UL>
<BR>[Called By]<UL><LI><a href="#[ad]">&gt;&gt;</a>&nbsp;&nbsp;&nbsp;SWD_Transfer
</UL>

<P><STRONG><a name="[ab]"></a>SWJ_Sequence</STRONG> (Thumb, 70 bytes, Stack size 16 bytes, sw_dp.o(i.SWJ_Sequence))
<BR><BR>[Stack]<UL><LI>Max Depth = 16<LI>Call Chain = SWJ_Sequence
</UL>
<BR>[Called By]<UL><LI><a href="#[a8]">&gt;&gt;</a>&nbsp;&nbsp;&nbsp;DAP_ProcessCommand
<LI><a href="#[d8]">&gt;&gt;</a>&nbsp;&nbsp;&nbsp;JTAG2SWD
</UL>

<P><STRONG><a name="[35]"></a>SystemInit</STRONG> (Thumb, 120 bytes, Stack size 0 bytes, system_mkl26z4.o(i.SystemInit))
<BR>[Address Reference Count : 1]<UL><LI> startup_mkl26z4.o(.text)
</UL>
<P><STRONG><a name="[c7]"></a>SystemReset</STRONG> (Thumb, 16 bytes, Stack size 0 bytes, cortex_m.o(i.SystemReset))
<BR><BR>[Called By]<UL><LI><a href="#[f]">&gt;&gt;</a>&nbsp;&nbsp;&nbsp;HardFault_Handler
<LI><a href="#[1a6]">&gt;&gt;</a>&nbsp;&nbsp;&nbsp;os_error
<LI><a href="#[1f8]">&gt;&gt;</a>&nbsp;&nbsp;&nbsp;vfs_user_disconnecting
</UL>

<P><STRONG><a name="[20]"></a>UART1_IRQHandler</STRONG> (Thumb, 150 bytes, Stack size 16 bytes, uart.o(i.UART1_IRQHandler))
<BR><BR>[Stack]<UL><LI>Max Depth = 136<LI>Call Chain = UART1_IRQHandler &rArr; circ_buf_write &rArr; _util_assert &rArr; config_ram_get_assert &rArr; __aeabi_memcpy
</UL>
<BR>[Calls]<UL><LI><a href="#[e3]">&gt;&gt;</a>&nbsp;&nbsp;&nbsp;circ_buf_write
<LI><a href="#[e1]">&gt;&gt;</a>&nbsp;&nbsp;&nbsp;circ_buf_push
<LI><a href="#[df]">&gt;&gt;</a>&nbsp;&nbsp;&nbsp;circ_buf_pop
<LI><a href="#[dd]">&gt;&gt;</a>&nbsp;&nbsp;&nbsp;circ_buf_count_used
<LI><a href="#[e0]">&gt;&gt;</a>&nbsp;&nbsp;&nbsp;circ_buf_count_free
<LI><a href="#[de]">&gt;&gt;</a>&nbsp;&nbsp;&nbsp;_util_assert
<LI><a href="#[e2]">&gt;&gt;</a>&nbsp;&nbsp;&nbsp;config_get_overflow_detect
</UL>
<BR>[Address Reference Count : 1]<UL><LI> startup_mkl26z4.o(RESET)
</UL>
<P><STRONG><a name="[2b]"></a>USB0_IRQHandler</STRONG> (Thumb, 200 bytes, Stack size 24 bytes, usbd_kinetis.o(i.USB0_IRQHandler))
<BR><BR>[Stack]<UL><LI>Max Depth = 152<LI>Call Chain = USB0_IRQHandler &rArr; USBD_SignalHandler &rArr; isr_evt_set &rArr; rt_psq_enq &rArr; os_error &rArr; _util_assert &rArr; config_ram_get_assert &rArr; __aeabi_memcpy
</UL>
<BR>[Calls]<UL><LI><a href="#[e4]">&gt;&gt;</a>&nbsp;&nbsp;&nbsp;USBD_SignalHandler
<LI><a href="#[94]">&gt;&gt;</a>&nbsp;&nbsp;&nbsp;__aeabi_uidivmod
</UL>
<BR>[Address Reference Count : 1]<UL><LI> startup_mkl26z4.o(RESET)
</UL>
<P><STRONG><a name="[117]"></a>USBD_CDC_ACM_ClearCommFeature</STRONG> (Thumb, 4 bytes, Stack size 0 bytes, usbd_cdc_acm.o(i.USBD_CDC_ACM_ClearCommFeature))
<BR><BR>[Called By]<UL><LI><a href="#[10b]">&gt;&gt;</a>&nbsp;&nbsp;&nbsp;USBD_EndPoint0_Setup_CDC_ReqToIF
</UL>

<P><STRONG><a name="[e5]"></a>USBD_CDC_ACM_DataRead</STRONG> (Thumb, 46 bytes, Stack size 16 bytes, usbd_cdc_acm.o(i.USBD_CDC_ACM_DataRead))
<BR><BR>[Stack]<UL><LI>Max Depth = 40<LI>Call Chain = USBD_CDC_ACM_DataRead &rArr; __aeabi_memcpy
</UL>
<BR>[Calls]<UL><LI><a href="#[96]">&gt;&gt;</a>&nbsp;&nbsp;&nbsp;__aeabi_memcpy
</UL>
<BR>[Called By]<UL><LI><a href="#[150]">&gt;&gt;</a>&nbsp;&nbsp;&nbsp;cdc_process_event
</UL>

<P><STRONG><a name="[eb]"></a>USBD_CDC_ACM_DataReceived</STRONG> (Thumb, 4 bytes, Stack size 0 bytes, usbd_cdc_acm.o(i.USBD_CDC_ACM_DataReceived))
<BR><BR>[Called By]<UL><LI><a href="#[f7]">&gt;&gt;</a>&nbsp;&nbsp;&nbsp;USBD_CDC_ACM_SOF_Event
<LI><a href="#[e9]">&gt;&gt;</a>&nbsp;&nbsp;&nbsp;USBD_CDC_ACM_EP_BULKOUT_Event
</UL>

<P><STRONG><a name="[e6]"></a>USBD_CDC_ACM_DataSend</STRONG> (Thumb, 100 bytes, Stack size 24 bytes, usbd_cdc_acm.o(i.USBD_CDC_ACM_DataSend))
<BR><BR>[Stack]<UL><LI>Max Depth = 48<LI>Call Chain = USBD_CDC_ACM_DataSend &rArr; __aeabi_memcpy
</UL>
<BR>[Calls]<UL><LI><a href="#[96]">&gt;&gt;</a>&nbsp;&nbsp;&nbsp;__aeabi_memcpy
</UL>
<BR>[Called By]<UL><LI><a href="#[150]">&gt;&gt;</a>&nbsp;&nbsp;&nbsp;cdc_process_event
</UL>

<P><STRONG><a name="[e9]"></a>USBD_CDC_ACM_EP_BULKOUT_Event</STRONG> (Thumb, 50 bytes, Stack size 8 bytes, usbd_cdc_acm.o(i.USBD_CDC_ACM_EP_BULKOUT_Event))
<BR><BR>[Stack]<UL><LI>Max Depth = 144<LI>Call Chain = USBD_CDC_ACM_EP_BULKOUT_Event &rArr; USBD_CDC_ACM_EP_BULKOUT_HandleData &rArr; USBD_ReadEP &rArr; _util_assert &rArr; config_ram_get_assert &rArr; __aeabi_memcpy
</UL>
<BR>[Calls]<UL><LI><a href="#[eb]">&gt;&gt;</a>&nbsp;&nbsp;&nbsp;USBD_CDC_ACM_DataReceived
<LI><a href="#[ea]">&gt;&gt;</a>&nbsp;&nbsp;&nbsp;USBD_CDC_ACM_EP_BULKOUT_HandleData
</UL>
<BR>[Called By]<UL><LI><a href="#[79]">&gt;&gt;</a>&nbsp;&nbsp;&nbsp;USBD_CDC_ACM_EP_BULK_Event
</UL>

<P><STRONG><a name="[79]"></a>USBD_CDC_ACM_EP_BULK_Event</STRONG> (Thumb, 40 bytes, Stack size 8 bytes, usbd_cdc_acm.o(i.USBD_CDC_ACM_EP_BULK_Event))
<BR><BR>[Stack]<UL><LI>Max Depth = 152<LI>Call Chain = USBD_CDC_ACM_EP_BULK_Event &rArr; USBD_CDC_ACM_EP_BULKOUT_Event &rArr; USBD_CDC_ACM_EP_BULKOUT_HandleData &rArr; USBD_ReadEP &rArr; _util_assert &rArr; config_ram_get_assert &rArr; __aeabi_memcpy
</UL>
<BR>[Calls]<UL><LI><a href="#[e9]">&gt;&gt;</a>&nbsp;&nbsp;&nbsp;USBD_CDC_ACM_EP_BULKOUT_Event
<LI><a href="#[e7]">&gt;&gt;</a>&nbsp;&nbsp;&nbsp;USBD_CDC_ACM_EP_BULKIN_HandleData
</UL>
<BR>[Address Reference Count : 1]<UL><LI> usb_config.o(.constdata)
</UL>
<P><STRONG><a name="[116]"></a>USBD_CDC_ACM_GetCommFeature</STRONG> (Thumb, 4 bytes, Stack size 0 bytes, usbd_cdc_acm.o(i.USBD_CDC_ACM_GetCommFeature))
<BR><BR>[Called By]<UL><LI><a href="#[10b]">&gt;&gt;</a>&nbsp;&nbsp;&nbsp;USBD_EndPoint0_Setup_CDC_ReqToIF
</UL>

<P><STRONG><a name="[115]"></a>USBD_CDC_ACM_GetEncapsulatedResponse</STRONG> (Thumb, 4 bytes, Stack size 0 bytes, usbd_cdc_acm.o(i.USBD_CDC_ACM_GetEncapsulatedResponse))
<BR><BR>[Called By]<UL><LI><a href="#[10b]">&gt;&gt;</a>&nbsp;&nbsp;&nbsp;USBD_EndPoint0_Setup_CDC_ReqToIF
</UL>

<P><STRONG><a name="[ed]"></a>USBD_CDC_ACM_GetLineCoding</STRONG> (Thumb, 48 bytes, Stack size 8 bytes, usbd_cdc_acm.o(i.USBD_CDC_ACM_GetLineCoding))
<BR><BR>[Stack]<UL><LI>Max Depth = 8<LI>Call Chain = USBD_CDC_ACM_GetLineCoding
</UL>
<BR>[Calls]<UL><LI><a href="#[b0]">&gt;&gt;</a>&nbsp;&nbsp;&nbsp;USBD_CDC_ACM_PortGetLineCoding
</UL>
<BR>[Called By]<UL><LI><a href="#[10b]">&gt;&gt;</a>&nbsp;&nbsp;&nbsp;USBD_EndPoint0_Setup_CDC_ReqToIF
</UL>

<P><STRONG><a name="[ee]"></a>USBD_CDC_ACM_Initialize</STRONG> (Thumb, 60 bytes, Stack size 8 bytes, usbd_cdc_acm.o(i.USBD_CDC_ACM_Initialize))
<BR><BR>[Stack]<UL><LI>Max Depth = 128<LI>Call Chain = USBD_CDC_ACM_Initialize &rArr; USBD_CDC_ACM_PortInitialize &rArr; uart_initialize &rArr; clear_buffers &rArr; _util_assert &rArr; config_ram_get_assert &rArr; __aeabi_memcpy
</UL>
<BR>[Calls]<UL><LI><a href="#[ef]">&gt;&gt;</a>&nbsp;&nbsp;&nbsp;USBD_CDC_ACM_PortInitialize
</UL>
<BR>[Called By]<UL><LI><a href="#[1e9]">&gt;&gt;</a>&nbsp;&nbsp;&nbsp;usbd_class_init
</UL>

<P><STRONG><a name="[b0]"></a>USBD_CDC_ACM_PortGetLineCoding</STRONG> (Thumb, 34 bytes, Stack size 0 bytes, usbd_user_cdc_acm.o(i.USBD_CDC_ACM_PortGetLineCoding))
<BR><BR>[Called By]<UL><LI><a href="#[a9]">&gt;&gt;</a>&nbsp;&nbsp;&nbsp;DAP_ProcessVendorCommand
<LI><a href="#[ed]">&gt;&gt;</a>&nbsp;&nbsp;&nbsp;USBD_CDC_ACM_GetLineCoding
</UL>

<P><STRONG><a name="[ef]"></a>USBD_CDC_ACM_PortInitialize</STRONG> (Thumb, 14 bytes, Stack size 8 bytes, usbd_user_cdc_acm.o(i.USBD_CDC_ACM_PortInitialize))
<BR><BR>[Stack]<UL><LI>Max Depth = 120<LI>Call Chain = USBD_CDC_ACM_PortInitialize &rArr; uart_initialize &rArr; clear_buffers &rArr; _util_assert &rArr; config_ram_get_assert &rArr; __aeabi_memcpy
</UL>
<BR>[Calls]<UL><LI><a href="#[f1]">&gt;&gt;</a>&nbsp;&nbsp;&nbsp;main_cdc_send_event
<LI><a href="#[f0]">&gt;&gt;</a>&nbsp;&nbsp;&nbsp;uart_initialize
</UL>
<BR>[Called By]<UL><LI><a href="#[ee]">&gt;&gt;</a>&nbsp;&nbsp;&nbsp;USBD_CDC_ACM_Initialize
</UL>

<P><STRONG><a name="[f2]"></a>USBD_CDC_ACM_PortReset</STRONG> (Thumb, 10 bytes, Stack size 8 bytes, usbd_user_cdc_acm.o(i.USBD_CDC_ACM_PortReset))
<BR><BR>[Stack]<UL><LI>Max Depth = 112<LI>Call Chain = USBD_CDC_ACM_PortReset &rArr; uart_reset &rArr; clear_buffers &rArr; _util_assert &rArr; config_ram_get_assert &rArr; __aeabi_memcpy
</UL>
<BR>[Calls]<UL><LI><a href="#[f3]">&gt;&gt;</a>&nbsp;&nbsp;&nbsp;uart_reset
</UL>
<BR>[Called By]<UL><LI><a href="#[f5]">&gt;&gt;</a>&nbsp;&nbsp;&nbsp;USBD_CDC_ACM_Reset
</UL>

<P><STRONG><a name="[fa]"></a>USBD_CDC_ACM_PortSetControlLineState</STRONG> (Thumb, 4 bytes, Stack size 0 bytes, usbd_user_cdc_acm.o(i.USBD_CDC_ACM_PortSetControlLineState))
<BR><BR>[Called By]<UL><LI><a href="#[f9]">&gt;&gt;</a>&nbsp;&nbsp;&nbsp;USBD_CDC_ACM_SetControlLineState
</UL>

<P><STRONG><a name="[b1]"></a>USBD_CDC_ACM_PortSetLineCoding</STRONG> (Thumb, 52 bytes, Stack size 8 bytes, usbd_user_cdc_acm.o(i.USBD_CDC_ACM_PortSetLineCoding))
[...]
<LI><a href="#[143]">&gt;&gt;</a>&nbsp;&nbsp;&nbsp;usbd_msc_write_sect
<LI><a href="#[142]">&gt;&gt;</a>&nbsp;&nbsp;&nbsp;usbd_msc_read_sect
</UL>

<P><STRONG><a name="[17a]"></a>transfer_update_file_info</STRONG> (Thumb, 104 bytes, Stack size 16 bytes, vfs_manager.o(i.transfer_update_file_info))
<BR><BR>[Stack]<UL><LI>Max Depth = 152<LI>Call Chain = transfer_update_file_info &rArr; transfer_update_state &rArr; stream_close &rArr; _util_assert &rArr; config_ram_get_assert &rArr; __aeabi_memcpy
</UL>
<BR>[Calls]<UL><LI><a href="#[de]">&gt;&gt;</a>&nbsp;&nbsp;&nbsp;_util_assert
<LI><a href="#[17e]">&gt;&gt;</a>&nbsp;&nbsp;&nbsp;transfer_update_state
</UL>
<BR>[Called By]<UL><LI><a href="#[3e]">&gt;&gt;</a>&nbsp;&nbsp;&nbsp;file_change_handler
</UL>

<P><STRONG><a name="[17e]"></a>transfer_update_state</STRONG> (Thumb, 328 bytes, Stack size 32 bytes, vfs_manager.o(i.transfer_update_state))
<BR><BR>[Stack]<UL><LI>Max Depth = 136<LI>Call Chain = transfer_update_state &rArr; stream_close &rArr; _util_assert &rArr; config_ram_get_assert &rArr; __aeabi_memcpy
</UL>
<BR>[Calls]<UL><LI><a href="#[de]">&gt;&gt;</a>&nbsp;&nbsp;&nbsp;_util_assert
<LI><a href="#[b9]">&gt;&gt;</a>&nbsp;&nbsp;&nbsp;stream_close
</UL>
<BR>[Called By]<UL><LI><a href="#[1a0]">&gt;&gt;</a>&nbsp;&nbsp;&nbsp;vfs_mngr_periodic
<LI><a href="#[17a]">&gt;&gt;</a>&nbsp;&nbsp;&nbsp;transfer_update_file_info
<LI><a href="#[17c]">&gt;&gt;</a>&nbsp;&nbsp;&nbsp;file_data_handler
</UL>

<P><STRONG><a name="[168]"></a>expand_info</STRONG> (Thumb, 222 bytes, Stack size 32 bytes, vfs_user.o(i.expand_info))
<BR><BR>[Stack]<UL><LI>Max Depth = 80<LI>Call Chain = expand_info &rArr; __aeabi_memmove &rArr; __aeabi_memcpy
</UL>
<BR>[Calls]<UL><LI><a href="#[ae]">&gt;&gt;</a>&nbsp;&nbsp;&nbsp;info_get_unique_id
<LI><a href="#[16d]">&gt;&gt;</a>&nbsp;&nbsp;&nbsp;info_get_version
<LI><a href="#[16b]">&gt;&gt;</a>&nbsp;&nbsp;&nbsp;info_get_target_id
<LI><a href="#[169]">&gt;&gt;</a>&nbsp;&nbsp;&nbsp;info_get_mac
<LI><a href="#[16a]">&gt;&gt;</a>&nbsp;&nbsp;&nbsp;info_get_host_id
<LI><a href="#[16c]">&gt;&gt;</a>&nbsp;&nbsp;&nbsp;info_get_hic_id
<LI><a href="#[11f]">&gt;&gt;</a>&nbsp;&nbsp;&nbsp;info_get_board_id
<LI><a href="#[99]">&gt;&gt;</a>&nbsp;&nbsp;&nbsp;__aeabi_memmove
<LI><a href="#[96]">&gt;&gt;</a>&nbsp;&nbsp;&nbsp;__aeabi_memcpy
<LI><a href="#[af]">&gt;&gt;</a>&nbsp;&nbsp;&nbsp;strlen
</UL>
<BR>[Called By]<UL><LI><a href="#[1ab]">&gt;&gt;</a>&nbsp;&nbsp;&nbsp;update_details_txt_file
<LI><a href="#[51]">&gt;&gt;</a>&nbsp;&nbsp;&nbsp;read_file_mbed_htm
</UL>

<P><STRONG><a name="[56]"></a>read_file_assert_txt</STRONG> (Thumb, 222 bytes, Stack size 24 bytes, vfs_user.o(i.read_file_assert_txt))
<BR><BR>[Stack]<UL><LI>Max Depth = 56<LI>Call Chain = read_file_assert_txt &rArr; util_write_uint32
</UL>
<BR>[Calls]<UL><LI><a href="#[1a9]">&gt;&gt;</a>&nbsp;&nbsp;&nbsp;util_write_uint32
<LI><a href="#[1a8]">&gt;&gt;</a>&nbsp;&nbsp;&nbsp;util_write_string
<LI><a href="#[18e]">&gt;&gt;</a>&nbsp;&nbsp;&nbsp;util_write_hex32
<LI><a href="#[1aa]">&gt;&gt;</a>&nbsp;&nbsp;&nbsp;config_ram_get_hexdumps
</UL>
<BR>[Called By]<UL><LI><a href="#[14d]">&gt;&gt;</a>&nbsp;&nbsp;&nbsp;vfs_user_build_filesystem
</UL>
<BR>[Address Reference Count : 1]<UL><LI> vfs_user.o(i.vfs_user_build_filesystem)
</UL>
<P><STRONG><a name="[52]"></a>read_file_details_txt</STRONG> (Thumb, 22 bytes, Stack size 8 bytes, vfs_user.o(i.read_file_details_txt))
<BR><BR>[Stack]<UL><LI>Max Depth = 112<LI>Call Chain = read_file_details_txt &rArr; update_details_txt_file &rArr; expand_info &rArr; __aeabi_memmove &rArr; __aeabi_memcpy
</UL>
<BR>[Calls]<UL><LI><a href="#[1ab]">&gt;&gt;</a>&nbsp;&nbsp;&nbsp;update_details_txt_file
</UL>
<BR>[Called By]<UL><LI><a href="#[14d]">&gt;&gt;</a>&nbsp;&nbsp;&nbsp;vfs_user_build_filesystem
</UL>
<BR>[Address Reference Count : 1]<UL><LI> vfs_user.o(i.vfs_user_build_filesystem)
</UL>
<P><STRONG><a name="[55]"></a>read_file_fail_txt</STRONG> (Thumb, 144 bytes, Stack size 24 bytes, vfs_user.o(i.read_file_fail_txt))
<BR><BR>[Stack]<UL><LI>Max Depth = 128<LI>Call Chain = read_file_fail_txt &rArr; vfs_mngr_get_transfer_status &rArr; sync_assert_usb_thread &rArr; _util_assert &rArr; config_ram_get_assert &rArr; __aeabi_memcpy
</UL>
<BR>[Calls]<UL><LI><a href="#[1ad]">&gt;&gt;</a>&nbsp;&nbsp;&nbsp;error_get_type
<LI><a href="#[167]">&gt;&gt;</a>&nbsp;&nbsp;&nbsp;error_get_string
<LI><a href="#[1a8]">&gt;&gt;</a>&nbsp;&nbsp;&nbsp;util_write_string
<LI><a href="#[1ac]">&gt;&gt;</a>&nbsp;&nbsp;&nbsp;vfs_mngr_get_transfer_status
</UL>
<BR>[Called By]<UL><LI><a href="#[14d]">&gt;&gt;</a>&nbsp;&nbsp;&nbsp;vfs_user_build_filesystem
</UL>
<BR>[Address Reference Count : 1]<UL><LI> vfs_user.o(i.vfs_user_build_filesystem)
</UL>
<P><STRONG><a name="[53]"></a>read_file_fldirreg_txt</STRONG> (Thumb, 20 bytes, Stack size 8 bytes, vfs_user.o(i.read_file_fldirreg_txt))
<BR><BR>[Stack]<UL><LI>Max Depth = 64<LI>Call Chain = read_file_fldirreg_txt &rArr; vfs_nvm_read_DIR &rArr; IS25LP128F_read &rArr; IS25LP128F_is_busy &rArr; spi_shift
</UL>
<BR>[Calls]<UL><LI><a href="#[171]">&gt;&gt;</a>&nbsp;&nbsp;&nbsp;vfs_nvm_read_DIR
</UL>
<BR>[Address Reference Count : 1]<UL><LI> vfs_user.o(i.vfs_user_build_filesystem)
</UL>
<P><STRONG><a name="[54]"></a>read_file_flfatreg_txt</STRONG> (Thumb, 20 bytes, Stack size 8 bytes, vfs_user.o(i.read_file_flfatreg_txt))
<BR><BR>[Stack]<UL><LI>Max Depth = 64<LI>Call Chain = read_file_flfatreg_txt &rArr; vfs_nvm_read_FAT &rArr; IS25LP128F_read &rArr; IS25LP128F_is_busy &rArr; spi_shift
</UL>
<BR>[Calls]<UL><LI><a href="#[16f]">&gt;&gt;</a>&nbsp;&nbsp;&nbsp;vfs_nvm_read_FAT
</UL>
<BR>[Address Reference Count : 1]<UL><LI> vfs_user.o(i.vfs_user_build_filesystem)
</UL>
<P><STRONG><a name="[51]"></a>read_file_mbed_htm</STRONG> (Thumb, 50 bytes, Stack size 16 bytes, vfs_user.o(i.read_file_mbed_htm))
<BR><BR>[Stack]<UL><LI>Max Depth = 96<LI>Call Chain = read_file_mbed_htm &rArr; expand_info &rArr; __aeabi_memmove &rArr; __aeabi_memcpy
</UL>
<BR>[Calls]<UL><LI><a href="#[168]">&gt;&gt;</a>&nbsp;&nbsp;&nbsp;expand_info
<LI><a href="#[9d]">&gt;&gt;</a>&nbsp;&nbsp;&nbsp;__aeabi_memclr
<LI><a href="#[96]">&gt;&gt;</a>&nbsp;&nbsp;&nbsp;__aeabi_memcpy
<LI><a href="#[af]">&gt;&gt;</a>&nbsp;&nbsp;&nbsp;strlen
</UL>
<BR>[Called By]<UL><LI><a href="#[14d]">&gt;&gt;</a>&nbsp;&nbsp;&nbsp;vfs_user_build_filesystem
</UL>
<BR>[Address Reference Count : 1]<UL><LI> vfs_user.o(i.vfs_user_build_filesystem)
</UL>
<P><STRONG><a name="[57]"></a>read_file_need_bl_txt</STRONG> (Thumb, 38 bytes, Stack size 24 bytes, vfs_user.o(i.read_file_need_bl_txt))
<BR><BR>[Stack]<UL><LI>Max Depth = 48<LI>Call Chain = read_file_need_bl_txt &rArr; __aeabi_memcpy
</UL>
<BR>[Calls]<UL><LI><a href="#[96]">&gt;&gt;</a>&nbsp;&nbsp;&nbsp;__aeabi_memcpy
<LI><a href="#[af]">&gt;&gt;</a>&nbsp;&nbsp;&nbsp;strlen
</UL>
<BR>[Called By]<UL><LI><a href="#[14d]">&gt;&gt;</a>&nbsp;&nbsp;&nbsp;vfs_user_build_filesystem
</UL>
<BR>[Address Reference Count : 1]<UL><LI> vfs_user.o(i.vfs_user_build_filesystem)
</UL>
<P><STRONG><a name="[1ab]"></a>update_details_txt_file</STRONG> (Thumb, 586 bytes, Stack size 24 bytes, vfs_user.o(i.update_details_txt_file))
<BR><BR>[Stack]<UL><LI>Max Depth = 104<LI>Call Chain = update_details_txt_file &rArr; expand_info &rArr; __aeabi_memmove &rArr; __aeabi_memcpy
</UL>
<BR>[Calls]<UL><LI><a href="#[15b]">&gt;&gt;</a>&nbsp;&nbsp;&nbsp;daplink_is_interface
<LI><a href="#[15a]">&gt;&gt;</a>&nbsp;&nbsp;&nbsp;daplink_is_bootloader
<LI><a href="#[b6]">&gt;&gt;</a>&nbsp;&nbsp;&nbsp;config_get_auto_rst
<LI><a href="#[1e4]">&gt;&gt;</a>&nbsp;&nbsp;&nbsp;util_write_uint32_zp
<LI><a href="#[1a9]">&gt;&gt;</a>&nbsp;&nbsp;&nbsp;util_write_uint32
<LI><a href="#[1a8]">&gt;&gt;</a>&nbsp;&nbsp;&nbsp;util_write_string
<LI><a href="#[182]">&gt;&gt;</a>&nbsp;&nbsp;&nbsp;config_get_automation_allowed
<LI><a href="#[18e]">&gt;&gt;</a>&nbsp;&nbsp;&nbsp;util_write_hex32
<LI><a href="#[1e6]">&gt;&gt;</a>&nbsp;&nbsp;&nbsp;info_get_interface_version
<LI><a href="#[1e5]">&gt;&gt;</a>&nbsp;&nbsp;&nbsp;info_get_interface_present
<LI><a href="#[1e8]">&gt;&gt;</a>&nbsp;&nbsp;&nbsp;info_get_crc_interface
<LI><a href="#[1e7]">&gt;&gt;</a>&nbsp;&nbsp;&nbsp;info_get_crc_bootloader
<LI><a href="#[1e3]">&gt;&gt;</a>&nbsp;&nbsp;&nbsp;info_get_bootloader_version
<LI><a href="#[1e2]">&gt;&gt;</a>&nbsp;&nbsp;&nbsp;info_get_bootloader_present
<LI><a href="#[e2]">&gt;&gt;</a>&nbsp;&nbsp;&nbsp;config_get_overflow_detect
<LI><a href="#[168]">&gt;&gt;</a>&nbsp;&nbsp;&nbsp;expand_info
<LI><a href="#[9d]">&gt;&gt;</a>&nbsp;&nbsp;&nbsp;__aeabi_memclr
</UL>
<BR>[Called By]<UL><LI><a href="#[52]">&gt;&gt;</a>&nbsp;&nbsp;&nbsp;read_file_details_txt
</UL>

<P><STRONG><a name="[16e]"></a>ffs_init</STRONG> (Thumb, 260 bytes, Stack size 56 bytes, virtual_fs.o(i.ffs_init))
<BR><BR>[Stack]<UL><LI>Max Depth = 432<LI>Call Chain = ffs_init &rArr; vfs_nvm_setup_FAT &rArr; IS25LP128F_write &rArr; IS25LP128F_read &rArr; IS25LP128F_is_busy &rArr; spi_shift
</UL>
<BR>[Calls]<UL><LI><a href="#[173]">&gt;&gt;</a>&nbsp;&nbsp;&nbsp;vfs_nvm_write_DIR
<LI><a href="#[170]">&gt;&gt;</a>&nbsp;&nbsp;&nbsp;vfs_nvm_setup_FAT
<LI><a href="#[172]">&gt;&gt;</a>&nbsp;&nbsp;&nbsp;vfs_nvm_setup_DIR
<LI><a href="#[16f]">&gt;&gt;</a>&nbsp;&nbsp;&nbsp;vfs_nvm_read_FAT
<LI><a href="#[171]">&gt;&gt;</a>&nbsp;&nbsp;&nbsp;vfs_nvm_read_DIR
<LI><a href="#[141]">&gt;&gt;</a>&nbsp;&nbsp;&nbsp;vfs_nvm_is_available
<LI><a href="#[94]">&gt;&gt;</a>&nbsp;&nbsp;&nbsp;__aeabi_uidivmod
<LI><a href="#[146]">&gt;&gt;</a>&nbsp;&nbsp;&nbsp;__aeabi_memclr4
<LI><a href="#[97]">&gt;&gt;</a>&nbsp;&nbsp;&nbsp;__aeabi_memcpy4
</UL>
<BR>[Called By]<UL><LI><a href="#[1f7]">&gt;&gt;</a>&nbsp;&nbsp;&nbsp;vfs_init
</UL>

<P><STRONG><a name="[50]"></a>file_change_cb_stub</STRONG> (Thumb, 2 bytes, Stack size 0 bytes, virtual_fs.o(i.file_change_cb_stub))
<BR>[Address Reference Count : 1]<UL><LI> virtual_fs.o(i.vfs_init)
</UL>
<P><STRONG><a name="[1f5]"></a>filename_valid</STRONG> (Thumb, 108 bytes, Stack size 40 bytes, virtual_fs.o(i.filename_valid))
<BR><BR>[Stack]<UL><LI>Max Depth = 40<LI>Call Chain = filename_valid
</UL>
<BR>[Called By]<UL><LI><a href="#[1c8]">&gt;&gt;</a>&nbsp;&nbsp;&nbsp;vfs_get_flash_names_srtd
<LI><a href="#[1c6]">&gt;&gt;</a>&nbsp;&nbsp;&nbsp;vfs_find_flash_file
<LI><a href="#[6b]">&gt;&gt;</a>&nbsp;&nbsp;&nbsp;write_dir
<LI><a href="#[1f4]">&gt;&gt;</a>&nbsp;&nbsp;&nbsp;vfs_create_file
</UL>

<P><STRONG><a name="[6a]"></a>read_dir</STRONG> (Thumb, 66 bytes, Stack size 16 bytes, virtual_fs.o(i.read_dir))
<BR><BR>[Stack]<UL><LI>Max Depth = 104<LI>Call Chain = read_dir &rArr; _util_assert &rArr; config_ram_get_assert &rArr; __aeabi_memcpy
</UL>
<BR>[Calls]<UL><LI><a href="#[de]">&gt;&gt;</a>&nbsp;&nbsp;&nbsp;_util_assert
<LI><a href="#[9d]">&gt;&gt;</a>&nbsp;&nbsp;&nbsp;__aeabi_memclr
<LI><a href="#[96]">&gt;&gt;</a>&nbsp;&nbsp;&nbsp;__aeabi_memcpy
</UL>
<BR>[Address Reference Count : 1]<UL><LI> virtual_fs.o(.constdata)
</UL>
<P><STRONG><a name="[69]"></a>read_fat</STRONG> (Thumb, 30 bytes, Stack size 8 bytes, virtual_fs.o(i.read_fat))
<BR><BR>[Stack]<UL><LI>Max Depth = 32<LI>Call Chain = read_fat &rArr; __aeabi_memcpy
</UL>
<BR>[Calls]<UL><LI><a href="#[96]">&gt;&gt;</a>&nbsp;&nbsp;&nbsp;__aeabi_memcpy
</UL>
<BR>[Address Reference Count : 1]<UL><LI> virtual_fs.o(.constdata)
</UL>
<P><STRONG><a name="[6d]"></a>read_flash_fat</STRONG> (Thumb, 20 bytes, Stack size 8 bytes, virtual_fs.o(i.read_flash_fat))
<BR><BR>[Stack]<UL><LI>Max Depth = 64<LI>Call Chain = read_flash_fat &rArr; vfs_nvm_read_FAT &rArr; IS25LP128F_read &rArr; IS25LP128F_is_busy &rArr; spi_shift
</UL>
<BR>[Calls]<UL><LI><a href="#[16f]">&gt;&gt;</a>&nbsp;&nbsp;&nbsp;vfs_nvm_read_FAT
</UL>
<BR>[Address Reference Count : 1]<UL><LI> virtual_fs.o(.constdata)
</UL>
<P><STRONG><a name="[6c]"></a>read_flash_mbr</STRONG> (Thumb, 30 bytes, Stack size 8 bytes, virtual_fs.o(i.read_flash_mbr))
<BR><BR>[Stack]<UL><LI>Max Depth = 32<LI>Call Chain = read_flash_mbr &rArr; __aeabi_memcpy
</UL>
<BR>[Calls]<UL><LI><a href="#[96]">&gt;&gt;</a>&nbsp;&nbsp;&nbsp;__aeabi_memcpy
</UL>
<BR>[Address Reference Count : 1]<UL><LI> virtual_fs.o(.constdata)
</UL>
<P><STRONG><a name="[68]"></a>read_mbr</STRONG> (Thumb, 30 bytes, Stack size 8 bytes, virtual_fs.o(i.read_mbr))
<BR><BR>[Stack]<UL><LI>Max Depth = 32<LI>Call Chain = read_mbr &rArr; __aeabi_memcpy
</UL>
<BR>[Calls]<UL><LI><a href="#[96]">&gt;&gt;</a>&nbsp;&nbsp;&nbsp;__aeabi_memcpy
</UL>
<BR>[Address Reference Count : 1]<UL><LI> virtual_fs.o(.constdata)
</UL>
<P><STRONG><a name="[4d]"></a>read_zero</STRONG> (Thumb, 16 bytes, Stack size 8 bytes, virtual_fs.o(i.read_zero))
<BR><BR>[Stack]<UL><LI>Max Depth = 8<LI>Call Chain = read_zero
</UL>
<BR>[Calls]<UL><LI><a href="#[9d]">&gt;&gt;</a>&nbsp;&nbsp;&nbsp;__aeabi_memclr
</UL>
<BR>[Address Reference Count : 1]<UL><LI> virtual_fs.o(i.vfs_create_file)
</UL>
<P><STRONG><a name="[4f]"></a>vfs_strncmp</STRONG> (Thumb, 10 bytes, Stack size 8 bytes, virtual_fs.o(i.vfs_strncmp))
<BR><BR>[Stack]<UL><LI>Max Depth = 28<LI>Call Chain = vfs_strncmp &rArr; strncmp
</UL>
<BR>[Calls]<UL><LI><a href="#[1c9]">&gt;&gt;</a>&nbsp;&nbsp;&nbsp;strncmp
</UL>
<BR>[Address Reference Count : 1]<UL><LI> virtual_fs.o(i.vfs_get_flash_names_srtd)
</UL>
<P><STRONG><a name="[6b]"></a>write_dir</STRONG> (Thumb, 214 bytes, Stack size 64 bytes, virtual_fs.o(i.write_dir))
<BR><BR>[Stack]<UL><LI>Max Depth = 152<LI>Call Chain = write_dir &rArr; _util_assert &rArr; config_ram_get_assert &rArr; __aeabi_memcpy
</UL>
<BR>[Calls]<UL><LI><a href="#[de]">&gt;&gt;</a>&nbsp;&nbsp;&nbsp;_util_assert
<LI><a href="#[1f5]">&gt;&gt;</a>&nbsp;&nbsp;&nbsp;filename_valid
<LI><a href="#[96]">&gt;&gt;</a>&nbsp;&nbsp;&nbsp;__aeabi_memcpy
<LI><a href="#[1e0]">&gt;&gt;</a>&nbsp;&nbsp;&nbsp;memcmp
</UL>
<BR>[Address Reference Count : 1]<UL><LI> virtual_fs.o(.constdata)
</UL>
<P><STRONG><a name="[1f6]"></a>write_fat_internal</STRONG> (Thumb, 36 bytes, Stack size 8 bytes, virtual_fs.o(i.write_fat_internal))
<BR><BR>[Stack]<UL><LI>Max Depth = 96<LI>Call Chain = write_fat_internal &rArr; _util_assert &rArr; config_ram_get_assert &rArr; __aeabi_memcpy
</UL>
<BR>[Calls]<UL><LI><a href="#[de]">&gt;&gt;</a>&nbsp;&nbsp;&nbsp;_util_assert
</UL>
<BR>[Called By]<UL><LI><a href="#[1f7]">&gt;&gt;</a>&nbsp;&nbsp;&nbsp;vfs_init
<LI><a href="#[1f4]">&gt;&gt;</a>&nbsp;&nbsp;&nbsp;vfs_create_file
</UL>

<P><STRONG><a name="[6e]"></a>write_flash_fat</STRONG> (Thumb, 16 bytes, Stack size 8 bytes, virtual_fs.o(i.write_flash_fat))
<BR><BR>[Stack]<UL><LI>Max Depth = 112<LI>Call Chain = write_flash_fat &rArr; vfs_nvm_write_FAT &rArr; IS25LP128F_write &rArr; IS25LP128F_read &rArr; IS25LP128F_is_busy &rArr; spi_shift
</UL>
<BR>[Calls]<UL><LI><a href="#[1fa]">&gt;&gt;</a>&nbsp;&nbsp;&nbsp;vfs_nvm_write_FAT
</UL>
<BR>[Address Reference Count : 1]<UL><LI> virtual_fs.o(.constdata)
</UL>
<P><STRONG><a name="[4e]"></a>write_none</STRONG> (Thumb, 2 bytes, Stack size 0 bytes, virtual_fs.o(i.write_none))
<BR>[Address Reference Count : 2]<UL><LI> virtual_fs.o(i.vfs_create_file)
<LI> virtual_fs.o(.constdata)
</UL>
<P><STRONG><a name="[bf]"></a>flash_check_range</STRONG> (Thumb, 54 bytes, Stack size 4 bytes, fsl_flash.o(i.flash_check_range))
<BR><BR>[Stack]<UL><LI>Max Depth = 4<LI>Call Chain = flash_check_range
</UL>
<BR>[Called By]<UL><LI><a href="#[c5]">&gt;&gt;</a>&nbsp;&nbsp;&nbsp;FLASH_VerifyProgram
<LI><a href="#[bd]">&gt;&gt;</a>&nbsp;&nbsp;&nbsp;FLASH_VerifyErase
<LI><a href="#[c4]">&gt;&gt;</a>&nbsp;&nbsp;&nbsp;FLASH_Program
<LI><a href="#[bc]">&gt;&gt;</a>&nbsp;&nbsp;&nbsp;FLASH_Erase
</UL>

<P><STRONG><a name="[c0]"></a>flash_command_sequence</STRONG> (Thumb, 72 bytes, Stack size 8 bytes, fsl_flash.o(i.flash_command_sequence))
<BR><BR>[Stack]<UL><LI>Max Depth = 8<LI>Call Chain = flash_command_sequence
</UL>
<BR>[Called By]<UL><LI><a href="#[c5]">&gt;&gt;</a>&nbsp;&nbsp;&nbsp;FLASH_VerifyProgram
<LI><a href="#[bd]">&gt;&gt;</a>&nbsp;&nbsp;&nbsp;FLASH_VerifyErase
<LI><a href="#[c4]">&gt;&gt;</a>&nbsp;&nbsp;&nbsp;FLASH_Program
<LI><a href="#[bc]">&gt;&gt;</a>&nbsp;&nbsp;&nbsp;FLASH_Erase
</UL>

<P><STRONG><a name="[be]"></a>flash_get_matched_operation_info</STRONG> (Thumb, 60 bytes, Stack size 8 bytes, fsl_flash.o(i.flash_get_matched_operation_info))
<BR><BR>[Stack]<UL><LI>Max Depth = 8<LI>Call Chain = flash_get_matched_operation_info
</UL>
<BR>[Calls]<UL><LI><a href="#[94]">&gt;&gt;</a>&nbsp;&nbsp;&nbsp;__aeabi_uidivmod
</UL>
<BR>[Called By]<UL><LI><a href="#[c5]">&gt;&gt;</a>&nbsp;&nbsp;&nbsp;FLASH_VerifyProgram
<LI><a href="#[bd]">&gt;&gt;</a>&nbsp;&nbsp;&nbsp;FLASH_VerifyErase
<LI><a href="#[c4]">&gt;&gt;</a>&nbsp;&nbsp;&nbsp;FLASH_Program
<LI><a href="#[bc]">&gt;&gt;</a>&nbsp;&nbsp;&nbsp;FLASH_Erase
</UL>

<P><STRONG><a name="[15c]"></a>program_cfg</STRONG> (Thumb, 80 bytes, Stack size 16 bytes, settings_rom.o(i.program_cfg))
<BR><BR>[Stack]<UL><LI>Max Depth = 136<LI>Call Chain = program_cfg &rArr; ProgramPage &rArr; FLASH_Program &rArr; flash_cache_clear
</UL>
<BR>[Calls]<UL><LI><a href="#[da]">&gt;&gt;</a>&nbsp;&nbsp;&nbsp;ProgramPage
<LI><a href="#[bb]">&gt;&gt;</a>&nbsp;&nbsp;&nbsp;EraseSector
<LI><a href="#[9a]">&gt;&gt;</a>&nbsp;&nbsp;&nbsp;__aeabi_memset
<LI><a href="#[96]">&gt;&gt;</a>&nbsp;&nbsp;&nbsp;__aeabi_memcpy
</UL>
<BR>[Called By]<UL><LI><a href="#[15f]">&gt;&gt;</a>&nbsp;&nbsp;&nbsp;config_set_overflow_detect
<LI><a href="#[15e]">&gt;&gt;</a>&nbsp;&nbsp;&nbsp;config_set_automation_allowed
<LI><a href="#[15d]">&gt;&gt;</a>&nbsp;&nbsp;&nbsp;config_set_auto_rst
<LI><a href="#[158]">&gt;&gt;</a>&nbsp;&nbsp;&nbsp;config_rom_init
</UL>

<P><STRONG><a name="[e7]"></a>USBD_CDC_ACM_EP_BULKIN_HandleData</STRONG> (Thumb, 144 bytes, Stack size 24 bytes, usbd_cdc_acm.o(i.USBD_CDC_ACM_EP_BULKIN_HandleData))
<BR><BR>[Stack]<UL><LI>Max Depth = 40<LI>Call Chain = USBD_CDC_ACM_EP_BULKIN_HandleData &rArr; USBD_WriteEP
</UL>
<BR>[Calls]<UL><LI><a href="#[e8]">&gt;&gt;</a>&nbsp;&nbsp;&nbsp;USBD_WriteEP
</UL>
<BR>[Called By]<UL><LI><a href="#[f7]">&gt;&gt;</a>&nbsp;&nbsp;&nbsp;USBD_CDC_ACM_SOF_Event
<LI><a href="#[79]">&gt;&gt;</a>&nbsp;&nbsp;&nbsp;USBD_CDC_ACM_EP_BULK_Event
</UL>

<P><STRONG><a name="[ea]"></a>USBD_CDC_ACM_EP_BULKOUT_HandleData</STRONG> (Thumb, 78 bytes, Stack size 8 bytes, usbd_cdc_acm.o(i.USBD_CDC_ACM_EP_BULKOUT_HandleData))
<BR><BR>[Stack]<UL><LI>Max Depth = 136<LI>Call Chain = USBD_CDC_ACM_EP_BULKOUT_HandleData &rArr; USBD_ReadEP &rArr; _util_assert &rArr; config_ram_get_assert &rArr; __aeabi_memcpy
</UL>
<BR>[Calls]<UL><LI><a href="#[ec]">&gt;&gt;</a>&nbsp;&nbsp;&nbsp;USBD_ReadEP
</UL>
<BR>[Called By]<UL><LI><a href="#[f7]">&gt;&gt;</a>&nbsp;&nbsp;&nbsp;USBD_CDC_ACM_SOF_Event
<LI><a href="#[e9]">&gt;&gt;</a>&nbsp;&nbsp;&nbsp;USBD_CDC_ACM_EP_BULKOUT_Event
</UL>

<P><STRONG><a name="[102]"></a>USBD_ReqSetClrFeature</STRONG> (Thumb, 160 bytes, Stack size 16 bytes, usbd_core.o(i.USBD_ReqSetClrFeature))
<BR><BR>[Stack]<UL><LI>Max Depth = 48<LI>Call Chain = USBD_ReqSetClrFeature &rArr; USBD_ReqClrFeature_MSC &rArr; USBD_MSC_ClrStallEP &rArr; USBD_WriteEP
</UL>
<BR>[Calls]<UL><LI><a href="#[145]">&gt;&gt;</a>&nbsp;&nbsp;&nbsp;USBD_WakeUpCfg
<LI><a href="#[10e]">&gt;&gt;</a>&nbsp;&nbsp;&nbsp;USBD_SetStallEP
<LI><a href="#[fc]">&gt;&gt;</a>&nbsp;&nbsp;&nbsp;USBD_ClrStallEP
<LI><a href="#[144]">&gt;&gt;</a>&nbsp;&nbsp;&nbsp;USBD_ReqClrFeature_MSC
</UL>
<BR>[Called By]<UL><LI><a href="#[75]">&gt;&gt;</a>&nbsp;&nbsp;&nbsp;USBD_EndPoint0
</UL>

<P><STRONG><a name="[93]"></a>_partition_sort</STRONG> (Thumb, 530 bytes, Stack size 304 bytes, qsortnoex.o(.text))
<BR><BR>[Stack]<UL><LI>Max Depth = 304<LI>Call Chain = _partition_sort
</UL>
<BR>[Calls]<UL><LI><a href="#[94]">&gt;&gt;</a>&nbsp;&nbsp;&nbsp;__aeabi_uidivmod
</UL>
<BR>[Called By]<UL><LI><a href="#[95]">&gt;&gt;</a>&nbsp;&nbsp;&nbsp;qsort
</UL>
<P>
<H3>
Undefined Global Symbols
</H3>
<P><STRONG><a name="[a4]"></a>_call_atexit_fns</STRONG> (ARM, 0 bytes, Stack size 0 bytes, UNDEFINED)
<BR><BR>[Called By]<UL><LI><a href="#[87]">&gt;&gt;</a>&nbsp;&nbsp;&nbsp;exit
</UL>
<HR></body></html>
