Component: ARM Compiler 5.06 update 6 (build 750) Tool: armlink [4d35ed]

==============================================================================

Section Cross References

    microbit.o(i.prerun_board_config) refers to microbit.o(.constdata) for .constdata
    microbit.o(i.prerun_board_config) refers to microbit.o(.data) for .data
    microbit.o(i.set_board_id) refers to microbit.o(.constdata) for .constdata
    microbit.o(i.set_board_id) refers to microbit.o(.data) for .data
    microbit.o(.constdata) refers to microbit.o(.conststring) for .conststring
    microbit.o(.constdata) refers to microbit.o(.conststring) for .conststring
    microbit.o(.data) refers to microbit.o(.conststring) for .conststring
    dap.o(i.DAP_ExecuteCommand) refers to dap.o(i.DAP_ProcessCommand) for DAP_ProcessCommand
    dap.o(i.DAP_ProcessCommand) refers to dap_vendor.o(i.DAP_ProcessVendorCommand) for DAP_ProcessVendorCommand
    dap.o(i.DAP_ProcessCommand) refers to dap.o(i.__ARM_common_memcpy1_5) for __ARM_common_memcpy1_5
    dap.o(i.DAP_ProcessCommand) refers to aeabi_sdivfast.o(.text) for __aeabi_uidivmod
    dap.o(i.DAP_ProcessCommand) refers to sw_dp.o(i.SWJ_Sequence) for SWJ_Sequence
    dap.o(i.DAP_ProcessCommand) refers to dap.o(i.DAP_SWD_Transfer) for DAP_SWD_Transfer
    dap.o(i.DAP_ProcessCommand) refers to sw_dp.o(i.SWD_Transfer) for SWD_Transfer
    dap.o(i.DAP_ProcessCommand) refers to dap.o(.constdata) for .constdata
    dap.o(i.DAP_ProcessCommand) refers to dap.o(.bss) for .bss
    dap.o(i.DAP_ProcessCommand) refers to dap.o(.data) for .data
    dap.o(i.DAP_SWD_Transfer) refers to sw_dp.o(i.SWD_Transfer) for SWD_Transfer
    dap.o(i.DAP_SWD_Transfer) refers to dap.o(.data) for .data
    dap.o(i.DAP_SWD_Transfer) refers to dap.o(.bss) for .bss
    dap.o(i.DAP_Setup) refers to dap.o(.bss) for .bss
    dap_vendor.o(i.DAP_ProcessVendorCommand) refers to info.o(i.info_get_unique_id) for info_get_unique_id
    dap_vendor.o(i.DAP_ProcessVendorCommand) refers to strlen.o(.text) for strlen
    dap_vendor.o(i.DAP_ProcessVendorCommand) refers to rt_memcpy.o(.text) for __aeabi_memcpy
    dap_vendor.o(i.DAP_ProcessVendorCommand) refers to usbd_user_cdc_acm.o(i.USBD_CDC_ACM_PortGetLineCoding) for USBD_CDC_ACM_PortGetLineCoding
    dap_vendor.o(i.DAP_ProcessVendorCommand) refers to usbd_user_cdc_acm.o(i.USBD_CDC_ACM_PortSetLineCoding) for USBD_CDC_ACM_PortSetLineCoding
    dap_vendor.o(i.DAP_ProcessVendorCommand) refers to usbd_user_cdc_acm.o(i.USBD_CDC_ACM_SendBreak) for USBD_CDC_ACM_SendBreak
    dap_vendor.o(i.DAP_ProcessVendorCommand) refers to uart.o(i.uart_read_data) for uart_read_data
    dap_vendor.o(i.DAP_ProcessVendorCommand) refers to uart.o(i.uart_write_data) for uart_write_data
    dap_vendor.o(i.DAP_ProcessVendorCommand) refers to main.o(i.main_usb_set_test_mode) for main_usb_set_test_mode
    dap_vendor.o(i.DAP_ProcessVendorCommand) refers to settings_rom.o(i.config_get_auto_rst) for config_get_auto_rst
    dap_vendor.o(i.DAP_ProcessVendorCommand) refers to target_reset.o(i.target_set_state) for target_set_state
    dap_vendor.o(i.DAP_ProcessVendorCommand) refers to file_stream.o(i.stream_open) for stream_open
    dap_vendor.o(i.DAP_ProcessVendorCommand) refers to file_stream.o(i.stream_close) for stream_close
    dap_vendor.o(i.DAP_ProcessVendorCommand) refers to file_stream.o(i.stream_write) for stream_write
    sw_dp.o(i.SWD_Transfer) refers to sw_dp.o(i.SWD_TransferFast) for SWD_TransferFast
    sw_dp.o(i.SWD_Transfer) refers to sw_dp.o(i.SWD_TransferSlow) for SWD_TransferSlow
    sw_dp.o(i.SWD_Transfer) refers to dap.o(.bss) for DAP_Data
    sw_dp.o(i.SWD_TransferFast) refers to dap.o(.bss) for DAP_Data
    sw_dp.o(i.SWD_TransferSlow) refers to dap.o(.bss) for DAP_Data
    sw_dp.o(i.SWJ_Sequence) refers to dap.o(.bss) for DAP_Data
    usbd_user_hid.o(i.hid_send_packet) refers to usbd_hid.o(i.usbd_hid_get_report_trigger) for usbd_hid_get_report_trigger
    usbd_user_hid.o(i.hid_send_packet) refers to aeabi_sdivfast.o(.text) for __aeabi_uidivmod
    usbd_user_hid.o(i.hid_send_packet) refers to usbd_user_hid.o(.data) for .data
    usbd_user_hid.o(i.hid_send_packet) refers to usbd_user_hid.o(.bss) for .bss
    usbd_user_hid.o(i.usbd_hid_get_report) refers to rt_memcpy.o(.text) for __aeabi_memcpy
    usbd_user_hid.o(i.usbd_hid_get_report) refers to aeabi_sdivfast.o(.text) for __aeabi_uidivmod
    usbd_user_hid.o(i.usbd_hid_get_report) refers to usbd_user_hid.o(.data) for .data
    usbd_user_hid.o(i.usbd_hid_get_report) refers to usbd_user_hid.o(.bss) for .bss
    usbd_user_hid.o(i.usbd_hid_init) refers to usbd_user_hid.o(.data) for .data
    usbd_user_hid.o(i.usbd_hid_set_report) refers to rt_memcpy.o(.text) for __aeabi_memcpy
    usbd_user_hid.o(i.usbd_hid_set_report) refers to dap.o(i.DAP_ExecuteCommand) for DAP_ExecuteCommand
    usbd_user_hid.o(i.usbd_hid_set_report) refers to microbit.o(i.usbd_hid_no_activity) for usbd_hid_no_activity
[...]
    usbd_msc_inquiry_data                    0x1ffff154   Data           4  usb_config.o(.data)
    USBD_WebUSBURLDescriptor                 0x1ffff158   Data          63  usb_config.o(.data)
    USBD_AltSetting                          0x1ffff197   Data           5  usb_config.o(.data)
    USBD_HID_PollingCnt                      0x1ffff19c   Data           2  usb_config.o(.data)
    USBD_HID_IdleCnt                         0x1ffff19e   Data           1  usb_config.o(.data)
    USBD_HID_IdleReload                      0x1ffff19f   Data           1  usb_config.o(.data)
    USBD_HID_IdleSet                         0x1ffff1a0   Data           1  usb_config.o(.data)
    USBD_HID_FeatReport                      0x1ffff1a1   Data           2  usb_config.o(.data)
    UsbSuspended                             0x1ffff1a4   Data           1  usbd_kinetis.o(.data)
    Ep0ZlpOut                                0x1ffff1a5   Data           1  usbd_kinetis.o(.data)
    StatQueueHead                            0x1ffff1a8   Data           4  usbd_kinetis.o(.data)
    StatQueueTail                            0x1ffff1ac   Data           4  usbd_kinetis.o(.data)
    LastIstat                                0x1ffff1b0   Data           4  usbd_kinetis.o(.data)
    Data1                                    0x1ffff1b4   Data           4  usbd_kinetis.o(.data)
    OutEpSize                                0x1ffff1b8   Data           5  usbd_kinetis.o(.data)
    os_tick_irqn                             0x1ffff1cc   Data           4  rt_system.o(.data)
    os_tsk                                   0x1ffff1d0   Data           8  rt_task.o(.data)
    os_time                                  0x1ffff1d8   Data           4  rt_time.o(.data)
    os_tmr                                   0x1ffff1dc   Data           8  rt_timer.o(.data)
    target_device                            0x1ffff1e4   Data         104  target_16.o(.data)
    control_line_state                       0x1ffff24c   Data           2  usbd_cdc_acm.o(.data)
    data_send_access                         0x1ffff250   Data           4  usbd_cdc_acm.o(.data)
    data_send_active                         0x1ffff254   Data           4  usbd_cdc_acm.o(.data)
    data_send_zlp                            0x1ffff258   Data           4  usbd_cdc_acm.o(.data)
    data_to_send_wr                          0x1ffff25c   Data           4  usbd_cdc_acm.o(.data)
    data_to_send_rd                          0x1ffff260   Data           4  usbd_cdc_acm.o(.data)
    ptr_data_to_send                         0x1ffff264   Data           4  usbd_cdc_acm.o(.data)
    ptr_data_sent                            0x1ffff268   Data           4  usbd_cdc_acm.o(.data)
    data_read_access                         0x1ffff26c   Data           4  usbd_cdc_acm.o(.data)
    data_receive_int_access                  0x1ffff270   Data           4  usbd_cdc_acm.o(.data)
    data_received_pending_pckts              0x1ffff274   Data           4  usbd_cdc_acm.o(.data)
    data_no_space_for_receive                0x1ffff278   Data           4  usbd_cdc_acm.o(.data)
    ptr_data_received                        0x1ffff27c   Data           4  usbd_cdc_acm.o(.data)
    ptr_data_read                            0x1ffff280   Data           4  usbd_cdc_acm.o(.data)
    line_coding                              0x1ffff284   Data           7  usbd_cdc_acm.o(.data)
    USBD_DeviceAddress                       0x1ffff28c   Data           1  usbd_core.o(.data)
    USBD_Configuration                       0x1ffff28d   Data           1  usbd_core.o(.data)
    USBD_NumInterfaces                       0x1ffff28e   Data           1  usbd_core.o(.data)
    USBD_HighSpeed                           0x1ffff28f   Data           1  usbd_core.o(.data)
    USBD_ZLP                                 0x1ffff290   Data           1  usbd_core.o(.data)
    USBD_DeviceStatus                        0x1ffff292   Data           2  usbd_core.o(.data)
    USBD_EndPointMask                        0x1ffff294   Data           4  usbd_core.o(.data)
    USBD_EndPointHalt                        0x1ffff298   Data           4  usbd_core.o(.data)
    USBD_EndPointStall                       0x1ffff29c   Data           4  usbd_core.o(.data)
    USBD_EP0Data                             0x1ffff2a0   Data           8  usbd_core.o(.data)
    USBD_SetupPacket                         0x1ffff2a8   Data           8  usbd_core.o(.data)
    USBD_HID_Protocol                        0x1ffff2b1   Data           1  usbd_hid.o(.data)
    DataOutToSendLen                         0x1ffff2b2   Data           2  usbd_hid.o(.data)
    DataOutSentLen                           0x1ffff2b4   Data           2  usbd_hid.o(.data)
    DataInReceMax                            0x1ffff2b6   Data           2  usbd_hid.o(.data)
    DataInReceLen                            0x1ffff2b8   Data           2  usbd_hid.o(.data)
    DataFeatReceLen                          0x1ffff2ba   Data           2  usbd_hid.o(.data)
    DataOutAsyncReq                          0x1ffff2bc   Data           4  usbd_hid.o(.data)
    DataOutUpdateReqMask                     0x1ffff2c0   Data           4  usbd_hid.o(.data)
    ptrDataOut                               0x1ffff2c4   Data           4  usbd_hid.o(.data)
    DataOutEndWithShortPacket                0x1ffff2c8   Data           4  usbd_hid.o(.data)
    ptrDataIn                                0x1ffff2cc   Data           4  usbd_hid.o(.data)
    ptrDataFeat                              0x1ffff2d0   Data           4  usbd_hid.o(.data)
    BulkStage                                0x1ffff2d4   Data           1  usbd_msc.o(.data)
    USBD_MSC_MediaReady                      0x1ffff2d8   Data           4  usbd_msc.o(.data)
    USBD_MSC_ReadOnly                        0x1ffff2dc   Data           4  usbd_msc.o(.data)
    USBD_MSC_MediaReadyEx                    0x1ffff2e0   Data           4  usbd_msc.o(.data)
    USBD_MSC_BlockSize                       0x1ffff2e4   Data           4  usbd_msc.o(.data)
    USBD_MSC_BlockGroup                      0x1ffff2e8   Data           4  usbd_msc.o(.data)
    USBD_MSC_BlockCount                      0x1ffff2ec   Data           4  usbd_msc.o(.data)
    USBD_MSC_BlockBuf                        0x1ffff2f0   Data           4  usbd_msc.o(.data)
    MemOK                                    0x1ffff2f4   Data           4  usbd_msc.o(.data)
    Block                                    0x1ffff2f8   Data           4  usbd_msc.o(.data)
    Offset                                   0x1ffff2fc   Data           4  usbd_msc.o(.data)
    Length                                   0x1ffff300   Data           4  usbd_msc.o(.data)
    BulkLen                                  0x1ffff304   Data           4  usbd_msc.o(.data)
    USBD_MSC_MemorySize                      0x1ffff308   Data           4  usbd_msc.o(.data)
    UART_Config                              0x1ffff310   Data           8  usbd_user_cdc_acm.o(.data)
    DAP_Data                                 0x1ffff318   Data          24  dap.o(.bss)
    mp_tcb                                   0x1ffff928   Data         204  rtx_config.o(.bss)
    mp_stk                                   0x1ffff9f8   Data         152  rtx_config.o(.bss)
    os_fifo                                  0x1ffffa90   Data          36  rtx_config.o(.bss)
    os_active_TCB                            0x1ffffab4   Data          16  rtx_config.o(.bss)
    mbr                                      0x200008bc   Data         512  virtual_fs.o(.bss)
    mbr_ffs                                  0x20000abc   Data         512  virtual_fs.o(.bss)
    fat                                      0x20000cbc   Data         512  virtual_fs.o(.bss)
    virtual_media                            0x20000ebc   Data         192  virtual_fs.o(.bss)
    virtual_media_ffs                        0x20000f7c   Data         192  virtual_fs.o(.bss)
    dir_current                              0x2000103c   Data        1024  virtual_fs.o(.bss)
    g_flash                                  0x20001650   Data          52  flashprg.o(.bss)
    write_buffer                             0x20001710   Data          16  uart.o(.bss)
    write_buffer_data                        0x20001720   Data         512  uart.o(.bss)
    read_buffer                              0x20001920   Data          16  uart.o(.bss)
    read_buffer_data                         0x20001930   Data         512  uart.o(.bss)
    USBD_EP0Buf                              0x20001b30   Data          64  usb_config.o(.bss)
    USBD_HID_InReport                        0x20001b70   Data          65  usb_config.o(.bss)
    USBD_HID_OutReport                       0x20001bb1   Data          65  usb_config.o(.bss)
    USBD_MSC_BulkBuf                         0x20001bf2   Data          64  usb_config.o(.bss)
    USBD_CDC_ACM_SendBuf                     0x20001c32   Data          64  usb_config.o(.bss)
    USBD_CDC_ACM_ReceiveBuf                  0x20001c72   Data          64  usb_config.o(.bss)
    BD                                       0x20001e00   Data         160  usbd_kinetis.o(.bss)
    EPBuf                                    0x20001ea0   Data        1280  usbd_kinetis.o(.bss)
    StatQueue                                0x200023a0   Data          21  usbd_kinetis.o(.bss)
    os_rdy                                   0x200024b8   Data          24  rt_list.o(.bss)
    os_dly                                   0x200024d0   Data          24  rt_list.o(.bss)
    os_idle_TCB                              0x200024e8   Data          48  rt_task.o(.bss)
    USBD_MSC_CBW                             0x200025c0   Data          31  usbd_msc.o(.bss)
    USBD_MSC_CSW                             0x200025df   Data          13  usbd_msc.o(.bss)
    __libspace_start                         0x200025ec   Data          96  libspace.o(.bss)
    __temporary_stack_top$libspace           0x2000264c   Data           0  libspace.o(.bss)



==============================================================================

Memory Map of the image

  Image Entry point : 0x000080c1

  Load Region LR_IROM1 (Base: 0x00008000, Size: 0x00017e80, Max: 0x00017c00, ABSOLUTE, COMPRESSED[0x00017c00])

    Execution Region ER_IROM1 (Exec base: 0x00008000, Load base: 0x00008000, Size: 0x0000cb38, Max: 0x00017c00, ABSOLUTE)

    Exec Addr    Load Addr    Size         Type   Attr      Idx    E Section Name        Object

    0x00008000   0x00008000   0x000000c0   Data   RO         2645    RESET               startup_mkl26z4.o
    0x000080c0   0x000080c0   0x00000008   Code   RO         4790  * !!!main             c_p.l(__main.o)
    0x000080c8   0x000080c8   0x0000003c   Code   RO         4962    !!!scatter          c_p.l(__scatter.o)
    0x00008104   0x00008104   0x0000001c   Code   RO         4964    !!handler_zi        c_p.l(__scatter_zi.o)
    0x00008120   0x00008120   0x00000002   Code   RO         4847    .ARM.Collect$$libinit$$00000000  c_p.l(libinit.o)
    0x00008122   0x00008122   0x00000000   Code   RO         4858    .ARM.Collect$$libinit$$00000002  c_p.l(libinit2.o)
    0x00008122   0x00008122   0x00000000   Code   RO         4860    .ARM.Collect$$libinit$$00000004  c_p.l(libinit2.o)
    0x00008122   0x00008122   0x00000000   Code   RO         4863    .ARM.Collect$$libinit$$0000000A  c_p.l(libinit2.o)
    0x00008122   0x00008122   0x00000000   Code   RO         4865    .ARM.Collect$$libinit$$0000000C  c_p.l(libinit2.o)
    0x00008122   0x00008122   0x00000000   Code   RO         4867    .ARM.Collect$$libinit$$0000000E  c_p.l(libinit2.o)
    0x00008122   0x00008122   0x00000000   Code   RO         4870    .ARM.Collect$$libinit$$00000011  c_p.l(libinit2.o)
    0x00008122   0x00008122   0x00000000   Code   RO         4872    .ARM.Collect$$libinit$$00000013  c_p.l(libinit2.o)
    0x00008122   0x00008122   0x00000000   Code   RO         4874    .ARM.Collect$$libinit$$00000015  c_p.l(libinit2.o)
    0x00008122   0x00008122   0x00000000   Code   RO         4876    .ARM.Collect$$libinit$$00000017  c_p.l(libinit2.o)
    0x00008122   0x00008122   0x00000000   Code   RO         4878    .ARM.Collect$$libinit$$00000019  c_p.l(libinit2.o)
    0x00008122   0x00008122   0x00000000   Code   RO         4880    .ARM.Collect$$libinit$$0000001B  c_p.l(libinit2.o)
    0x00008122   0x00008122   0x00000000   Code   RO         4882    .ARM.Collect$$libinit$$0000001D  c_p.l(libinit2.o)
    0x00008122   0x00008122   0x00000000   Code   RO         4884    .ARM.Collect$$libinit$$0000001F  c_p.l(libinit2.o)
    0x00008122   0x00008122   0x00000000   Code   RO         4886    .ARM.Collect$$libinit$$00000021  c_p.l(libinit2.o)
    0x00008122   0x00008122   0x00000000   Code   RO         4888    .ARM.Collect$$libinit$$00000023  c_p.l(libinit2.o)
    0x00008122   0x00008122   0x00000000   Code   RO         4890    .ARM.Collect$$libinit$$00000025  c_p.l(libinit2.o)
    0x00008122   0x00008122   0x00000000   Code   RO         4894    .ARM.Collect$$libinit$$0000002C  c_p.l(libinit2.o)
    0x00008122   0x00008122   0x00000000   Code   RO         4896    .ARM.Collect$$libinit$$0000002E  c_p.l(libinit2.o)
    0x00008122   0x00008122   0x00000000   Code   RO         4898    .ARM.Collect$$libinit$$00000030  c_p.l(libinit2.o)
    0x00008122   0x00008122   0x00000000   Code   RO         4900    .ARM.Collect$$libinit$$00000032  c_p.l(libinit2.o)
    0x00008122   0x00008122   0x00000002   Code   RO         4901    .ARM.Collect$$libinit$$00000033  c_p.l(libinit2.o)
    0x00008124   0x00008124   0x00000002   Code   RO         4933    .ARM.Collect$$libshutdown$$00000000  c_p.l(libshutdown.o)
    0x00008126   0x00008126   0x00000000   Code   RO         4943    .ARM.Collect$$libshutdown$$00000002  c_p.l(libshutdown2.o)
    0x00008126   0x00008126   0x00000000   Code   RO         4945    .ARM.Collect$$libshutdown$$00000004  c_p.l(libshutdown2.o)
    0x00008126   0x00008126   0x00000000   Code   RO         4948    .ARM.Collect$$libshutdown$$00000007  c_p.l(libshutdown2.o)
    0x00008126   0x00008126   0x00000000   Code   RO         4951    .ARM.Collect$$libshutdown$$0000000A  c_p.l(libshutdown2.o)
    0x00008126   0x00008126   0x00000000   Code   RO         4953    .ARM.Collect$$libshutdown$$0000000C  c_p.l(libshutdown2.o)
    0x00008126   0x00008126   0x00000000   Code   RO         4956    .ARM.Collect$$libshutdown$$0000000F  c_p.l(libshutdown2.o)
    0x00008126   0x00008126   0x00000002   Code   RO         4957    .ARM.Collect$$libshutdown$$00000010  c_p.l(libshutdown2.o)
    0x00008128   0x00008128   0x00000000   Code   RO         4794    .ARM.Collect$$rtentry$$00000000  c_p.l(__rtentry.o)
    0x00008128   0x00008128   0x00000000   Code   RO         4807    .ARM.Collect$$rtentry$$00000002  c_p.l(__rtentry2.o)
    0x00008128   0x00008128   0x00000006   Code   RO         4819    .ARM.Collect$$rtentry$$00000004  c_p.l(__rtentry4.o)
    0x0000812e   0x0000812e   0x00000000   Code   RO         4809    .ARM.Collect$$rtentry$$00000009  c_p.l(__rtentry2.o)
    0x0000812e   0x0000812e   0x00000004   Code   RO         4810    .ARM.Collect$$rtentry$$0000000A  c_p.l(__rtentry2.o)
    0x00008132   0x00008132   0x00000000   Code   RO         4812    .ARM.Collect$$rtentry$$0000000C  c_p.l(__rtentry2.o)
    0x00008132   0x00008132   0x00000008   Code   RO         4813    .ARM.Collect$$rtentry$$0000000D  c_p.l(__rtentry2.o)
    0x0000813a   0x0000813a   0x00000002   Code   RO         4851    .ARM.Collect$$rtexit$$00000000  c_p.l(rtexit.o)
    0x0000813c   0x0000813c   0x00000000   Code   RO         4903    .ARM.Collect$$rtexit$$00000002  c_p.l(rtexit2.o)
    0x0000813c   0x0000813c   0x00000004   Code   RO         4904    .ARM.Collect$$rtexit$$00000003  c_p.l(rtexit2.o)
    0x00008140   0x00008140   0x00000006   Code   RO         4905    .ARM.Collect$$rtexit$$00000004  c_p.l(rtexit2.o)
    0x00008146   0x00008146   0x00000002   PAD
    0x00008148   0x00008148   0x00000188   Code   RO         3249    .emb_text           hal_cm1.o
    0x000082d0   0x000082d0   0x00000038   Code   RO         4774    .emb_text           c_p.l(rt_memcpy.o)
    0x00008308   0x00008308   0x00000038   Code   RO         2647    .text               startup_mkl26z4.o
    0x00008340   0x00008340   0x00000008   Code   RO         4759    .text               c_p.l(libspace.o)
    0x00008348   0x00008348   0x00000014   Code   RO         4762    .text               c_p.l(abort.o)
    0x0000835c   0x0000835c   0x0000005a   Code   RO         4766    .text               c_p.l(memcmp.o)
    0x000083b6   0x000083b6   0x00000002   PAD
    0x000083b8   0x000083b8   0x00000044   Code   RO         4768    .text               c_p.l(strlen.o)
    0x000083fc   0x000083fc   0x00000002   Code   RO         4803    .text               c_p.l(use_no_semi.o)
    0x000083fe   0x000083fe   0x00000000   Code   RO         4805    .text               c_p.l(indicate_semi.o)
    0x000083fe   0x000083fe   0x00000002   Code   RO         3995    i.USBD_CDC_ACM_EP_INTIN_Event  usbd_cdc_acm.o
    0x00008400   0x00008400   0x00000010   Code   RO         2646    .ARM.__at_0x8400    startup_mkl26z4.o
    0x00008410   0x00008410   0x0000029a   Code   RO         4764    .text               c_p.l(qsortnoex.o)
    0x000086aa   0x000086aa   0x00000002   PAD
    0x000086ac   0x000086ac   0x000000a0   Code   RO         4770    .text               c_p.l(strncmp.o)
    0x0000874c   0x0000874c   0x00000018   Code   RO         4772    .text               c_p.l(strcat.o)
    0x00008764   0x00008764   0x00000082   Code   RO         4775    .text               c_p.l(rt_memcpy.o)
    0x000087e6   0x000087e6   0x00000096   Code   RO         4778    .text               c_p.l(rt_memmove.o)
    0x0000887c   0x0000887c   0x00000012   Code   RO         4780    .text               c_p.l(aeabi_memset.o)
    0x0000888e   0x0000888e   0x00000040   Code   RO         4782    .text               c_p.l(rt_memclr.o)
    0x000088ce   0x000088ce   0x000001e8   Code   RO         4784    .text               c_p.l(aeabi_sdivfast.o)
    0x00008ab6   0x00008ab6   0x00000006   Code   RO         4788    .text               c_p.l(heapauxi.o)
    0x00008abc   0x00008abc   0x0000000c   Code   RO         4792    .text               c_p.l(sys_exit.o)
    0x00008ac8   0x00008ac8   0x0000000c   Code   RO         4799    .text               c_p.l(defsig_abrt_outer.o)
    0x00008ad4   0x00008ad4   0x0000000c   Code   RO         4825    .text               c_p.l(defsig_exit.o)
    0x00008ae0   0x00008ae0   0x00000030   Code   RO         4827    .text               c_p.l(defsig_abrt_inner.o)
    0x00008b10   0x00008b10   0x0000003e   Code   RO         4829    .text               c_p.l(sys_stackheap_outer.o)
    0x00008b4e   0x00008b4e   0x00000010   Code   RO         4832    .text               c_p.l(exit.o)
    0x00008b5e   0x00008b5e   0x00000034   Code   RO         4836    .text               c_p.l(defsig_general.o)
    0x00008b92   0x00008b92   0x0000000c   Code   RO         4848    .text               c_p.l(sys_wrch.o)
    0x00008b9e   0x00008b9e   0x00000056   Code   RO         4960    .text               c_p.l(__dczerorl2.o)
    0x00008bf4   0x00008bf4   0x00000004   Code   RO         1142    SVC_TABLE           svc_table.o
    0x00008bf8   0x00008bf8   0x0000003c   Code   RO          103    i.DAP_ExecuteCommand  dap.o
    0x00008c34   0x00008c34   0x00000590   Code   RO          104    i.DAP_ProcessCommand  dap.o
    0x000091c4   0x000091c4   0x00000140   Code   RO          177    i.DAP_ProcessVendorCommand  dap_vendor.o
    0x00009304   0x00009304   0x00000318   Code   RO          106    i.DAP_SWD_Transfer  dap.o
    0x0000961c   0x0000961c   0x0000006c   Code   RO          107    i.DAP_Setup         dap.o
    0x00009688   0x00009688   0x0000003c   Code   RO         2281    i.EraseSector       flashprg.o
    0x000096c4   0x000096c4   0x00000090   Code   RO         2336    i.FLASH_Erase       fsl_flash.o
    0x00009754   0x00009754   0x00000078   Code   RO         2338    i.FLASH_Init        fsl_flash.o
    0x000097cc   0x000097cc   0x00000078   Code   RO         2339    i.FLASH_PrepareExecuteInRamFunctions  fsl_flash.o
    0x00009844   0x00009844   0x00000090   Code   RO         2340    i.FLASH_Program     fsl_flash.o
    0x000098d4   0x000098d4   0x00000094   Code   RO         2342    i.FLASH_VerifyErase  fsl_flash.o
    0x00009968   0x00009968   0x0000008c   Code   RO         2344    i.FLASH_VerifyProgram  fsl_flash.o
    0x000099f4   0x000099f4   0x00000062   Code   RO          699    i.HardFault_Handler  hardfault_handler.o
    0x00009a56   0x00009a56   0x0000005a   Code   RO         3129    i.IS25LP128F_delete_sector  is25lp128f.o
    0x00009ab0   0x00009ab0   0x0000003c   Code   RO         3130    i.IS25LP128F_detect  is25lp128f.o
    0x00009aec   0x00009aec   0x00000020   Code   RO         3133    i.IS25LP128F_init   is25lp128f.o
    0x00009b0c   0x00009b0c   0x0000001e   Code   RO         3134    i.IS25LP128F_is_busy  is25lp128f.o
    0x00009b2a   0x00009b2a   0x00000002   PAD
    0x00009b2c   0x00009b2c   0x0000000c   Code   RO         3135    i.IS25LP128F_is_detected  is25lp128f.o
    0x00009b38   0x00009b38   0x000000ba   Code   RO         3136    i.IS25LP128F_program  is25lp128f.o
    0x00009bf2   0x00009bf2   0x00000074   Code   RO         3137    i.IS25LP128F_read   is25lp128f.o
    0x00009c66   0x00009c66   0x00000036   Code   RO         3139    i.IS25LP128F_sfdp   is25lp128f.o
    0x00009c9c   0x00009c9c   0x00000258   Code   RO         3142    i.IS25LP128F_write  is25lp128f.o
    0x00009ef4   0x00009ef4   0x0000002c   Code   RO         3143    i.IS25LP128F_write_enable  is25lp128f.o
    0x00009f20   0x00009f20   0x00000026   Code   RO         3144    i.IS25LP128F_write_sector  is25lp128f.o
    0x00009f46   0x00009f46   0x00000002   PAD
    0x00009f48   0x00009f48   0x00000030   Code   RO         2282    i.Init              flashprg.o
    0x00009f78   0x00009f78   0x0000005c   Code   RO         1147    i.JTAG2SWD          swd_host.o
    0x00009fd4   0x00009fd4   0x00000044   Code   RO         2283    i.ProgramPage       flashprg.o
    0x0000a018   0x0000a018   0x0000001c   Code   RO          324    i.SWD_Transfer      sw_dp.o
    0x0000a034   0x0000a034   0x000001c8   Code   RO          325    i.SWD_TransferFast  sw_dp.o
    0x0000a1fc   0x0000a1fc   0x00000310   Code   RO          326    i.SWD_TransferSlow  sw_dp.o
    0x0000a50c   0x0000a50c   0x00000050   Code   RO          327    i.SWJ_Sequence      sw_dp.o
    0x0000a55c   0x0000a55c   0x00000098   Code   RO         2656    i.SystemInit        system_mkl26z4.o
    0x0000a5f4   0x0000a5f4   0x00000018   Code   RO          559    i.SystemReset       cortex_m.o
    0x0000a60c   0x0000a60c   0x000000e8   Code   RO         2687    i.UART1_IRQHandler  uart.o
    0x0000a6f4   0x0000a6f4   0x000000e0   Code   RO         2969    i.USB0_IRQHandler   usbd_kinetis.o
    0x0000a7d4   0x0000a7d4   0x00000004   Code   RO         3984    i.USBD_CDC_ACM_ClearCommFeature  usbd_cdc_acm.o
    0x0000a7d8   0x0000a7d8   0x00000034   Code   RO         3987    i.USBD_CDC_ACM_DataRead  usbd_cdc_acm.o
    0x0000a80c   0x0000a80c   0x00000004   Code   RO         3988    i.USBD_CDC_ACM_DataReceived  usbd_cdc_acm.o
    0x0000a810   0x0000a810   0x00000070   Code   RO         3989    i.USBD_CDC_ACM_DataSend  usbd_cdc_acm.o
    0x0000a880   0x0000a880   0x000000a8   Code   RO         3991    i.USBD_CDC_ACM_EP_BULKIN_HandleData  usbd_cdc_acm.o
    0x0000a928   0x0000a928   0x00000038   Code   RO         3992    i.USBD_CDC_ACM_EP_BULKOUT_Event  usbd_cdc_acm.o
    0x0000a960   0x0000a960   0x00000068   Code   RO         3993    i.USBD_CDC_ACM_EP_BULKOUT_HandleData  usbd_cdc_acm.o
    0x0000a9c8   0x0000a9c8   0x0000002c   Code   RO         3994    i.USBD_CDC_ACM_EP_BULK_Event  usbd_cdc_acm.o
    0x0000a9f4   0x0000a9f4   0x00000004   Code   RO         3997    i.USBD_CDC_ACM_GetCommFeature  usbd_cdc_acm.o
    0x0000a9f8   0x0000a9f8   0x00000004   Code   RO         3998    i.USBD_CDC_ACM_GetEncapsulatedResponse  usbd_cdc_acm.o
    0x0000a9fc   0x0000a9fc   0x00000038   Code   RO         3999    i.USBD_CDC_ACM_GetLineCoding  usbd_cdc_acm.o
    0x0000aa34   0x0000aa34   0x0000004c   Code   RO         4000    i.USBD_CDC_ACM_Initialize  usbd_cdc_acm.o
    0x0000aa80   0x0000aa80   0x00000028   Code   RO         4694    i.USBD_CDC_ACM_PortGetLineCoding  usbd_user_cdc_acm.o
    0x0000aaa8   0x0000aaa8   0x0000000e   Code   RO         4695    i.USBD_CDC_ACM_PortInitialize  usbd_user_cdc_acm.o
    0x0000aab6   0x0000aab6   0x0000000a   Code   RO         4696    i.USBD_CDC_ACM_PortReset  usbd_user_cdc_acm.o
    0x0000aac0   0x0000aac0   0x00000004   Code   RO         4697    i.USBD_CDC_ACM_PortSetControlLineState  usbd_user_cdc_acm.o
    0x0000aac4   0x0000aac4   0x00000038   Code   RO         4698    i.USBD_CDC_ACM_PortSetLineCoding  usbd_user_cdc_acm.o
    0x0000aafc   0x0000aafc   0x00000050   Code   RO         4009    i.USBD_CDC_ACM_Reset  usbd_cdc_acm.o
    0x0000ab4c   0x0000ab4c   0x00000008   Code   RO         4010    i.USBD_CDC_ACM_Reset_Event  usbd_cdc_acm.o
    0x0000ab54   0x0000ab54   0x00000080   Code   RO         4011    i.USBD_CDC_ACM_SOF_Event  usbd_cdc_acm.o
    0x0000abd4   0x0000abd4   0x00000050   Code   RO         4700    i.USBD_CDC_ACM_SendBreak  usbd_user_cdc_acm.o
    0x0000ac24   0x0000ac24   0x00000004   Code   RO         4013    i.USBD_CDC_ACM_SendEncapsulatedCommand  usbd_cdc_acm.o
    0x0000ac28   0x0000ac28   0x00000004   Code   RO         4014    i.USBD_CDC_ACM_SetCommFeature  usbd_cdc_acm.o
    0x0000ac2c   0x0000ac2c   0x00000010   Code   RO         4015    i.USBD_CDC_ACM_SetControlLineState  usbd_cdc_acm.o
    0x0000ac3c   0x0000ac3c   0x00000044   Code   RO         4016    i.USBD_CDC_ACM_SetLineCoding  usbd_cdc_acm.o
    0x0000ac80   0x0000ac80   0x0000001c   Code   RO         2971    i.USBD_ClrStallEP   usbd_kinetis.o
    0x0000ac9c   0x0000ac9c   0x00000020   Code   RO         2972    i.USBD_ConfigEP     usbd_kinetis.o
    0x0000acbc   0x0000acbc   0x00000002   Code   RO         2973    i.USBD_Configure    usbd_kinetis.o
    0x0000acbe   0x0000acbe   0x00000008   Code   RO         2771    i.USBD_Configure_Event  usb_config.o
    0x0000acc6   0x0000acc6   0x00000002   PAD
    0x0000acc8   0x0000acc8   0x0000002c   Code   RO         2974    i.USBD_Connect      usbd_kinetis.o
    0x0000acf4   0x0000acf4   0x0000003c   Code   RO         4210    i.USBD_DataInStage  usbd_core.o
    0x0000ad30   0x0000ad30   0x00000002   Code   RO         2975    i.USBD_DirCtrlEP    usbd_kinetis.o
    0x0000ad32   0x0000ad32   0x00000002   PAD
    0x0000ad34   0x0000ad34   0x00000028   Code   RO         2976    i.USBD_DisableEP    usbd_kinetis.o
    0x0000ad5c   0x0000ad5c   0x00000028   Code   RO         2977    i.USBD_EnableEP     usbd_kinetis.o
    0x0000ad84   0x0000ad84   0x00000738   Code   RO         4212    i.USBD_EndPoint0    usbd_core.o
    0x0000b4bc   0x0000b4bc   0x00000064   Code   RO         4289    i.USBD_EndPoint0_Out_CDC_ReqToIF  usbd_core_cdc.o
    0x0000b520   0x0000b520   0x0000003c   Code   RO         4307    i.USBD_EndPoint0_Out_HID_ReqToIF  usbd_core_hid.o
    0x0000b55c   0x0000b55c   0x000000b8   Code   RO         4290    i.USBD_EndPoint0_Setup_CDC_ReqToIF  usbd_core_cdc.o
    0x0000b614   0x0000b614   0x000000d8   Code   RO         4308    i.USBD_EndPoint0_Setup_HID_ReqToIF  usbd_core_hid.o
    0x0000b6ec   0x0000b6ec   0x00000074   Code   RO         4331    i.USBD_EndPoint0_Setup_MSC_ReqToIF  usbd_core_msc.o
    0x0000b760   0x0000b760   0x0000009c   Code   RO         4349    i.USBD_EndPoint0_Setup_WebUSB_ReqToDevice  usbd_core_webusb.o
    0x0000b7fc   0x0000b7fc   0x00000070   Code   RO         4361    i.USBD_EndPoint0_Setup_WinUSB_ReqToDevice  usbd_core_winusb.o
    0x0000b86c   0x0000b86c   0x00000024   Code   RO         4373    i.USBD_HID_Configure_Event  usbd_hid.o
    0x0000b890   0x0000b890   0x00000144   Code   RO         4374    i.USBD_HID_EP_INTIN_Event  usbd_hid.o
    0x0000b9d4   0x0000b9d4   0x00000090   Code   RO         4375    i.USBD_HID_EP_INTOUT_Event  usbd_hid.o
    0x0000ba64   0x0000ba64   0x0000001a   Code   RO         4376    i.USBD_HID_EP_INT_Event  usbd_hid.o
    0x0000ba7e   0x0000ba7e   0x00000002   PAD
    0x0000ba80   0x0000ba80   0x0000001c   Code   RO         4377    i.USBD_HID_GetIdle  usbd_hid.o
    0x0000ba9c   0x0000ba9c   0x00000014   Code   RO         4378    i.USBD_HID_GetProtocol  usbd_hid.o
    0x0000bab0   0x0000bab0   0x0000003c   Code   RO         4379    i.USBD_HID_GetReport  usbd_hid.o
    0x0000baec   0x0000baec   0x00000144   Code   RO         4380    i.USBD_HID_SOF_Event  usbd_hid.o
    0x0000bc30   0x0000bc30   0x0000003c   Code   RO         4381    i.USBD_HID_SetIdle  usbd_hid.o
    0x0000bc6c   0x0000bc6c   0x00000014   Code   RO         4382    i.USBD_HID_SetProtocol  usbd_hid.o
    0x0000bc80   0x0000bc80   0x00000044   Code   RO         4383    i.USBD_HID_SetReport  usbd_hid.o
    0x0000bcc4   0x0000bcc4   0x000001c0   Code   RO         2979    i.USBD_Handler      usbd_kinetis.o
    0x0000be84   0x0000be84   0x00000098   Code   RO         2980    i.USBD_Init         usbd_kinetis.o
    0x0000bf1c   0x0000bf1c   0x000000ac   Code   RO         4484    i.USBD_MSC_ATAPassThrough  usbd_msc.o
    0x0000bfc8   0x0000bfc8   0x000000b0   Code   RO         4486    i.USBD_MSC_BulkOut  usbd_msc.o
    0x0000c078   0x0000c078   0x00000088   Code   RO         4487    i.USBD_MSC_CheckMedia  usbd_msc.o
    0x0000c100   0x0000c100   0x00000070   Code   RO         4488    i.USBD_MSC_ClrStallEP  usbd_msc.o
    0x0000c170   0x0000c170   0x00000050   Code   RO         4489    i.USBD_MSC_DataInFormat  usbd_msc.o
    0x0000c1c0   0x0000c1c0   0x00000084   Code   RO         4490    i.USBD_MSC_DataInTransfer  usbd_msc.o
    0x0000c244   0x0000c244   0x0000007c   Code   RO         4493    i.USBD_MSC_EP_BULK_Event  usbd_msc.o
    0x0000c2c0   0x0000c2c0   0x0000024c   Code   RO         4494    i.USBD_MSC_GetCBW   usbd_msc.o
    0x0000c50c   0x0000c50c   0x00000018   Code   RO         4495    i.USBD_MSC_GetMaxLUN  usbd_msc.o
    0x0000c524   0x0000c524   0x00000058   Code   RO         4496    i.USBD_MSC_Inquiry  usbd_msc.o
    0x0000c57c   0x0000c57c   0x000000fc   Code   RO         4498    i.USBD_MSC_MemoryRead  usbd_msc.o
    0x0000c678   0x0000c678   0x00000100   Code   RO         4499    i.USBD_MSC_MemoryVerify  usbd_msc.o
    0x0000c778   0x0000c778   0x0000013c   Code   RO         4500    i.USBD_MSC_MemoryWrite  usbd_msc.o
    0x0000c8b4   0x0000c8b4   0x00000084   Code   RO         4501    i.USBD_MSC_ModeSense10  usbd_msc.o
    0x0000c938   0x0000c938   0x00000080   Code   RO         4502    i.USBD_MSC_ModeSense6  usbd_msc.o
    0x0000c9b8   0x0000c9b8   0x000000f8   Code   RO         4503    i.USBD_MSC_RWSetup  usbd_msc.o
    0x0000cab0   0x0000cab0   0x0000004c   Code   RO         4504    i.USBD_MSC_ReadCapacity  usbd_msc.o
    0x0000cafc   0x0000cafc   0x0000009c   Code   RO         4505    i.USBD_MSC_ReadFormatCapacity  usbd_msc.o
    0x0000cb98   0x0000cb98   0x00000088   Code   RO         4506    i.USBD_MSC_RequestSense  usbd_msc.o
    0x0000cc20   0x0000cc20   0x00000028   Code   RO         4507    i.USBD_MSC_Reset    usbd_msc.o
    0x0000cc48   0x0000cc48   0x00000024   Code   RO         4508    i.USBD_MSC_Reset_Event  usbd_msc.o
    0x0000cc6c   0x0000cc6c   0x00000070   Code   RO         4509    i.USBD_MSC_ServiceActionIn16  usbd_msc.o
    0x0000ccdc   0x0000ccdc   0x0000003c   Code   RO         4510    i.USBD_MSC_SetCSW   usbd_msc.o
    0x0000cd18   0x0000cd18   0x0000002c   Code   RO         4511    i.USBD_MSC_SetStallEP  usbd_msc.o
    0x0000cd44   0x0000cd44   0x00000068   Code   RO         4514    i.USBD_MSC_TestUnitReady  usbd_msc.o
    0x0000cdac   0x0000cdac   0x00000002   Code   RO         2782    i.USBD_RTX_TaskInit  usb_config.o
    0x0000cdae   0x0000cdae   0x00000002   PAD
    0x0000cdb0   0x0000cdb0   0x0000014c   Code   RO         2982    i.USBD_ReadEP       usbd_kinetis.o
    0x0000cefc   0x0000cefc   0x00000008   Code   RO         4332    i.USBD_ReqClrFeature_MSC  usbd_core_msc.o
    0x0000cf04   0x0000cf04   0x0000009c   Code   RO         4309    i.USBD_ReqGetDescriptor_HID  usbd_core_hid.o
    0x0000cfa0   0x0000cfa0   0x000000a8   Code   RO         4213    i.USBD_ReqSetClrFeature  usbd_core.o
    0x0000d048   0x0000d048   0x00000090   Code   RO         2983    i.USBD_Reset        usbd_kinetis.o
    0x0000d0d8   0x0000d0d8   0x0000008c   Code   RO         2984    i.USBD_ResetEP      usbd_kinetis.o
    0x0000d164   0x0000d164   0x0000000c   Code   RO         2783    i.USBD_Reset_Event  usb_config.o
    0x0000d170   0x0000d170   0x0000000c   Code   RO         2784    i.USBD_SOF_Event    usb_config.o
    0x0000d17c   0x0000d17c   0x00000014   Code   RO         2986    i.USBD_SetAddress   usbd_kinetis.o
    0x0000d190   0x0000d190   0x00000018   Code   RO         2987    i.USBD_SetStallEP   usbd_kinetis.o
    0x0000d1a8   0x0000d1a8   0x00000014   Code   RO          873    i.USBD_SignalHandler  main.o
    0x0000d1bc   0x0000d1bc   0x0000000e   Code   RO         4215    i.USBD_StatusInStage  usbd_core.o
    0x0000d1ca   0x0000d1ca   0x00000002   Code   RO         2990    i.USBD_WakeUpCfg    usbd_kinetis.o
    0x0000d1cc   0x0000d1cc   0x0000006c   Code   RO         2991    i.USBD_WriteEP      usbd_kinetis.o
    0x0000d238   0x0000d238   0x00000004   Code   RO         2284    i.UnInit            flashprg.o
    0x0000d23c   0x0000d23c   0x0000000a   Code   RO          849    i.__ARM_common_memclr4_9  info.o
    0x0000d246   0x0000d246   0x00000016   Code   RO          152    i.__ARM_common_memcpy1_5  dap.o
    0x0000d25c   0x0000d25c   0x0000004c   Code   RO         3459    i._init_box         rt_membox.o
    0x0000d2a8   0x0000d2a8   0x00000020   Code   RO         1043    i._mutex_acquire    rtx_config.o
    0x0000d2c8   0x0000d2c8   0x0000001c   Code   RO         1045    i._mutex_release    rtx_config.o
    0x0000d2e4   0x0000d2e4   0x00000046   Code   RO         1380    i._util_assert      util.o
    0x0000d32a   0x0000d32a   0x00000002   Code   RO          468    i.bootloader_check_and_update  bootloader_update.o
    0x0000d32c   0x0000d32c   0x00000068   Code   RO         1754    i.build_filesystem  vfs_manager.o
    0x0000d394   0x0000d394   0x00000048   Code   RO         4701    i.cdc_process_event  usbd_user_cdc_acm.o
    0x0000d3dc   0x0000d3dc   0x0000003c   Code   RO          497    i.circ_buf_count_free  circ_buf.o
    0x0000d418   0x0000d418   0x00000024   Code   RO          498    i.circ_buf_count_used  circ_buf.o
    0x0000d43c   0x0000d43c   0x0000001c   Code   RO          499    i.circ_buf_init     circ_buf.o
    0x0000d458   0x0000d458   0x00000058   Code   RO          500    i.circ_buf_pop      circ_buf.o
    0x0000d4b0   0x0000d4b0   0x00000078   Code   RO          501    i.circ_buf_push     circ_buf.o
    0x0000d528   0x0000d528   0x00000098   Code   RO          502    i.circ_buf_read     circ_buf.o
    0x0000d5c0   0x0000d5c0   0x000000ac   Code   RO          503    i.circ_buf_write    circ_buf.o
    0x0000d66c   0x0000d66c   0x00000074   Code   RO         2688    i.clear_buffers     uart.o
    0x0000d6e0   0x0000d6e0   0x00000008   Code   RO         1482    i.close_bin         file_stream.o
    0x0000d6e8   0x0000d6e8   0x00000008   Code   RO         1483    i.close_hex         file_stream.o
    0x0000d6f0   0x0000d6f0   0x00000010   Code   RO         3853    i.config_get_auto_rst  settings_rom.o
    0x0000d700   0x0000d700   0x00000010   Code   RO         3854    i.config_get_automation_allowed  settings_rom.o
    0x0000d710   0x0000d710   0x00000010   Code   RO         3855    i.config_get_overflow_detect  settings_rom.o
    0x0000d720   0x0000d720   0x000000c0   Code   RO         3782    i.config_init       settings.o
    0x0000d7e0   0x0000d7e0   0x00000034   Code   RO         3783    i.config_ram_add_hexdump  settings.o
    0x0000d814   0x0000d814   0x00000020   Code   RO         3784    i.config_ram_clear_assert  settings.o
    0x0000d834   0x0000d834   0x0000007c   Code   RO         3785    i.config_ram_get_assert  settings.o
    0x0000d8b0   0x0000d8b0   0x0000001c   Code   RO         3786    i.config_ram_get_hexdumps  settings.o
    0x0000d8cc   0x0000d8cc   0x00000010   Code   RO         3787    i.config_ram_get_hold_in_bl  settings.o
    0x0000d8dc   0x0000d8dc   0x00000064   Code   RO         3789    i.config_ram_set_assert  settings.o
    0x0000d940   0x0000d940   0x0000000c   Code   RO         3790    i.config_ram_set_hold_in_bl  settings.o
    0x0000d94c   0x0000d94c   0x0000009c   Code   RO         3856    i.config_rom_init   settings_rom.o
    0x0000d9e8   0x0000d9e8   0x00000014   Code   RO         3857    i.config_set_auto_rst  settings_rom.o
    0x0000d9fc   0x0000d9fc   0x00000014   Code   RO         3858    i.config_set_automation_allowed  settings_rom.o
    0x0000da10   0x0000da10   0x00000014   Code   RO         3859    i.config_set_overflow_detect  settings_rom.o
    0x0000da24   0x0000da24   0x00000064   Code   RO          595    i.crc32             crc32.o
    0x0000da88   0x0000da88   0x0000006c   Code   RO          596    i.crc32_continue    crc32.o
    0x0000daf4   0x0000daf4   0x00000004   Code   RO          618    i.daplink_is_bootloader  daplink.o
    0x0000daf8   0x0000daf8   0x00000004   Code   RO          619    i.daplink_is_interface  daplink.o
    0x0000dafc   0x0000dafc   0x00000012   Code   RO         1484    i.detect_bin        file_stream.o
    0x0000db0e   0x0000db0e   0x0000000e   Code   RO         1485    i.detect_hex        file_stream.o
    0x0000db1c   0x0000db1c   0x00000098   Code   RO         1675    i.erase_chip        iap_flash_intf.o
    0x0000dbb4   0x0000dbb4   0x0000012c   Code   RO         1676    i.erase_sector      iap_flash_intf.o
    0x0000dce0   0x0000dce0   0x00000006   Code   RO         1677    i.erase_sector_size  iap_flash_intf.o
    0x0000dce6   0x0000dce6   0x00000002   PAD
    0x0000dce8   0x0000dce8   0x00000048   Code   RO          643    i.error_get_string  error.o
    0x0000dd30   0x0000dd30   0x00000014   Code   RO          644    i.error_get_type    error.o
    0x0000dd44   0x0000dd44   0x000000ec   Code   RO         1869    i.expand_info       vfs_user.o
    0x0000de30   0x0000de30   0x0000013c   Code   RO         1961    i.ffs_init          virtual_fs.o
    0x0000df6c   0x0000df6c   0x00000074   Code   RO         1962    i.ffs_read          virtual_fs.o
    0x0000dfe0   0x0000dfe0   0x0000006c   Code   RO         1963    i.ffs_write         virtual_fs.o
    0x0000e04c   0x0000e04c   0x00000002   Code   RO         1964    i.file_change_cb_stub  virtual_fs.o
    0x0000e04e   0x0000e04e   0x00000002   PAD
    0x0000e050   0x0000e050   0x000000f4   Code   RO         1755    i.file_change_handler  vfs_manager.o
    0x0000e144   0x0000e144   0x00000134   Code   RO         1756    i.file_data_handler  vfs_manager.o
    0x0000e278   0x0000e278   0x00000080   Code   RO         1965    i.filename_valid    virtual_fs.o
    0x0000e2f8   0x0000e2f8   0x0000003c   Code   RO         2345    i.flash_cache_clear  fsl_flash.o
    0x0000e334   0x0000e334   0x00000014   Code   RO         2346    i.flash_cache_clear_command  fsl_flash.o
    0x0000e348   0x0000e348   0x00000002   Code   RO         2347    i.flash_cache_clear_command_end  fsl_flash.o
    0x0000e34a   0x0000e34a   0x00000036   Code   RO         2348    i.flash_check_range  fsl_flash.o
    0x0000e380   0x0000e380   0x00000050   Code   RO         2349    i.flash_command_sequence  fsl_flash.o
    0x0000e3d0   0x0000e3d0   0x00000074   Code   RO         1578    i.flash_decoder_close  flash_decoder.o
    0x0000e444   0x0000e444   0x000000a4   Code   RO         1579    i.flash_decoder_detect_type  flash_decoder.o
    0x0000e4e8   0x0000e4e8   0x00000110   Code   RO         1580    i.flash_decoder_get_flash  flash_decoder.o
    0x0000e5f8   0x0000e5f8   0x00000074   Code   RO         1581    i.flash_decoder_open  flash_decoder.o
    0x0000e66c   0x0000e66c   0x00000170   Code   RO         1582    i.flash_decoder_write  flash_decoder.o
    0x0000e7dc   0x0000e7dc   0x00000018   Code   RO          667    i.flash_erase_sector  flash_hal.o
    0x0000e7f4   0x0000e7f4   0x0000003c   Code   RO         2350    i.flash_get_matched_operation_info  fsl_flash.o
    0x0000e830   0x0000e830   0x00000128   Code   RO         1637    i.flash_manager_data  flash_manager.o
    0x0000e958   0x0000e958   0x000000dc   Code   RO         1638    i.flash_manager_init  flash_manager.o
    0x0000ea34   0x0000ea34   0x000000a4   Code   RO         1640    i.flash_manager_uninit  flash_manager.o
    0x0000ead8   0x0000ead8   0x00000018   Code   RO          668    i.flash_program_page  flash_hal.o
    0x0000eaf0   0x0000eaf0   0x0000000c   Code   RO         2351    i.flash_run_command  fsl_flash.o
    0x0000eafc   0x0000eafc   0x00000002   Code   RO         2352    i.flash_run_command_end  fsl_flash.o
    0x0000eafe   0x0000eafe   0x00000002   PAD
    0x0000eb00   0x0000eb00   0x00000010   Code   RO         2506    i.gpio_get_reset_btn_fwrd  gpio.o
    0x0000eb10   0x0000eb10   0x00000004   Code   RO         2507    i.gpio_get_reset_btn_no_fwrd  gpio.o
    0x0000eb14   0x0000eb14   0x00000078   Code   RO         2508    i.gpio_init         gpio.o
    0x0000eb8c   0x0000eb8c   0x00000002   Code   RO         2509    i.gpio_set_board_power  gpio.o
    0x0000eb8e   0x0000eb8e   0x00000002   PAD
    0x0000eb90   0x0000eb90   0x00000014   Code   RO         2510    i.gpio_set_cdc_led  gpio.o
    0x0000eba4   0x0000eba4   0x00000014   Code   RO         2511    i.gpio_set_hid_led  gpio.o
    0x0000ebb8   0x0000ebb8   0x00000014   Code   RO         2512    i.gpio_set_msc_led  gpio.o
    0x0000ebcc   0x0000ebcc   0x0000003c   Code   RO          383    i.hid_send_packet   usbd_user_hid.o
    0x0000ec08   0x0000ec08   0x0000004c   Code   RO          720    i.info_crc_compute  info.o
    0x0000ec54   0x0000ec54   0x00000008   Code   RO          721    i.info_get_board_id  info.o
    0x0000ec5c   0x0000ec5c   0x00000024   Code   RO          722    i.info_get_bootloader_present  info.o
    0x0000ec80   0x0000ec80   0x0000002c   Code   RO          723    i.info_get_bootloader_version  info.o
    0x0000ecac   0x0000ecac   0x0000000c   Code   RO          726    i.info_get_crc_bootloader  info.o
    0x0000ecb8   0x0000ecb8   0x0000000c   Code   RO          729    i.info_get_crc_interface  info.o
    0x0000ecc4   0x0000ecc4   0x00000008   Code   RO          730    i.info_get_hic_id   info.o
    0x0000eccc   0x0000eccc   0x00000008   Code   RO          731    i.info_get_host_id  info.o
    0x0000ecd4   0x0000ecd4   0x00000024   Code   RO          732    i.info_get_interface_present  info.o
    0x0000ecf8   0x0000ecf8   0x0000002c   Code   RO          733    i.info_get_interface_version  info.o
    0x0000ed24   0x0000ed24   0x00000008   Code   RO          734    i.info_get_mac      info.o
    0x0000ed2c   0x0000ed2c   0x00000008   Code   RO          735    i.info_get_target_id  info.o
    0x0000ed34   0x0000ed34   0x00000008   Code   RO          736    i.info_get_unique_id  info.o
    0x0000ed3c   0x0000ed3c   0x00000008   Code   RO          737    i.info_get_unique_id_string_descriptor  info.o
    0x0000ed44   0x0000ed44   0x00000008   Code   RO          738    i.info_get_version  info.o
    0x0000ed4c   0x0000ed4c   0x00000138   Code   RO          739    i.info_init         info.o
    0x0000ee84   0x0000ee84   0x00000090   Code   RO         1678    i.init              iap_flash_intf.o
    0x0000ef14   0x0000ef14   0x0000001e   Code   RO         1148    i.int2array         swd_host.o
    0x0000ef32   0x0000ef32   0x00000002   PAD
    0x0000ef34   0x0000ef34   0x00000024   Code   RO         3291    i.isr_evt_set       rt_event.o
    0x0000ef58   0x0000ef58   0x00000038   Code   RO          874    i.main              main.o
    0x0000ef90   0x0000ef90   0x00000010   Code   RO          875    i.main_blink_cdc_led  main.o
    0x0000efa0   0x0000efa0   0x00000010   Code   RO          876    i.main_blink_hid_led  main.o
    0x0000efb0   0x0000efb0   0x00000010   Code   RO          877    i.main_blink_msc_led  main.o
    0x0000efc0   0x0000efc0   0x0000001c   Code   RO          878    i.main_cdc_send_event  main.o
    0x0000efdc   0x0000efdc   0x0000001c   Code   RO          881    i.main_reset_target  main.o
    0x0000eff8   0x0000eff8   0x000002f0   Code   RO          882    i.main_task         main.o
    0x0000f2e8   0x0000f2e8   0x0000000c   Code   RO          883    i.main_usb_set_test_mode  main.o
    0x0000f2f4   0x0000f2f4   0x00000008   Code   RO         1486    i.open_bin          file_stream.o
    0x0000f2fc   0x0000f2fc   0x0000001a   Code   RO         1487    i.open_hex          file_stream.o
    0x0000f316   0x0000f316   0x00000002   PAD
    0x0000f318   0x0000f318   0x00000068   Code   RO         1046    i.os_error          rtx_config.o
    0x0000f380   0x0000f380   0x00000002   Code   RO         1047    i.os_idle_demon     rtx_config.o
    0x0000f382   0x0000f382   0x00000002   PAD
    0x0000f384   0x0000f384   0x0000002c   Code   RO         3570    i.os_tick_init      rt_system.o
    0x0000f3b0   0x0000f3b0   0x00000002   Code   RO         3571    i.os_tick_irqack    rt_system.o
    0x0000f3b2   0x0000f3b2   0x00000002   Code   RO         1048    i.os_tmr_call       rtx_config.o
    0x0000f3b4   0x0000f3b4   0x0000024c   Code   RO         1731    i.parse_hex_blob    intelhex.o
    0x0000f600   0x0000f600   0x00000058   Code   RO            4    i.prerun_board_config  microbit.o
    0x0000f658   0x0000f658   0x00000002   Code   RO          885    i.prerun_target_config  main.o
    0x0000f65a   0x0000f65a   0x00000002   PAD
    0x0000f65c   0x0000f65c   0x00000058   Code   RO         3860    i.program_cfg       settings_rom.o
    0x0000f6b4   0x0000f6b4   0x0000027c   Code   RO         1679    i.program_page      iap_flash_intf.o
    0x0000f930   0x0000f930   0x00000006   Code   RO         1680    i.program_page_min_size  iap_flash_intf.o
    0x0000f936   0x0000f936   0x00000002   PAD
    0x0000f938   0x0000f938   0x00000084   Code   RO         1966    i.read_dir          virtual_fs.o
    0x0000f9bc   0x0000f9bc   0x00000024   Code   RO         1967    i.read_fat          virtual_fs.o
    0x0000f9e0   0x0000f9e0   0x00000138   Code   RO         1870    i.read_file_assert_txt  vfs_user.o
    0x0000fb18   0x0000fb18   0x00000016   Code   RO         1871    i.read_file_details_txt  vfs_user.o
    0x0000fb2e   0x0000fb2e   0x00000002   PAD
    0x0000fb30   0x0000fb30   0x000000a4   Code   RO         1872    i.read_file_fail_txt  vfs_user.o
    0x0000fbd4   0x0000fbd4   0x00000014   Code   RO         1873    i.read_file_fldirreg_txt  vfs_user.o
    0x0000fbe8   0x0000fbe8   0x00000014   Code   RO         1874    i.read_file_flfatreg_txt  vfs_user.o
    0x0000fbfc   0x0000fbfc   0x00000038   Code   RO         1875    i.read_file_mbed_htm  vfs_user.o
    0x0000fc34   0x0000fc34   0x0000002c   Code   RO         1876    i.read_file_need_bl_txt  vfs_user.o
    0x0000fc60   0x0000fc60   0x00000014   Code   RO         1968    i.read_flash_dir    virtual_fs.o
    0x0000fc74   0x0000fc74   0x00000014   Code   RO         1969    i.read_flash_fat    virtual_fs.o
    0x0000fc88   0x0000fc88   0x00000014   Code   RO         1970    i.read_flash_file   virtual_fs.o
    0x0000fc9c   0x0000fc9c   0x00000024   Code   RO         1971    i.read_flash_mbr    virtual_fs.o
    0x0000fcc0   0x0000fcc0   0x00000024   Code   RO         1972    i.read_mbr          virtual_fs.o
    0x0000fce4   0x0000fce4   0x00000018   Code   RO         2560    i.read_unique_id    read_uid.o
    0x0000fcfc   0x0000fcfc   0x00000010   Code   RO         1973    i.read_zero         virtual_fs.o
    0x0000fd0c   0x0000fd0c   0x0000002a   Code   RO          597    i.reflect           crc32.o
    0x0000fd36   0x0000fd36   0x00000002   PAD
    0x0000fd38   0x0000fd38   0x00000030   Code   RO         1732    i.reset_hex_parser  intelhex.o
    0x0000fd68   0x0000fd68   0x0000001e   Code   RO         3460    i.rt_alloc_box      rt_membox.o
    0x0000fd86   0x0000fd86   0x00000002   PAD
    0x0000fd88   0x0000fd88   0x0000003c   Code   RO         3649    i.rt_block          rt_task.o
    0x0000fdc4   0x0000fdc4   0x00000002   Code   RO         1049    i.rt_chk_robin      rtx_config.o
    0x0000fdc6   0x0000fdc6   0x00000002   PAD
    0x0000fdc8   0x0000fdc8   0x000000b0   Code   RO         3333    i.rt_dec_dly        rt_list.o
    0x0000fe78   0x0000fe78   0x00000048   Code   RO         3650    i.rt_dispatch       rt_task.o
    0x0000fec0   0x0000fec0   0x0000000a   Code   RO         3720    i.rt_dly_wait       rt_time.o
    0x0000feca   0x0000feca   0x00000002   PAD
    0x0000fecc   0x0000fecc   0x0000001c   Code   RO         3292    i.rt_evt_clr        rt_event.o
    0x0000fee8   0x0000fee8   0x0000000c   Code   RO         3293    i.rt_evt_get        rt_event.o
    0x0000fef4   0x0000fef4   0x0000004c   Code   RO         3294    i.rt_evt_psh        rt_event.o
    0x0000ff40   0x0000ff40   0x0000005c   Code   RO         3295    i.rt_evt_set        rt_event.o
    0x0000ff9c   0x0000ff9c   0x0000003c   Code   RO         3296    i.rt_evt_wait       rt_event.o
    0x0000ffd8   0x0000ffd8   0x00000026   Code   RO         3461    i.rt_free_box       rt_membox.o
    0x0000fffe   0x0000fffe   0x0000002a   Code   RO         3334    i.rt_get_first      rt_list.o
    0x00010028   0x00010028   0x00000002   Code   RO         1050    i.rt_init_robin     rtx_config.o
    0x0001002a   0x0001002a   0x00000002   PAD
    0x0001002c   0x0001002c   0x00000050   Code   RO         3250    i.rt_init_stack     hal_cm1.o
    0x0001007c   0x0001007c   0x00000018   Code   RO         3721    i.rt_itv_set        rt_time.o
    0x00010094   0x00010094   0x0000002c   Code   RO         3722    i.rt_itv_wait       rt_time.o
    0x000100c0   0x000100c0   0x000000ac   Code   RO         3414    i.rt_mbx_psh        rt_mailbox.o
    0x0001016c   0x0001016c   0x00000010   Code   RO         3488    i.rt_mut_init       rt_mutex.o
    0x0001017c   0x0001017c   0x000000ac   Code   RO         3489    i.rt_mut_release    rt_mutex.o
    0x00010228   0x00010228   0x00000070   Code   RO         3490    i.rt_mut_wait       rt_mutex.o
    0x00010298   0x00010298   0x00000074   Code   RO         3572    i.rt_pop_req        rt_system.o
    0x0001030c   0x0001030c   0x00000020   Code   RO         3573    i.rt_psh_req        rt_system.o
    0x0001032c   0x0001032c   0x00000040   Code   RO         3336    i.rt_psq_enq        rt_list.o
    0x0001036c   0x0001036c   0x00000058   Code   RO         3337    i.rt_put_dly        rt_list.o
    0x000103c4   0x000103c4   0x00000042   Code   RO         3338    i.rt_put_prio       rt_list.o
    0x00010406   0x00010406   0x00000002   PAD
    0x00010408   0x00010408   0x00000014   Code   RO         3339    i.rt_put_rdy_first  rt_list.o
    0x0001041c   0x0001041c   0x00000058   Code   RO         3340    i.rt_resort_prio    rt_list.o
    0x00010474   0x00010474   0x0000002c   Code   RO         3341    i.rt_rmv_dly        rt_list.o
    0x000104a0   0x000104a0   0x00000034   Code   RO         3535    i.rt_sem_psh        rt_semaphore.o
    0x000104d4   0x000104d4   0x00000028   Code   RO         3575    i.rt_stk_check      rt_system.o
    0x000104fc   0x000104fc   0x00000010   Code   RO         3651    i.rt_switch_req     rt_task.o
    0x0001050c   0x0001050c   0x00000168   Code   RO         3652    i.rt_sys_init       rt_task.o
    0x00010674   0x00010674   0x0000003c   Code   RO         3577    i.rt_systick        rt_system.o
    0x000106b0   0x000106b0   0x0000000c   Code   RO         3723    i.rt_time_get       rt_time.o
    0x000106bc   0x000106bc   0x00000040   Code   RO         3755    i.rt_tmr_tick       rt_timer.o
    0x000106fc   0x000106fc   0x000000b0   Code   RO         3653    i.rt_tsk_create     rt_task.o
    0x000107ac   0x000107ac   0x00000010   Code   RO         3657    i.rt_tsk_self       rt_task.o
    0x000107bc   0x000107bc   0x00000002   Code   RO         1131    i.sdk_init          sdk_stub.o
    0x000107be   0x000107be   0x00000004   Code   RO         3935    i.security_bits_set  target_reset.o
    0x000107c2   0x000107c2   0x00000002   PAD
    0x000107c4   0x000107c4   0x000000e0   Code   RO         2227    i.selectr_program_handler  selectr.o
    0x000108a4   0x000108a4   0x00000064   Code   RO         2228    i.selectr_program_start  selectr.o
    0x00010908   0x00010908   0x0000008c   Code   RO         2229    i.selectr_read_command  selectr.o
    0x00010994   0x00010994   0x00000040   Code   RO         2230    i.selectr_start_mode  selectr.o
    0x000109d4   0x000109d4   0x00000024   Code   RO         2231    i.selectr_write_command  selectr.o
    0x000109f8   0x000109f8   0x00000114   Code   RO         1641    i.setup_next_sector  flash_manager.o
    0x00010b0c   0x00010b0c   0x0000000c   Code   RO         2580    i.spi_cs_high       spi.o
    0x00010b18   0x00010b18   0x0000000c   Code   RO         2581    i.spi_cs_low        spi.o
    0x00010b24   0x00010b24   0x00000070   Code   RO         2582    i.spi_init          spi.o
    0x00010b94   0x00010b94   0x00000048   Code   RO         2585    i.spi_shift         spi.o
    0x00010bdc   0x00010bdc   0x00000048   Code   RO         2586    i.spi_shift_16      spi.o
    0x00010c24   0x00010c24   0x00000084   Code   RO         1488    i.stream_close      file_stream.o
    0x00010ca8   0x00010ca8   0x000000a0   Code   RO         1489    i.stream_open       file_stream.o
    0x00010d48   0x00010d48   0x0000002c   Code   RO         1490    i.stream_start_identify  file_stream.o
    0x00010d74   0x00010d74   0x00000034   Code   RO         1491    i.stream_type_from_name  file_stream.o
    0x00010da8   0x00010da8   0x000000e4   Code   RO         1492    i.stream_write      file_stream.o
    0x00010e8c   0x00010e8c   0x00000114   Code   RO         1150    i.swd_flash_syscall_exec  swd_host.o
    0x00010fa0   0x00010fa0   0x0000002c   Code   RO         1151    i.swd_init          swd_host.o
    0x00010fcc   0x00010fcc   0x00000114   Code   RO         1152    i.swd_init_debug    swd_host.o
    0x000110e0   0x000110e0   0x00000020   Code   RO         1153    i.swd_off           swd_host.o
    0x00011100   0x00011100   0x00000064   Code   RO         1156    i.swd_read_core_register  swd_host.o
    0x00011164   0x00011164   0x00000060   Code   RO         1157    i.swd_read_data     swd_host.o
    0x000111c4   0x000111c4   0x0000003e   Code   RO         1158    i.swd_read_dp       swd_host.o
    0x00011202   0x00011202   0x00000002   PAD
    0x00011204   0x00011204   0x00000124   Code   RO         1159    i.swd_read_memory   swd_host.o
    0x00011328   0x00011328   0x00000028   Code   RO         1160    i.swd_read_word     swd_host.o
    0x00011350   0x00011350   0x0000003c   Code   RO         3936    i.swd_set_target_reset  target_reset.o
    0x0001138c   0x0001138c   0x000001e4   Code   RO         1163    i.swd_set_target_state_sw  swd_host.o
    0x00011570   0x00011570   0x0000001e   Code   RO         1164    i.swd_transfer_retry  swd_host.o
    0x0001158e   0x0001158e   0x00000002   PAD
    0x00011590   0x00011590   0x0000005c   Code   RO         1165    i.swd_write_ap      swd_host.o
    0x000115ec   0x000115ec   0x0000006c   Code   RO         1167    i.swd_write_core_register  swd_host.o
    0x00011658   0x00011658   0x00000040   Code   RO         1168    i.swd_write_data    swd_host.o
    0x00011698   0x00011698   0x00000040   Code   RO         1169    i.swd_write_dp      swd_host.o
    0x000116d8   0x000116d8   0x0000010c   Code   RO         1170    i.swd_write_memory  swd_host.o
    0x000117e4   0x000117e4   0x00000028   Code   RO         1171    i.swd_write_word    swd_host.o
    0x0001180c   0x0001180c   0x00000030   Code   RO         1757    i.sync_assert_usb_thread  vfs_manager.o
    0x0001183c   0x0001183c   0x00000002   Code   RO         3937    i.target_before_init_debug  target_reset.o
    0x0001183e   0x0001183e   0x00000002   PAD
    0x00011840   0x00011840   0x00000010   Code   RO         1311    i.target_flash_busy  target_flash.o
    0x00011850   0x00011850   0x00000010   Code   RO         1681    i.target_flash_busy  iap_flash_intf.o
    0x00011860   0x00011860   0x0000003c   Code   RO         1312    i.target_flash_erase_chip  target_flash.o
    0x0001189c   0x0001189c   0x00000044   Code   RO         1313    i.target_flash_erase_sector  target_flash.o
    0x000118e0   0x000118e0   0x00000030   Code   RO         1314    i.target_flash_erase_sector_size  target_flash.o
    0x00011910   0x00011910   0x00000060   Code   RO         1315    i.target_flash_init  target_flash.o
    0x00011970   0x00011970   0x000000dc   Code   RO         1316    i.target_flash_program_page  target_flash.o
    0x00011a4c   0x00011a4c   0x0000001c   Code   RO         1317    i.target_flash_program_page_min_size  target_flash.o
    0x00011a68   0x00011a68   0x00000024   Code   RO         1318    i.target_flash_uninit  target_flash.o
    0x00011a8c   0x00011a8c   0x00000008   Code   RO         3938    i.target_set_state  target_reset.o
    0x00011a94   0x00011a94   0x00000004   Code   RO         3939    i.target_unlock_sequence  target_reset.o
    0x00011a98   0x00011a98   0x00000058   Code   RO          886    i.timer_task_30mS   main.o
    0x00011af0   0x00011af0   0x000000a8   Code   RO         1758    i.transfer_update_file_info  vfs_manager.o
    0x00011b98   0x00011b98   0x000001a0   Code   RO         1759    i.transfer_update_state  vfs_manager.o
    0x00011d38   0x00011d38   0x00000074   Code   RO         2691    i.uart_initialize   uart.o
    0x00011dac   0x00011dac   0x00000014   Code   RO         2692    i.uart_read_data    uart.o
    0x00011dc0   0x00011dc0   0x0000002c   Code   RO         2693    i.uart_reset        uart.o
    0x00011dec   0x00011dec   0x0000009c   Code   RO         2694    i.uart_set_configuration  uart.o
    0x00011e88   0x00011e88   0x00000040   Code   RO         2696    i.uart_write_data   uart.o
    0x00011ec8   0x00011ec8   0x0000007c   Code   RO         1682    i.uninit            iap_flash_intf.o
    0x00011f44   0x00011f44   0x00000414   Code   RO         1877    i.update_details_txt_file  vfs_user.o
    0x00012358   0x00012358   0x00000010   Code   RO         2785    i.usbd_class_init   usb_config.o
    0x00012368   0x00012368   0x00000010   Code   RO         4217    i.usbd_configured   usbd_core.o
    0x00012378   0x00012378   0x00000008   Code   RO         4218    i.usbd_connect      usbd_core.o
    0x00012380   0x00012380   0x00000004   Code   RO         4384    i.usbd_hid_get_protocol  usbd_hid.o
    0x00012384   0x00012384   0x00000058   Code   RO          384    i.usbd_hid_get_report  usbd_user_hid.o
    0x000123dc   0x000123dc   0x00000090   Code   RO         4386    i.usbd_hid_get_report_trigger  usbd_hid.o
    0x0001246c   0x0001246c   0x00000018   Code   RO          385    i.usbd_hid_init     usbd_user_hid.o
    0x00012484   0x00012484   0x00000014   Code   RO            7    i.usbd_hid_no_activity  microbit.o
    0x00012498   0x00012498   0x00000002   Code   RO         4388    i.usbd_hid_set_protocol  usbd_hid.o
    0x0001249a   0x0001249a   0x00000002   PAD
    0x0001249c   0x0001249c   0x000000cc   Code   RO          387    i.usbd_hid_set_report  usbd_user_hid.o
    0x00012568   0x00012568   0x0000001c   Code   RO         4219    i.usbd_init         usbd_core.o
    0x00012584   0x00012584   0x0000003c   Code   RO         1760    i.usbd_msc_init     vfs_manager.o
    0x000125c0   0x000125c0   0x00000040   Code   RO         1761    i.usbd_msc_read_sect  vfs_manager.o
    0x00012600   0x00012600   0x00000002   Code   RO         4517    i.usbd_msc_start_stop  usbd_msc.o
    0x00012602   0x00012602   0x00000002   PAD
    0x00012604   0x00012604   0x00000070   Code   RO         1762    i.usbd_msc_write_sect  vfs_manager.o
    0x00012674   0x00012674   0x00000024   Code   RO         4220    i.usbd_reset_core   usbd_core.o
    0x00012698   0x00012698   0x00000018   Code   RO         1381    i.util_assert_clear  util.o
    0x000126b0   0x000126b0   0x00000054   Code   RO         1386    i.util_write_hex32  util.o
    0x00012704   0x00012704   0x00000018   Code   RO         1388    i.util_write_string  util.o
    0x0001271c   0x0001271c   0x00000056   Code   RO         1389    i.util_write_uint32  util.o
    0x00012772   0x00012772   0x0000002a   Code   RO         1390    i.util_write_uint32_zp  util.o
    0x0001279c   0x0001279c   0x000000e4   Code   RO         1464    i.validate_bin_nvic  validation.o
    0x00012880   0x00012880   0x00000024   Code   RO         1465    i.validate_hexfile  validation.o
    0x000128a4   0x000128a4   0x000001dc   Code   RO         1974    i.vfs_create_file   virtual_fs.o
    0x00012a80   0x00012a80   0x00000004   Code   RO         1975    i.vfs_file_get_attr  virtual_fs.o
    0x00012a84   0x00012a84   0x0000001c   Code   RO         1976    i.vfs_file_get_size  virtual_fs.o
    0x00012aa0   0x00012aa0   0x00000050   Code   RO         1977    i.vfs_file_get_start_sector  virtual_fs.o
    0x00012af0   0x00012af0   0x00000004   Code   RO         1978    i.vfs_file_set_attr  virtual_fs.o
    0x00012af4   0x00012af4   0x0000005a   Code   RO         1979    i.vfs_find_flash_file  virtual_fs.o
    0x00012b4e   0x00012b4e   0x00000002   PAD
    0x00012b50   0x00012b50   0x00000094   Code   RO         1980    i.vfs_get_flash_names_srtd  virtual_fs.o
    0x00012be4   0x00012be4   0x00000070   Code   RO         1981    i.vfs_get_total_size  virtual_fs.o
    0x00012c54   0x00012c54   0x000001c4   Code   RO         1982    i.vfs_init          virtual_fs.o
    0x00012e18   0x00012e18   0x00000044   Code   RO         1763    i.vfs_mngr_fs_enable  vfs_manager.o
    0x00012e5c   0x00012e5c   0x00000040   Code   RO         1764    i.vfs_mngr_fs_remount  vfs_manager.o
    0x00012e9c   0x00012e9c   0x00000010   Code   RO         1765    i.vfs_mngr_get_transfer_status  vfs_manager.o
    0x00012eac   0x00012eac   0x0000018c   Code   RO         1767    i.vfs_mngr_periodic  vfs_manager.o
    0x00013038   0x00013038   0x0000000c   Code   RO         2155    i.vfs_nvm_init      vfs_nvm.o
    0x00013044   0x00013044   0x00000008   Code   RO         2156    i.vfs_nvm_is_available  vfs_nvm.o
    0x0001304c   0x0001304c   0x00000008   Code   RO         2157    i.vfs_nvm_read_DIR  vfs_nvm.o
    0x00013054   0x00013054   0x00000010   Code   RO         2158    i.vfs_nvm_read_FAT  vfs_nvm.o
    0x00013064   0x00013064   0x0000000e   Code   RO         2159    i.vfs_nvm_read_FILE  vfs_nvm.o
    0x00013072   0x00013072   0x0000002a   Code   RO         2160    i.vfs_nvm_setup_DIR  vfs_nvm.o
    0x0001309c   0x0001309c   0x0000009c   Code   RO         2161    i.vfs_nvm_setup_FAT  vfs_nvm.o
    0x00013138   0x00013138   0x00000008   Code   RO         2162    i.vfs_nvm_write_DIR  vfs_nvm.o
    0x00013140   0x00013140   0x00000010   Code   RO         2163    i.vfs_nvm_write_FAT  vfs_nvm.o
    0x00013150   0x00013150   0x0000000e   Code   RO         2164    i.vfs_nvm_write_FILE  vfs_nvm.o
    0x0001315e   0x0001315e   0x00000002   PAD
    0x00013160   0x00013160   0x0000006c   Code   RO         1983    i.vfs_read          virtual_fs.o
    0x000131cc   0x000131cc   0x0000000c   Code   RO         1984    i.vfs_set_file_change_callback  virtual_fs.o
    0x000131d8   0x000131d8   0x0000000a   Code   RO         1985    i.vfs_strncmp       virtual_fs.o
    0x000131e2   0x000131e2   0x00000002   PAD
    0x000131e4   0x000131e4   0x00000158   Code   RO         1878    i.vfs_user_build_filesystem  vfs_user.o
    0x0001333c   0x0001333c   0x00000038   Code   RO         1879    i.vfs_user_disconnecting  vfs_user.o
    0x00013374   0x00013374   0x000001c8   Code   RO         1880    i.vfs_user_file_change_handler  vfs_user.o
    0x0001353c   0x0001353c   0x00000064   Code   RO         1986    i.vfs_write         virtual_fs.o
    0x000135a0   0x000135a0   0x0000009a   Code   RO         1493    i.write_bin         file_stream.o
    0x0001363a   0x0001363a   0x00000002   PAD
    0x0001363c   0x0001363c   0x00000118   Code   RO         1987    i.write_dir         virtual_fs.o
    0x00013754   0x00013754   0x00000028   Code   RO         1988    i.write_fat_internal  virtual_fs.o
    0x0001377c   0x0001377c   0x00000078   Code   RO         1989    i.write_flash_dir   virtual_fs.o
    0x000137f4   0x000137f4   0x00000010   Code   RO         1990    i.write_flash_fat   virtual_fs.o
    0x00013804   0x00013804   0x00000010   Code   RO         1991    i.write_flash_file  virtual_fs.o
    0x00013814   0x00013814   0x000000dc   Code   RO         1494    i.write_hex         file_stream.o
    0x000138f0   0x000138f0   0x00000002   Code   RO         1992    i.write_none        virtual_fs.o
    0x000138f2   0x000138f2   0x00000002   PAD
    0x000138f4   0x000138f4   0x0000000b   Data   RO            8    .constdata          microbit.o
    0x000138ff   0x000138ff   0x00000001   PAD
    0x00013900   0x00013900   0x0000000b   Data   RO            9    .constdata          microbit.o
    0x0001390b   0x0001390b   0x00000001   PAD
    0x0001390c   0x0001390c   0x00000004   Data   RO           10    .constdata          microbit.o
    0x00013910   0x00013910   0x00000008   Data   RO           11    .constdata          microbit.o
    0x00013918   0x00013918   0x00000005   Data   RO          110    .constdata          dap.o
    0x0001391d   0x0001391d   0x0000000b   Data   RO          620    .constdata          daplink.o
    0x00013928   0x00013928   0x00000090   Data   RO          645    .constdata          error.o
    0x000139b8   0x000139b8   0x00000002   Data   RO         1056    .constdata          rtx_config.o
    0x000139ba   0x000139ba   0x00000002   PAD
    0x000139bc   0x000139bc   0x00000004   Data   RO         1057    .constdata          rtx_config.o
    0x000139c0   0x000139c0   0x00000004   Data   RO         1059    .constdata          rtx_config.o
    0x000139c4   0x000139c4   0x00000001   Data   RO         1060    .constdata          rtx_config.o
    0x000139c5   0x000139c5   0x00000003   PAD
    0x000139c8   0x000139c8   0x00000008   Data   RO         1061    .constdata          rtx_config.o
    0x000139d0   0x000139d0   0x00000002   Data   RO         1062    .constdata          rtx_config.o
    0x000139d2   0x000139d2   0x00000002   PAD
    0x000139d4   0x000139d4   0x00000004   Data   RO         1063    .constdata          rtx_config.o
    0x000139d8   0x000139d8   0x00000001   Data   RO         1064    .constdata          rtx_config.o
    0x000139d9   0x000139d9   0x00000001   PAD
    0x000139da   0x000139da   0x00000002   Data   RO         1065    .constdata          rtx_config.o
    0x000139dc   0x000139dc   0x00000020   Data   RO         1319    .constdata          target_flash.o
    0x000139fc   0x000139fc   0x00000004   Data   RO         1320    .constdata          target_flash.o
    0x00013a00   0x00013a00   0x00000011   Data   RO         1391    .constdata          util.o
    0x00013a11   0x00013a11   0x00000003   PAD
    0x00013a14   0x00013a14   0x00000020   Data   RO         1684    .constdata          iap_flash_intf.o
    0x00013a34   0x00013a34   0x00000004   Data   RO         1685    .constdata          iap_flash_intf.o
    0x00013a38   0x00013a38   0x00000028   Data   RO         1769    .constdata          vfs_manager.o
    0x00013a60   0x00013a60   0x00000120   Data   RO         1882    .constdata          vfs_user.o
    0x00013b80   0x00013b80   0x000002ac   Data   RO         1994    .constdata          virtual_fs.o
    0x00013e2c   0x00013e2c   0x0000001e   Data   RO         2356    .constdata          fsl_flash.o
    0x00013e4a   0x00013e4a   0x00000001   Data   RO         2796    .constdata          usb_config.o
    0x00013e4b   0x00013e4b   0x00000001   Data   RO         2797    .constdata          usb_config.o
    0x00013e4c   0x00013e4c   0x00000001   Data   RO         2798    .constdata          usb_config.o
    0x00013e4d   0x00013e4d   0x00000001   PAD
    0x00013e4e   0x00013e4e   0x00000002   Data   RO         2799    .constdata          usb_config.o
    0x00013e50   0x00013e50   0x00000001   Data   RO         2801    .constdata          usb_config.o
    0x00013e51   0x00013e51   0x00000001   Data   RO         2802    .constdata          usb_config.o
    0x00013e52   0x00013e52   0x00000001   Data   RO         2803    .constdata          usb_config.o
    0x00013e53   0x00013e53   0x00000001   Data   RO         2804    .constdata          usb_config.o
    0x00013e54   0x00013e54   0x00000001   Data   RO         2805    .constdata          usb_config.o
    0x00013e55   0x00013e55   0x00000001   PAD
    0x00013e56   0x00013e56   0x00000004   Data   RO         2806    .constdata          usb_config.o
    0x00013e5a   0x00013e5a   0x00000004   Data   RO         2807    .constdata          usb_config.o
    0x00013e5e   0x00013e5e   0x00000001   Data   RO         2808    .constdata          usb_config.o
    0x00013e5f   0x00013e5f   0x00000001   Data   RO         2809    .constdata          usb_config.o
    0x00013e60   0x00013e60   0x00000002   Data   RO         2810    .constdata          usb_config.o
    0x00013e62   0x00013e62   0x00000002   Data   RO         2811    .constdata          usb_config.o
    0x00013e64   0x00013e64   0x00000001   Data   RO         2813    .constdata          usb_config.o
    0x00013e65   0x00013e65   0x00000001   Data   RO         2814    .constdata          usb_config.o
    0x00013e66   0x00013e66   0x00000001   Data   RO         2815    .constdata          usb_config.o
    0x00013e67   0x00013e67   0x00000001   PAD
    0x00013e68   0x00013e68   0x00000004   Data   RO         2816    .constdata          usb_config.o
    0x00013e6c   0x00013e6c   0x00000002   Data   RO         2817    .constdata          usb_config.o
    0x00013e6e   0x00013e6e   0x00000001   Data   RO         2818    .constdata          usb_config.o
    0x00013e6f   0x00013e6f   0x00000001   Data   RO         2819    .constdata          usb_config.o
    0x00013e70   0x00013e70   0x00000001   Data   RO         2821    .constdata          usb_config.o
    0x00013e71   0x00013e71   0x00000001   Data   RO         2822    .constdata          usb_config.o
    0x00013e72   0x00013e72   0x00000002   Data   RO         2823    .constdata          usb_config.o
    0x00013e74   0x00013e74   0x00000002   Data   RO         2824    .constdata          usb_config.o
    0x00013e76   0x00013e76   0x00000004   Data   RO         2826    .constdata          usb_config.o
    0x00013e7a   0x00013e7a   0x00000001   Data   RO         2827    .constdata          usb_config.o
    0x00013e7b   0x00013e7b   0x00000001   Data   RO         2828    .constdata          usb_config.o
    0x00013e7c   0x00013e7c   0x00000004   Data   RO         2830    .constdata          usb_config.o
    0x00013e80   0x00013e80   0x00000004   Data   RO         2831    .constdata          usb_config.o
    0x00013e84   0x00013e84   0x00000004   Data   RO         2832    .constdata          usb_config.o
    0x00013e88   0x00013e88   0x00000004   Data   RO         2834    .constdata          usb_config.o
    0x00013e8c   0x00013e8c   0x00000004   Data   RO         2835    .constdata          usb_config.o
    0x00013e90   0x00013e90   0x00000040   Data   RO         2836    .constdata          usb_config.o
    0x00013ed0   0x00013ed0   0x00000004   Data   RO         2837    .constdata          usb_config.o
    0x00013ed4   0x00013ed4   0x00000004   Data   RO         2838    .constdata          usb_config.o
    0x00013ed8   0x00013ed8   0x00000004   Data   RO         2839    .constdata          usb_config.o
    0x00013edc   0x00013edc   0x00000021   Data   RO         2841    .constdata          usb_config.o
    0x00013efd   0x00013efd   0x00000001   PAD
    0x00013efe   0x00013efe   0x00000002   Data   RO         2842    .constdata          usb_config.o
    0x00013f00   0x00013f00   0x00000002   Data   RO         2843    .constdata          usb_config.o
    0x00013f02   0x00013f02   0x00000012   Data   RO         2844    .constdata          usb_config.o
    0x00013f14   0x00013f14   0x00000001   Data   RO         2845    .constdata          usb_config.o
    0x00013f15   0x00013f15   0x00000001   Data   RO         2846    .constdata          usb_config.o
    0x00013f16   0x00013f16   0x000000aa   Data   RO         2847    .constdata          usb_config.o
    0x00013fc0   0x00013fc0   0x00000039   Data   RO         2848    .constdata          usb_config.o
    0x00013ff9   0x00013ff9   0x0000008c   Data   RO         2849    .constdata          usb_config.o
    0x00014085   0x00014085   0x00000001   Data   RO         2850    .constdata          usb_config.o
    0x00014086   0x00014086   0x00000001   Data   RO         2851    .constdata          usb_config.o
    0x00014087   0x00014087   0x00000001   Data   RO         2852    .constdata          usb_config.o
    0x00014088   0x00014088   0x000000e2   Data   RO         2853    .constdata          usb_config.o
    0x0001416a   0x0001416a   0x00000009   Data   RO         3862    .constdata          settings_rom.o
    0x00014173   0x00014173   0x00000001   PAD
    0x00014174   0x00014174   0x000000e4   Data   RO         3916    .constdata          target_16.o
    0x00014258   0x00014258   0x00000038   Data   RO         3917    .constdata          target_16.o
    0x00014290   0x00014290   0x00000014   Data   RO           12    .conststring        microbit.o
    0x000142a4   0x000142a4   0x00000011   Data   RO           13    .conststring        microbit.o
    0x000142b5   0x000142b5   0x00000003   PAD
    0x000142b8   0x000142b8   0x000007a1   Data   RO          646    .conststring        error.o
    0x00014a59   0x00014a59   0x00000003   PAD
    0x00014a5c   0x00014a5c   0x0000009e   Data   RO         1883    .conststring        vfs_user.o
    0x00014afa   0x00014afa   0x00000002   PAD
    0x00014afc   0x00014afc   0x0000001c   Data   RO         2854    .conststring        usb_config.o
    0x00014b18   0x00014b18   0x00000020   Data   RO         4958    Region$$Table       anon$$obj.o


    Execution Region ER_IROM1_CRC (Exec base: 0x0001fbfc, Load base: 0x0001fbfc, Size: 0x00000004, Max: 0x00000004, ABSOLUTE, FIXED)

    Exec Addr    Load Addr    Size         Type   Attr      Idx    E Section Name        Object

    0x0001fbfc        -       0x00000004   Zero   RW            1    ER_IROM1_CRC.bss    anon$$obj.o


    Execution Region RW_IRAM1 (Exec base: 0x1ffff000, Load base: 0x00014b38, Size: 0x00003850, Max: 0x00003f00, ABSOLUTE, COMPRESSED[0x00000098])

    Exec Addr    Load Addr    Size         Type   Attr      Idx    E Section Name        Object

    0x1ffff000   COMPRESSED   0x00000004   Data   RW           14    .data               microbit.o
    0x1ffff004   COMPRESSED   0x00000001   Data   RW          111    .data               dap.o
    0x1ffff005   COMPRESSED   0x00000003   PAD
    0x1ffff008   COMPRESSED   0x00000014   Data   RW          389    .data               usbd_user_hid.o
    0x1ffff01c   COMPRESSED   0x00000024   Data   RW          647    .data               error.o
    0x1ffff040   COMPRESSED   0x0000001e   Data   RW          742    .data               info.o
    0x1ffff05e   COMPRESSED   0x00000002   PAD
    0x1ffff060   COMPRESSED   0x0000000c   Data   RW          888    .data               main.o
    0x1ffff06c   COMPRESSED   0x00000004   Data   RW         1066    .data               rtx_config.o
    0x1ffff070   COMPRESSED   0x00000008   Data   RW         1172    .data               swd_host.o
    0x1ffff078   COMPRESSED   0x00000001   Data   RW         1321    .data               target_flash.o
    0x1ffff079   COMPRESSED   0x00000003   PAD
    0x1ffff07c   COMPRESSED   0x0000002c   Data   RW         1496    .data               file_stream.o
    0x1ffff0a8   COMPRESSED   0x00000010   Data   RW         1584    .data               flash_decoder.o
    0x1ffff0b8   COMPRESSED   0x0000001c   Data   RW         1643    .data               flash_manager.o
    0x1ffff0d4   COMPRESSED   0x0000001c   Data   RW         1686    .data               iap_flash_intf.o
    0x1ffff0f0   COMPRESSED   0x00000008   Data   RW         1734    .data               intelhex.o
    0x1ffff0f8   COMPRESSED   0x0000000c   Data   RW         1770    .data               vfs_manager.o
    0x1ffff104   COMPRESSED   0x0000000c   Data   RW         1884    .data               vfs_user.o
    0x1ffff110   COMPRESSED   0x0000001c   Data   RW         1995    .data               virtual_fs.o
    0x1ffff12c   COMPRESSED   0x0000001c   Data   RW         2233    .data               selectr.o
    0x1ffff148   COMPRESSED   0x00000008   Data   RW         2357    .data               fsl_flash.o
    0x1ffff150   COMPRESSED   0x00000004   Data   RW         2657    .data               system_mkl26z4.o
    0x1ffff154   COMPRESSED   0x00000004   Data   RW         2855    .data               usb_config.o
    0x1ffff158   COMPRESSED   0x0000003f   Data   RW         2856    .data               usb_config.o
    0x1ffff197   COMPRESSED   0x00000005   Data   RW         2857    .data               usb_config.o
    0x1ffff19c   COMPRESSED   0x00000002   Data   RW         2858    .data               usb_config.o
    0x1ffff19e   COMPRESSED   0x00000001   Data   RW         2859    .data               usb_config.o
    0x1ffff19f   COMPRESSED   0x00000001   Data   RW         2860    .data               usb_config.o
    0x1ffff1a0   COMPRESSED   0x00000001   Data   RW         2861    .data               usb_config.o
    0x1ffff1a1   COMPRESSED   0x00000002   Data   RW         2862    .data               usb_config.o
    0x1ffff1a3   COMPRESSED   0x00000001   PAD
    0x1ffff1a4   COMPRESSED   0x00000019   Data   RW         2993    .data               usbd_kinetis.o
    0x1ffff1bd   COMPRESSED   0x00000003   PAD
    0x1ffff1c0   COMPRESSED   0x00000008   Data   RW         3146    .data               is25lp128f.o
    0x1ffff1c8   COMPRESSED   0x00000008   Data   RW         3580    .data               rt_system.o
    0x1ffff1d0   COMPRESSED   0x00000008   Data   RW         3659    .data               rt_task.o
    0x1ffff1d8   COMPRESSED   0x00000004   Data   RW         3724    .data               rt_time.o
    0x1ffff1dc   COMPRESSED   0x00000008   Data   RW         3756    .data               rt_timer.o
    0x1ffff1e4   COMPRESSED   0x00000068   Data   RW         3918    .data               target_16.o
    0x1ffff24c   COMPRESSED   0x0000003f   Data   RW         4018    .data               usbd_cdc_acm.o
    0x1ffff28b   COMPRESSED   0x00000001   PAD
    0x1ffff28c   COMPRESSED   0x00000024   Data   RW         4221    .data               usbd_core.o
    0x1ffff2b0   COMPRESSED   0x00000024   Data   RW         4390    .data               usbd_hid.o
    0x1ffff2d4   COMPRESSED   0x00000034   Data   RW         4520    .data               usbd_msc.o
    0x1ffff308   COMPRESSED   0x00000004   Data   RW         4521    .data               usbd_msc.o
    0x1ffff30c   COMPRESSED   0x0000000c   Data   RW         4702    .data               usbd_user_cdc_acm.o
    0x1ffff318        -       0x00000018   Zero   RW          109    .bss                dap.o
    0x1ffff330        -       0x00000140   Zero   RW          388    .bss                usbd_user_hid.o
    0x1ffff470        -       0x0000010d   Zero   RW          741    .bss                info.o
    0x1ffff57d   COMPRESSED   0x00000003   PAD
    0x1ffff580        -       0x000003a8   Zero   RW          887    .bss                main.o
    0x1ffff928        -       0x000000cc   Zero   RW         1051    .bss                rtx_config.o
    0x1ffff9f4   COMPRESSED   0x00000004   PAD
    0x1ffff9f8        -       0x00000098   Zero   RW         1052    .bss                rtx_config.o
    0x1ffffa90        -       0x00000024   Zero   RW         1053    .bss                rtx_config.o
    0x1ffffab4        -       0x00000010   Zero   RW         1054    .bss                rtx_config.o
    0x1ffffac4        -       0x00000104   Zero   RW         1495    .bss                file_stream.o
    0x1ffffbc8        -       0x00000030   Zero   RW         1583    .bss                flash_decoder.o
    0x1ffffbf8        -       0x00000400   Zero   RW         1642    .bss                flash_manager.o
    0x1ffffff8        -       0x00000400   Zero   RW         1683    .bss                iap_flash_intf.o
    0x200003f8        -       0x0000004a   Zero   RW         1733    .bss                intelhex.o
    0x20000442   COMPRESSED   0x00000002   PAD
    0x20000444        -       0x00000234   Zero   RW         1768    .bss                vfs_manager.o
    0x20000678        -       0x00000241   Zero   RW         1881    .bss                vfs_user.o
    0x200008b9   COMPRESSED   0x00000003   PAD
    0x200008bc        -       0x00000b80   Zero   RW         1993    .bss                virtual_fs.o
    0x2000143c        -       0x00000213   Zero   RW         2232    .bss                selectr.o
    0x2000164f   COMPRESSED   0x00000001   PAD
    0x20001650        -       0x00000034   Zero   RW         2285    .bss                flashprg.o
    0x20001684        -       0x0000008c   Zero   RW         2353    .bss                fsl_flash.o
    0x20001710        -       0x00000420   Zero   RW         2698    .bss                uart.o
    0x20001b30        -       0x00000040   Zero   RW         2789    .bss                usb_config.o
    0x20001b70        -       0x00000041   Zero   RW         2790    .bss                usb_config.o
    0x20001bb1        -       0x00000041   Zero   RW         2791    .bss                usb_config.o
    0x20001bf2        -       0x00000040   Zero   RW         2792    .bss                usb_config.o
    0x20001c32        -       0x00000040   Zero   RW         2793    .bss                usb_config.o
    0x20001c72        -       0x00000040   Zero   RW         2794    .bss                usb_config.o
    0x20001cb2   COMPRESSED   0x0000014e   PAD
    0x20001e00        -       0x000005b5   Zero   RW         2992    .bss                usbd_kinetis.o
    0x200023b5        -       0x00000100   Zero   RW         3145    .bss                is25lp128f.o
    0x200024b5   COMPRESSED   0x00000003   PAD
    0x200024b8        -       0x00000030   Zero   RW         3343    .bss                rt_list.o
    0x200024e8        -       0x00000030   Zero   RW         3658    .bss                rt_task.o
    0x20002518        -       0x0000008c   Zero   RW         3791    .bss                settings.o
    0x200025a4        -       0x0000001c   Zero   RW         3861    .bss                settings_rom.o
    0x200025c0        -       0x0000002c   Zero   RW         4519    .bss                usbd_msc.o
    0x200025ec        -       0x00000060   Zero   RW         4760    .bss                c_p.l(libspace.o)
    0x2000264c   COMPRESSED   0x00000004   PAD
    0x20002650        -       0x00000100   Zero   RW         2644    HEAP                startup_mkl26z4.o
    0x20002750        -       0x00000100   Zero   RW         2643    STACK               startup_mkl26z4.o


    Execution Region RW_CONFIG (Exec base: 0x20002f00, Load base: 0x00014bd0, Size: 0x0000008c, Max: 0x00000100, ABSOLUTE, UNINIT)

    Exec Addr    Load Addr    Size         Type   Attr      Idx    E Section Name        Object

    0x20002f00        -       0x0000008c   Zero   RW         3792    cfgram              settings.o



  Load Region LR_CONFIG (Base: 0x0001fc00, Size: 0x00000000, Max: 0x00000400, ABSOLUTE)

    Execution Region ER_CONFIG (Exec base: 0x0001fc00, Load base: 0x0001fc00, Size: 0x0000000c, Max: 0x00000400, ABSOLUTE, UNINIT)

    Exec Addr    Load Addr    Size         Type   Attr      Idx    E Section Name        Object

    0x0001fc00        -       0x00000009   Zero   RW         3863    cfgrom              settings_rom.o


==============================================================================

Image component sizes


      Code (inc. data)   RO Data    RW Data    ZI Data      Debug   Object Name

         2          0          0          0          0       1764   bootloader_update.o
       656         50          0          0          0       7902   circ_buf.o
        24          8          0          0          0       6302   cortex_m.o
       250         10          0          0          0       3729   crc32.o
      2406        132          5          1         24     190638   dap.o
       320         36          0          0          0      23819   dap_vendor.o
         8          0         11          0          0       2027   daplink.o
        92         48       2097         36          0       1860   error.o
      1072        322          0         44        260      14887   file_stream.o
      1036        316          0         16         48       7599   flash_decoder.o
        48          0          0          0          0       1950   flash_hal.o
         0          0          0          0          0       1902   flash_intf.o
       956        244          0         28       1024       5101   flash_manager.o
       180         22          0          0         52       9798   flashprg.o
      1106         94         30          8        140      18680   fsl_flash.o
       202         40          0          0          0       4283   gpio.o
       472         52          0          0          0       3492   hal_cm1.o
        98          0          0          0          0       1688   hardfault_handler.o
      1384        318         36         28       1024      10828   iap_flash_intf.o
       646        148          0         30        269      11421   info.o
       636         34          0          8         74       3948   intelhex.o
      1262         38          0          8        256       9455   is25lp128f.o
      1034        146          0         12        936      15888   main.o
       108         20         71          4          0     188638   microbit.o
        24          4          0          0          0       1037   read_uid.o
       304         30          0          0          0       3624   rt_event.o
       588         34          0          0         48       8735   rt_list.o
       172          4          0          0          0        757   rt_mailbox.o
       144          0          0          0          0       2113   rt_membox.o
       300         14          0          0          0       1993   rt_mutex.o
        52          6          0          0          0        577   rt_semaphore.o
       294         52          0          8          0       6199   rt_system.o
       700        134          0          8         48       7324   rt_task.o
        90         22          0          4          0       2117   rt_time.o
        64          8          0          8          0        759   rt_timer.o
       172         54         28          4        408       4748   rtx_config.o
         2          0          0          0          0        415   sdk_stub.o
       564         76          0         28        531       4530   selectr.o
       556         94          0          0        280       6487   settings.o
       352         56          9          0         37       5968   settings_rom.o
       280         50          0          0          0       3335   spi.o
        72         42        192          0        512        952   startup_mkl26z4.o
         4          4          0          0          0        236   svc_table.o
      1348         36          0          0          0      20921   sw_dp.o
      2490        166          0          8          0      19195   swd_host.o
       152         32          0          4          0        843   system_mkl26z4.o
         0          0        284        104          0       1560   target_16.o
       572         36         36          1          0       8564   target_flash.o
        78          8          0          0          0       4830   target_reset.o
       748        230          0          0       1056      11920   uart.o
        50          0        824         79        386      18260   usb_config.o
       994        146          0         63          0      13023   usbd_cdc_acm.o
      2178        190          0         36          0       9221   usbd_core.o
       284         36          0          0          0       1292   usbd_core_cdc.o
       432        104          0          0          0       2716   usbd_core_hid.o
       124         18          0          0          0       1168   usbd_core_msc.o
       156         26          0          0          0       1454   usbd_core_webusb.o
       112         26          0          0          0       1290   usbd_core_winusb.o
      1260        192          0         36          0       9789   usbd_hid.o
      1782        286          0         25       1461      21177   usbd_kinetis.o
      3730        508          0         56         44      17024   usbd_msc.o
       276         22          0         12          0       5115   usbd_user_cdc_acm.o
       376         90          0         20        320      23486   usbd_user_hid.o
       330          6         17          0          0       7045   util.o
       264          4          0          0          0       2667   validation.o
      2068        448         40         12        564      14741   vfs_manager.o
       294         26          0          0          0       6425   vfs_nvm.o
      2774        884        446         12        577      12344   vfs_user.o
      3084        634        684         28       2944      29189   virtual_fs.o

    ----------------------------------------------------------------------
     44754       6916       4868        792      13680     874764   Object Totals
         0          0         32          0          4          0   (incl. Generated)
        66          0         26         13        353          0   (incl. Padding)

    ----------------------------------------------------------------------

      Code (inc. data)   RO Data    RW Data    ZI Data      Debug   Library Member Name

        86          0          0          0          0          0   __dczerorl2.o
         8          0          0          0          0         68   __main.o
         0          0          0          0          0          0   __rtentry.o
        12          0          0          0          0          0   __rtentry2.o
         6          0          0          0          0          0   __rtentry4.o
        60          8          0          0          0          0   __scatter.o
        28          0          0          0          0          0   __scatter_zi.o
        20          0          0          0          0         68   abort.o
        18          0          0          0          0         68   aeabi_memset.o
       488          0          0          0          0         92   aeabi_sdivfast.o
        48         34          0          0          0         68   defsig_abrt_inner.o
        12          0          0          0          0         68   defsig_abrt_outer.o
        12          0          0          0          0         68   defsig_exit.o
        52          0          0          0          0         72   defsig_general.o
        16          0          0          0          0         68   exit.o
         6          0          0          0          0        136   heapauxi.o
         0          0          0          0          0          0   indicate_semi.o
         2          0          0          0          0          0   libinit.o
         2          0          0          0          0          0   libinit2.o
         2          0          0          0          0          0   libshutdown.o
         2          0          0          0          0          0   libshutdown2.o
         8          4          0          0         96         68   libspace.o
        90          0          0          0          0         68   memcmp.o
       666          0          0          0          0        120   qsortnoex.o
        64          0          0          0          0        108   rt_memclr.o
       186          0          0          0          0        144   rt_memcpy.o
       150          0          0          0          0        104   rt_memmove.o
         2          0          0          0          0          0   rtexit.o
        10          0          0          0          0          0   rtexit2.o
        24          0          0          0          0         60   strcat.o
        68          6          0          0          0         72   strlen.o
       160          6          0          0          0         76   strncmp.o
        12          4          0          0          0         60   sys_exit.o
        62          0          0          0          0         80   sys_stackheap_outer.o
        12          0          0          0          0         68   sys_wrch.o
         2          0          0          0          0         68   use_no_semi.o

    ----------------------------------------------------------------------
      2402         62          0          0        100       1872   Library Totals
         6          0          0          0          4          0   (incl. Padding)

    ----------------------------------------------------------------------

      Code (inc. data)   RO Data    RW Data    ZI Data      Debug   Library Name

      2396         62          0          0         96       1872   c_p.l

    ----------------------------------------------------------------------
      2402         62          0          0        100       1872   Library Totals

    ----------------------------------------------------------------------

==============================================================================


      Code (inc. data)   RO Data    RW Data    ZI Data      Debug   

     47156       6978       4868        792      13780     857120   Grand Totals
     47156       6978       4868        152      13780     857120   ELF Image Totals (compressed)
     47156       6978       4868        152          0          0   ROM Totals

==============================================================================

    Total RO  Size (Code + RO Data)                52024 (  50.80kB)
    Total RW  Size (RW Data + ZI Data)             14572 (  14.23kB)
    Total ROM Size (Code + RO Data + RW Data)      52176 (  50.95kB)

==============================================================================

